[2J[01;01H[=3h[2J[01;01H[2J[01;01H[8;042;160t0[2J[01;01H[2J[01;01H[8;056;240t0[2J[01;01HBdsDxe: loading Boot0002 "UEFI QEMU DVD-ROM QM00005 " from PciRoot(0x0)/Pci(0x1F,0x2)/Sata(0x2,0xFFFF,0x0)
BdsDxe: starting Boot0002 "UEFI QEMU DVD-ROM QM00005 " from PciRoot(0x0)/Pci(0x1F,0x2)/Sata(0x2,0xFFFF,0x0)
WARNING: no console will be available to OS
error: no suitable video mode found.
INFO: Initializing frame metadata for physical memory up to 80000000
INFO: Adding free frames to the allocator: 0..3000
INFO: Adding free frames to the allocator: 4000..8000
INFO: Adding free frames to the allocator: 9000..a0000
INFO: Adding free frames to the allocator: 100000..800000
INFO: Adding free frames to the allocator: 808000..80b000
INFO: Adding free frames to the allocator: 80c000..811000
INFO: Adding free frames to the allocator: 900000..8000000
INFO: Adding free frames to the allocator: 91d2000..a244000
INFO: Adding free frames to the allocator: ce0c000..7f8ed000
INFO: Adding free frames to the allocator: 7fbff000..7fec0000
INFO: Adding free frames to the allocator: 7fec6000..7fef4000
INFO: Initializing the kernel page table
INFO: Creating new I/O memory allocator builder, ranges: [
    0x80000000..0x100000000,
    0x100000000..0x10000000000000,
]
INFO: x2APIC found!
INFO: irq: Initializing PIC as disabled
INFO: irq: IOAPIC found at 0xfec00000, ID 0, version 32, interrupt base 0, interrupt count 23
INFO: irq: IOAPIC override: ISA interrupt 0 for GSI 2
INFO: irq: IOAPIC override: ISA interrupt 5 for GSI 5
INFO: irq: IOAPIC override: ISA interrupt 9 for GSI 9
INFO: irq: IOAPIC override: ISA interrupt 10 for GSI 10
INFO: irq: IOAPIC override: ISA interrupt 11 for GSI 11
INFO: x2APIC ID: 0, Version: 14, Max LVT: 5
INFO: TSC frequency: 2443448730 Hz
INFO: timer: Enable APIC TSC deadline mode
WARN: IOMMU initialization error: NoIommu
INFO: acpi: Collected information AcpiInfo { century_register: Some(50), boot_flags: Some(IaPcBootArchFlags(2)), reset_port_and_val: Some((3321, 15)), pci_ecam_region: Some(PciEcamRegion { base_address: 3758096384, bus_start: 0, bus_end: 255 }) }
INFO: QEMU hypervisor detected, assuming that the isa-debug-exit device exists
OSTD initialized. Preparing components.
WARN: framebuffer: Framebuffer not found
INFO: pci: initializing the PCI bus with bus numbers `0..=255`
INFO: i8042: ACPI says i8042 controller is present
INFO: i8042: PS/2 keyboard device ID: 0xAB
INFO: input: registered device i8042_keyboard
INFO: i8042: PS/2 mouse device ID: 0x00
INFO: i8042: PS/2 mouse upgraded device ID: 0x03
INFO: input: registered device i8042_mouse
[32m[     0.675][0m [34mINFO  [0m: [39m[0m[39mComponent initialize complete[0m
[32m[     0.676][0m [34mINFO  [0m: [39m[0m[39mComponent initializing: ComponentInfo { name: "aster-uart", path: "/tmp/dpf-platform-baseline-20261003/kernel/core/comps/uart", priority: 1 }[0m
[32m[     0.677][0m [34mINFO  [0m: [39muart: [0m[39mRegistered NS16550A as a console[0m
[32m[     0.678][0m [34mINFO  [0m: [39m[0m[39mComponent initialize complete[0m
[32m[     0.679][0m [34mINFO  [0m: [39m[0m[39mComponent initializing: ComponentInfo { name: "aster-virtio", path: "/tmp/dpf-platform-baseline-20261003/kernel/core/comps/virtio", priority: 2 }[0m
[32m[     0.683][0m [34mINFO  [0m: [39m[0m[39mComponent initialize complete[0m
[32m[     0.684][0m [34mINFO  [0m: [39m[0m[39mAll components initialization in Bootstrap stage completed[0m
[32m[     0.685][0m [34mINFO  [0m: [39m[0m[39muse randomness generated by hardware[0m
[32m[     0.686][0m [34mINFO  [0m: [39m[0m[39mFound an input device, name: i8042_keyboard[0m
[32m[     0.687][0m [34mINFO  [0m: [39m[0m[39mFound an input device, name: i8042_mouse[0m
[32m[     0.699][0m [34mINFO  [0m: [39m[0m[39m[kernel] LSM module enabled: capability[0m
[32m[     0.700][0m [34mINFO  [0m: [39m[0m[39m[kernel] LSM module enabled: yama[0m
[32m[     0.701][0m [34mINFO  [0m: [39m[0m[39mIdle thread for CPU #0 started[0m
Spawn the first kernel thread
[32m[     0.703][0m [34mINFO  [0m: [39m[0m[39mExists components that are not initialized[0m
[32m[     0.704][0m [34mINFO  [0m: [39m[0m[39mComponents initializing in Kthread stage...[0m
[32m[     0.705][0m [34mINFO  [0m: [39m[0m[39mAll components initialization in Kthread stage completed[0m
[32m[     0.706][0m [34mINFO  [0m: [39minput: [0m[39msuccessfully connected handler class evdev to device i8042_keyboard[0m
[32m[     0.707][0m [34mINFO  [0m: [39minput: [0m[39msuccessfully connected handler class evdev to device i8042_mouse[0m
[32m[     0.708][0m [34mINFO  [0m: [39minput: [0m[39mregistered handler class evdev[0m
[32m[     0.709][0m [34mINFO  [0m: [39m[0m[39mEvdev device support initialized[0m
[kernel] unpacking initramfs.cpio.gz to rootfs ...
[kernel] initramfs is ready

                                  [38;2;87;180;249m.[39m[38;2;89;185;249m.[39m[38;2;91;189;250m.[39m[38;2;93;193;250m.[39m[38;2;94;197;250m.[39m[38;2;96;201;250m.[39m
                                [38;2;83;172;249m.[39m[38;2;85;176;249m-[39m[38;2;87;180;249m+[39m[38;2;89;185;249m+[39m[38;2;91;189;250m+[39m[38;2;93;193;250m+[39m[38;2;94;197;250m=[39m[38;2;96;201;250m:[39m
                               [38;2;82;168;249m.[39m[38;2;83;172;249m=[39m[38;2;85;176;249m+[39m[38;2;87;180;249m+[39m[38;2;89;185;249m+[39m[38;2;91;189;250m+[39m[38;2;93;193;250m+[39m[38;2;94;197;250m=[39m[38;2;96;201;250m:[39m
                              [38;2;80;163;249m:[39m[38;2;82;168;249m+[39m[38;2;83;172;249m+[39m[38;2;85;176;249m+[39m[38;2;87;180;249m+[39m[38;2;89;185;249m+[39m[38;2;91;189;250m+[39m[38;2;93;193;250m+[39m[38;2;94;197;250m=[39m[38;2;96;201;250m:[39m
                            [38;2;76;155;248m.[39m[38;2;78;159;248m-[39m[38;2;80;163;249m+[39m[38;2;82;168;249m+[39m[38;2;83;172;249m+[39m[38;2;85;176;249m+[39m[38;2;87;180;249m+[39m[38;2;89;185;249m+[39m[38;2;91;189;250m+[39m[38;2;93;193;250m+[39m[38;2;94;197;250m=[39m[38;2;96;201;250m.[39m
                           [38;2;74;151;248m.[39m[38;2;76;155;248m=[39m[38;2;78;159;248m*[39m[38;2;80;163;249m*[39m[38;2;82;168;249m+[39m[38;2;83;172;249m+[39m[38;2;85;176;249m=[39m[38;2;87;180;249m=[39m[38;2;89;185;249m+[39m[38;2;91;189;250m+[39m[38;2;93;193;250m+[39m[38;2;94;197;250m=[39m[38;2;96;201;250m.[39m
                          [38;2;73;147;248m:[39m[38;2;74;151;248m*[39m[38;2;76;155;248m*[39m[38;2;78;159;248m*[39m[38;2;80;163;249m*[39m[38;2;82;168;249m+[39m[38;2;83;172;249m-[39m[38;2;85;176;249m.[39m[38;2;87;180;249m=[39m[38;2;89;185;249m+[39m[38;2;91;189;250m+[39m[38;2;93;193;250m+[39m[38;2;94;197;250m=[39m[38;2;96;201;250m.[39m
                        [38;2;69;138;248m.[39m[38;2;71;142;248m=[39m[38;2;73;147;248m*[39m[38;2;74;151;248m*[39m[38;2;76;155;248m*[39m[38;2;78;159;248m*[39m[38;2;80;163;249m+[39m[38;2;82;168;249m:[39m [38;2;85;176;249m.[39m[38;2;87;180;249m+[39m[38;2;89;185;249m+[39m[38;2;91;189;250m+[39m[38;2;93;193;250m+[39m[38;2;94;197;250m=[39m[38;2;96;201;250m.[39m
                       [38;2;67;134;248m.[39m[38;2;69;138;248m+[39m[38;2;71;142;248m*[39m[38;2;73;147;248m*[39m[38;2;74;151;248m*[39m[38;2;76;155;248m*[39m[38;2;78;159;248m=[39m[38;2;80;163;249m.[39m  [38;2;85;176;249m.[39m[38;2;87;180;249m+[39m[38;2;89;185;249m+[39m[38;2;91;189;250m+[39m[38;2;93;193;250m+[39m[38;2;94;197;250m-[39m
                     [38;2;63;125;247m.[39m[38;2;65;130;247m-[39m[38;2;67;134;248m*[39m[38;2;69;138;248m*[39m[38;2;71;142;248m*[39m[38;2;73;147;248m*[39m[38;2;74;151;248m*[39m[38;2;76;155;248m=[39m[38;2;78;159;248m.[39m   [38;2;85;176;249m:[39m[38;2;87;180;249m+[39m[38;2;89;185;249m+[39m[38;2;91;189;250m+[39m[38;2;93;193;250m+[39m[38;2;94;197;250m-[39m
    [38;2;33;54;245m.[39m[38;2;34;58;245m:[39m[38;2;36;62;245m:[39m[38;2;38;66;245m-[39m[38;2;40;70;245m=[39m[38;2;42;75;245m=[39m[38;2;43;79;245m=[39m[38;2;45;83;246m=[39m[38;2;47;87;246m=[39m[38;2;49;92;246m=[39m[38;2;51;96;246m=[39m[38;2;53;100;246m=[39m[38;2;54;104;246m=[39m[38;2;56;108;247m=[39m[38;2;58;113;247m=[39m[38;2;60;117;247m=[39m[38;2;62;121;247m=[39m[38;2;63;125;247m+[39m[38;2;65;130;247m*[39m[38;2;67;134;248m*[39m[38;2;69;138;248m*[39m[38;2;71;142;248m*[39m[38;2;73;147;248m*[39m[38;2;74;151;248m+[39m[38;2;76;155;248m-[39m[38;2;78;159;248m-[39m[38;2;80;163;249m-[39m[38;2;82;168;249m-[39m[38;2;83;172;249m-[39m[38;2;85;176;249m=[39m[38;2;87;180;249m+[39m[38;2;89;185;249m+[39m[38;2;91;189;250m+[39m[38;2;93;193;250m+[39m[38;2;94;197;250m=[39m[38;2;96;201;250m-[39m[38;2;98;206;250m:[39m[38;2;100;210;250m:[39m[38;2;102;214;251m:[39m[38;2;103;218;251m:[39m[38;2;105;223;251m:[39m[38;2;107;227;251m:[39m[38;2;109;231;251m:[39m[38;2;111;235;251m.[39m
        [38;2;40;70;245m.[39m[38;2;42;75;245m.[39m[38;2;43;79;245m:[39m[38;2;45;83;246m-[39m[38;2;47;87;246m*[39m[38;2;49;92;246m#[39m[38;2;51;96;246m#[39m[38;2;53;100;246m#[39m[38;2;54;104;246m#[39m[38;2;56;108;247m#[39m[38;2;58;113;247m#[39m[38;2;60;117;247m#[39m[38;2;62;121;247m#[39m[38;2;63;125;247m#[39m[38;2;65;130;247m*[39m[38;2;67;134;248m*[39m[38;2;69;138;248m*[39m[38;2;71;142;248m*[39m[38;2;73;147;248m*[39m[38;2;74;151;248m*[39m[38;2;76;155;248m*[39m[38;2;78;159;248m*[39m[38;2;80;163;249m*[39m[38;2;82;168;249m+[39m[38;2;83;172;249m+[39m[38;2;85;176;249m+[39m[38;2;87;180;249m+[39m[38;2;89;185;249m+[39m[38;2;91;189;250m+[39m[38;2;93;193;250m+[39m[38;2;94;197;250m=[39m[38;2;96;201;250m=[39m[38;2;98;206;250m=[39m[38;2;100;210;250m=[39m[38;2;102;214;251m=[39m[38;2;103;218;251m=[39m[38;2;105;223;251m=[39m[38;2;107;227;251m:[39m[38;2;109;231;251m.[39m
              [38;2;51;96;246m.[39m[38;2;53;100;246m:[39m[38;2;54;104;246m+[39m[38;2;56;108;247m*[39m[38;2;58;113;247m#[39m[38;2;60;117;247m#[39m[38;2;62;121;247m#[39m[38;2;63;125;247m#[39m[38;2;65;130;247m#[39m[38;2;67;134;248m*[39m[38;2;69;138;248m*[39m[38;2;71;142;248m*[39m[38;2;73;147;248m*[39m[38;2;74;151;248m+[39m[38;2;76;155;248m+[39m[38;2;78;159;248m+[39m[38;2;80;163;249m+[39m[38;2;82;168;249m+[39m[38;2;83;172;249m+[39m[38;2;85;176;249m+[39m[38;2;87;180;249m+[39m[38;2;89;185;249m+[39m[38;2;91;189;250m+[39m[38;2;93;193;250m+[39m[38;2;94;197;250m=[39m[38;2;96;201;250m=[39m[38;2;98;206;250m=[39m[38;2;100;210;250m=[39m[38;2;102;214;251m=[39m[38;2;103;218;251m-[39m[38;2;105;223;251m.[39m[38;2;107;227;251m.[39m
                 [38;2;56;108;247m.[39m[38;2;58;113;247m.[39m[38;2;60;117;247m-[39m[38;2;62;121;247m+[39m[38;2;63;125;247m#[39m[38;2;65;130;247m*[39m[38;2;67;134;248m*[39m[38;2;69;138;248m*[39m[38;2;71;142;248m*[39m[38;2;73;147;248m*[39m[38;2;74;151;248m*[39m[38;2;76;155;248m=[39m[38;2;78;159;248m.[39m[38;2;80;163;249m.[39m  [38;2;85;176;249m-[39m[38;2;87;180;249m+[39m[38;2;89;185;249m+[39m[38;2;91;189;250m+[39m[38;2;93;193;250m+[39m[38;2;94;197;250m.[39m
                [38;2;54;104;246m-[39m[38;2;56;108;247m+[39m[38;2;58;113;247m=[39m[38;2;60;117;247m.[39m[38;2;62;121;247m.[39m[38;2;63;125;247m.[39m[38;2;65;130;247m:[39m[38;2;67;134;248m*[39m[38;2;69;138;248m*[39m[38;2;71;142;248m*[39m[38;2;73;147;248m*[39m[38;2;74;151;248m*[39m[38;2;76;155;248m*[39m[38;2;78;159;248m*[39m[38;2;80;163;249m=[39m[38;2;82;168;249m.[39m[38;2;83;172;249m.[39m[38;2;85;176;249m=[39m[38;2;87;180;249m+[39m[38;2;89;185;249m+[39m[38;2;91;189;250m+[39m[38;2;93;193;250m+[39m[38;2;94;197;250m.[39m
              [38;2;51;96;246m.[39m[38;2;53;100;246m+[39m[38;2;54;104;246m*[39m[38;2;56;108;247m+[39m[38;2;58;113;247m+[39m[38;2;60;117;247m+[39m[38;2;62;121;247m=[39m[38;2;63;125;247m.[39m [38;2;67;134;248m.[39m[38;2;69;138;248m.[39m[38;2;71;142;248m=[39m[38;2;73;147;248m*[39m[38;2;74;151;248m*[39m[38;2;76;155;248m*[39m[38;2;78;159;248m*[39m[38;2;80;163;249m*[39m[38;2;82;168;249m+[39m[38;2;83;172;249m-[39m[38;2;85;176;249m=[39m[38;2;87;180;249m+[39m[38;2;89;185;249m+[39m[38;2;91;189;250m+[39m[38;2;93;193;250m+[39m[38;2;94;197;250m.[39m
            [38;2;47;87;246m.[39m[38;2;49;92;246m:[39m[38;2;51;96;246m*[39m[38;2;53;100;246m*[39m[38;2;54;104;246m*[39m[38;2;56;108;247m+[39m[38;2;58;113;247m=[39m[38;2;60;117;247m.[39m[38;2;62;121;247m.[39m     [38;2;73;147;248m.[39m[38;2;74;151;248m-[39m[38;2;76;155;248m+[39m[38;2;78;159;248m*[39m[38;2;80;163;249m*[39m[38;2;82;168;249m+[39m[38;2;83;172;249m+[39m[38;2;85;176;249m+[39m[38;2;87;180;249m+[39m[38;2;89;185;249m+[39m[38;2;91;189;250m+[39m[38;2;93;193;250m=[39m[38;2;94;197;250m.[39m
           [38;2;45;83;246m.[39m[38;2;47;87;246m-[39m[38;2;49;92;246m*[39m[38;2;51;96;246m*[39m[38;2;53;100;246m*[39m[38;2;54;104;246m+[39m[38;2;56;108;247m:[39m          [38;2;76;155;248m.[39m[38;2;78;159;248m-[39m[38;2;80;163;249m+[39m[38;2;82;168;249m+[39m[38;2;83;172;249m+[39m[38;2;85;176;249m+[39m[38;2;87;180;249m+[39m[38;2;89;185;249m+[39m[38;2;91;189;250m+[39m[38;2;93;193;250m=[39m
          [38;2;43;79;245m.[39m[38;2;45;83;246m*[39m[38;2;47;87;246m#[39m[38;2;49;92;246m*[39m[38;2;51;96;246m=[39m[38;2;53;100;246m.[39m              [38;2;80;163;249m.[39m[38;2;82;168;249m=[39m[38;2;83;172;249m+[39m[38;2;85;176;249m+[39m[38;2;87;180;249m+[39m[38;2;89;185;249m+[39m[38;2;91;189;250m+[39m[38;2;93;193;250m=[39m
        [38;2;40;70;245m.[39m[38;2;42;75;245m-[39m[38;2;43;79;245m*[39m[38;2;45;83;246m#[39m[38;2;47;87;246m+[39m[38;2;49;92;246m.[39m[38;2;51;96;246m.[39m                [38;2;82;168;249m.[39m[38;2;83;172;249m:[39m[38;2;85;176;249m=[39m[38;2;87;180;249m+[39m[38;2;89;185;249m+[39m[38;2;91;189;250m+[39m[38;2;93;193;250m-[39m
       [38;2;38;66;245m.[39m[38;2;40;70;245m=[39m[38;2;42;75;245m#[39m[38;2;43;79;245m=[39m[38;2;45;83;246m.[39m                     [38;2;85;176;249m.[39m[38;2;87;180;249m=[39m[38;2;89;185;249m+[39m[38;2;91;189;250m+[39m[38;2;93;193;250m-[39m
      [38;2;36;62;245m:[39m[38;2;38;66;245m*[39m[38;2;40;70;245m=[39m[38;2;42;75;245m.[39m                         [38;2;89;185;249m.[39m[38;2;91;189;250m.[39m[38;2;93;193;250m.[39m
    [38;2;33;54;245m.[39m[38;2;34;58;245m:[39m[38;2;36;62;245m-[39m[38;2;38;66;245m.[39m [38;2;42;75;245mP[39m[38;2;43;79;245mr[39m[38;2;45;83;246me[39m[38;2;47;87;246ms[39m[38;2;49;92;246me[39m[38;2;51;96;246mn[39m[38;2;53;100;246mt[39m[38;2;54;104;246me[39m[38;2;56;108;247md[39m [38;2;60;117;247mb[39m[38;2;62;121;247my[39m [38;2;65;130;247mt[39m[38;2;67;134;248mh[39m[38;2;69;138;248me[39m [38;2;73;147;248mA[39m[38;2;74;151;248ms[39m[38;2;76;155;248mt[39m[38;2;78;159;248me[39m[38;2;80;163;249mr[39m[38;2;82;168;249mi[39m[38;2;83;172;249mn[39m[38;2;85;176;249ma[39m[38;2;87;180;249ms[39m [38;2;91;189;250md[39m[38;2;93;193;250me[39m[38;2;94;197;250mv[39m[38;2;96;201;250me[39m[38;2;98;206;250ml[39m[38;2;100;210;250mo[39m[38;2;102;214;251mp[39m[38;2;103;218;251me[39m[38;2;105;223;251mr[39m[38;2;107;227;251ms[39m
    [38;2;33;54;245m.[39m[38;2;34;58;245m.[39m [38;2;38;66;245mR[39m[38;2;40;70;245me[39m[38;2;42;75;245ml[39m[38;2;43;79;245me[39m[38;2;45;83;246ma[39m[38;2;47;87;246ms[39m[38;2;49;92;246me[39m[38;2;51;96;246md[39m [38;2;54;104;246mu[39m[38;2;56;108;247mn[39m[38;2;58;113;247md[39m[38;2;60;117;247me[39m[38;2;62;121;247mr[39m [38;2;65;130;247mM[39m[38;2;67;134;248mo[39m[38;2;69;138;248mz[39m[38;2;71;142;248mi[39m[38;2;73;147;248ml[39m[38;2;74;151;248ml[39m[38;2;76;155;248ma[39m [38;2;80;163;249mP[39m[38;2;82;168;249mu[39m[38;2;83;172;249mb[39m[38;2;85;176;249ml[39m[38;2;87;180;249mi[39m[38;2;89;185;249mc[39m [38;2;93;193;250mL[39m[38;2;94;197;250mi[39m[38;2;96;201;250mc[39m[38;2;98;206;250me[39m[38;2;100;210;250mn[39m[38;2;102;214;251ms[39m[38;2;103;218;251me[39m [38;2;107;227;251mv[39m[38;2;109;231;251m2[39m[38;2;111;235;251m.[39m[38;2;113;240;252m0[39m

[kernel] running /init as the init process
[32m[     5.292][0m [34mINFO  [0m: [39m[0m[39mExists components that are not initialized[0m
[32m[     5.293][0m [34mINFO  [0m: [39m[0m[39mComponents initializing in Process stage...[0m
[32m[     5.294][0m [34mINFO  [0m: [39m[0m[39mAll components initialization in Process stage completed[0m
[32m[     5.301][0m [34mINFO  [0m: [39m[0m[39m[pid=1][tid=1][id=12][SYS_BRK][0m
[32m[     5.302][0m [34mINFO  [0m: [39m[0m[39m[pid=1][tid=1][id=9][SYS_MMAP][0m
[32m[     5.303][0m [34mINFO  [0m: [39m[0m[39m[pid=1][tid=1][id=21][SYS_ACCESS][0m
[32m[     5.304][0m [34mINFO  [0m: [39m[0m[39m[pid=1][tid=1][id=257][SYS_OPENAT][0m
[32m[     5.305][0m [34mINFO  [0m: [39m[0m[39m[pid=1][tid=1][id=262][SYS_FSTATAT][0m
[32m[     5.306][0m [34mINFO  [0m: [39m[0m[39m[pid=1][tid=1][id=257][SYS_OPENAT][0m
[32m[     5.307][0m [34mINFO  [0m: [39m[0m[39m[pid=1][tid=1][id=262][SYS_FSTATAT][0m
[32m[     5.308][0m [34mINFO  [0m: [39m[0m[39m[pid=1][tid=1][id=257][SYS_OPENAT][0m
[32m[     5.309][0m [34mINFO  [0m: [39m[0m[39m[pid=1][tid=1][id=0][SYS_READ][0m
[32m[     5.310][0m [34mINFO  [0m: [39m[0m[39m[pid=1][tid=1][id=5][SYS_FSTAT][0m
[32m[     5.311][0m [34mINFO  [0m: [39m[0m[39m[pid=1][tid=1][id=9][SYS_MMAP][0m
[32m[     5.312][0m [34mINFO  [0m: [39m[0m[39m[pid=1][tid=1][id=9][SYS_MMAP][0m
[32m[     5.313][0m [34mINFO  [0m: [39m[0m[39m[pid=1][tid=1][id=9][SYS_MMAP][0m
[32m[     5.314][0m [34mINFO  [0m: [39m[0m[39m[pid=1][tid=1][id=9][SYS_MMAP][0m
[32m[     5.315][0m [34mINFO  [0m: [39m[0m[39m[pid=1][tid=1][id=3][SYS_CLOSE][0m
[32m[     5.316][0m [34mINFO  [0m: [39m[0m[39m[pid=1][tid=1][id=257][SYS_OPENAT][0m
[32m[     5.317][0m [34mINFO  [0m: [39m[0m[39m[pid=1][tid=1][id=0][SYS_READ][0m
[32m[     5.318][0m [34mINFO  [0m: [39m[0m[39m[pid=1][tid=1][id=5][SYS_FSTAT][0m
[32m[     5.319][0m [34mINFO  [0m: [39m[0m[39m[pid=1][tid=1][id=9][SYS_MMAP][0m
[32m[     5.320][0m [34mINFO  [0m: [39m[0m[39m[pid=1][tid=1][id=9][SYS_MMAP][0m
[32m[     5.321][0m [34mINFO  [0m: [39m[0m[39m[pid=1][tid=1][id=9][SYS_MMAP][0m
[32m[     5.322][0m [34mINFO  [0m: [39m[0m[39m[pid=1][tid=1][id=9][SYS_MMAP][0m
[32m[     5.323][0m [34mINFO  [0m: [39m[0m[39m[pid=1][tid=1][id=9][SYS_MMAP][0m
[32m[     5.324][0m [34mINFO  [0m: [39m[0m[39m[pid=1][tid=1][id=3][SYS_CLOSE][0m
[32m[     5.325][0m [34mINFO  [0m: [39m[0m[39m[pid=1][tid=1][id=257][SYS_OPENAT][0m
[32m[     5.326][0m [34mINFO  [0m: [39m[0m[39m[pid=1][tid=1][id=0][SYS_READ][0m
[32m[     5.327][0m [34mINFO  [0m: [39m[0m[39m[pid=1][tid=1][id=17][SYS_PREAD64][0m
[32m[     5.328][0m [34mINFO  [0m: [39m[0m[39m[pid=1][tid=1][id=5][SYS_FSTAT][0m
[32m[     5.329][0m [34mINFO  [0m: [39m[0m[39m[pid=1][tid=1][id=17][SYS_PREAD64][0m
[32m[     5.330][0m [34mINFO  [0m: [39m[0m[39m[pid=1][tid=1][id=9][SYS_MMAP][0m
[32m[     5.331][0m [34mINFO  [0m: [39m[0m[39m[pid=1][tid=1][id=9][SYS_MMAP][0m
[32m[     5.332][0m [34mINFO  [0m: [39m[0m[39m[pid=1][tid=1][id=9][SYS_MMAP][0m
[32m[     5.333][0m [34mINFO  [0m: [39m[0m[39m[pid=1][tid=1][id=9][SYS_MMAP][0m
[32m[     5.334][0m [34mINFO  [0m: [39m[0m[39m[pid=1][tid=1][id=9][SYS_MMAP][0m
[32m[     5.335][0m [34mINFO  [0m: [39m[0m[39m[pid=1][tid=1][id=3][SYS_CLOSE][0m
[32m[     5.336][0m [34mINFO  [0m: [39m[0m[39m[pid=1][tid=1][id=9][SYS_MMAP][0m
[32m[     5.337][0m [34mINFO  [0m: [39m[0m[39m[pid=1][tid=1][id=158][SYS_ARCH_PRCTL][0m
[32m[     5.338][0m [34mINFO  [0m: [39m[0m[39m[pid=1][tid=1][id=218][SYS_SET_TID_ADDRESS][0m
[32m[     5.339][0m [34mINFO  [0m: [39m[0m[39m[pid=1][tid=1][id=273][SYS_SET_ROBUST_LIST][0m
[32m[     5.340][0m [93mWARN  [0m: [39m[0m[39mUnimplemented syscall number: 334[0m
[32m[     5.341][0m [34mINFO  [0m: [39m[0m[39m[pid=1][tid=1][id=10][SYS_MPROTECT][0m
[32m[     5.342][0m [34mINFO  [0m: [39m[0m[39m[pid=1][tid=1][id=10][SYS_MPROTECT][0m
[32m[     5.343][0m [34mINFO  [0m: [39m[0m[39m[pid=1][tid=1][id=10][SYS_MPROTECT][0m
[32m[     5.344][0m [34mINFO  [0m: [39m[0m[39m[pid=1][tid=1][id=10][SYS_MPROTECT][0m
[32m[     5.345][0m [34mINFO  [0m: [39m[0m[39m[pid=1][tid=1][id=10][SYS_MPROTECT][0m
[32m[     5.346][0m [34mINFO  [0m: [39m[0m[39m[pid=1][tid=1][id=302][SYS_PRLIMIT64][0m
[32m[     5.347][0m [34mINFO  [0m: [39m[0m[39m[pid=1][tid=1][id=318][SYS_GETRANDOM][0m
[32m[     5.348][0m [34mINFO  [0m: [39m[0m[39m[pid=1][tid=1][id=102][SYS_GETUID][0m
[32m[     5.349][0m [34mINFO  [0m: [39m[0m[39m[pid=1][tid=1][id=12][SYS_BRK][0m
[32m[     5.350][0m [34mINFO  [0m: [39m[0m[39m[pid=1][tid=1][id=12][SYS_BRK][0m
[32m[     5.351][0m [34mINFO  [0m: [39m[0m[39m[pid=1][tid=1][id=39][SYS_GETPID][0m
[32m[     5.352][0m [34mINFO  [0m: [39m[0m[39m[pid=1][tid=1][id=13][SYS_RT_SIGACTION][0m
[32m[     5.353][0m [34mINFO  [0m: [39m[0m[39m[pid=1][tid=1][id=110][SYS_GETPPID][0m
[32m[     5.354][0m [34mINFO  [0m: [39m[0m[39m[pid=1][tid=1][id=63][SYS_UNAME][0m
[32m[     5.355][0m [34mINFO  [0m: [39m[0m[39m[pid=1][tid=1][id=79][SYS_GETCWD][0m
[32m[     5.356][0m [34mINFO  [0m: [39m[0m[39m[pid=1][tid=1][id=257][SYS_OPENAT][0m
[32m[     5.357][0m [34mINFO  [0m: [39m[0m[39m[pid=1][tid=1][id=72][SYS_FCNTL][0m
[32m[     5.358][0m [34mINFO  [0m: [39m[0m[39m[pid=1][tid=1][id=3][SYS_CLOSE][0m
[32m[     5.359][0m [34mINFO  [0m: [39m[0m[39m[pid=1][tid=1][id=13][SYS_RT_SIGACTION][0m
[32m[     5.360][0m [34mINFO  [0m: [39m[0m[39m[pid=1][tid=1][id=13][SYS_RT_SIGACTION][0m
[32m[     5.361][0m [34mINFO  [0m: [39m[0m[39m[pid=1][tid=1][id=13][SYS_RT_SIGACTION][0m
[32m[     5.362][0m [34mINFO  [0m: [39m[0m[39m[pid=1][tid=1][id=13][SYS_RT_SIGACTION][0m
[32m[     5.363][0m [34mINFO  [0m: [39m[0m[39m[pid=1][tid=1][id=13][SYS_RT_SIGACTION][0m
[32m[     5.364][0m [34mINFO  [0m: [39m[0m[39m[pid=1][tid=1][id=0][SYS_READ][0m
[32m[     5.365][0m [34mINFO  [0m: [39m[0m[39m[pid=1][tid=1][id=262][SYS_FSTATAT][0m
[32m[     5.366][0m [34mINFO  [0m: [39m[0m[39m[pid=1][tid=1][id=56][SYS_CLONE][0m
[32m[     5.370][0m [34mINFO  [0m: [39m[0m[39m[pid=1][tid=1][id=61][SYS_WAIT4][0m
[32m[     5.371][0m [34mINFO  [0m: [39m[0m[39m[pid=2][tid=2][id=273][SYS_SET_ROBUST_LIST][0m
[32m[     5.372][0m [34mINFO  [0m: [39m[0m[39m[pid=2][tid=2][id=3][SYS_CLOSE][0m
[32m[     5.373][0m [34mINFO  [0m: [39m[0m[39m[pid=2][tid=2][id=13][SYS_RT_SIGACTION][0m
[32m[     5.374][0m [34mINFO  [0m: [39m[0m[39m[pid=2][tid=2][id=59][SYS_EXECVE][0m
[32m[     5.377][0m [34mINFO  [0m: [39m[0m[39m[pid=2][tid=2][id=12][SYS_BRK][0m
[32m[     5.378][0m [34mINFO  [0m: [39m[0m[39m[pid=2][tid=2][id=9][SYS_MMAP][0m
[32m[     5.379][0m [34mINFO  [0m: [39m[0m[39m[pid=2][tid=2][id=21][SYS_ACCESS][0m
[32m[     5.380][0m [34mINFO  [0m: [39m[0m[39m[pid=2][tid=2][id=257][SYS_OPENAT][0m
[32m[     5.381][0m [34mINFO  [0m: [39m[0m[39m[pid=2][tid=2][id=262][SYS_FSTATAT][0m
[32m[     5.382][0m [34mINFO  [0m: [39m[0m[39m[pid=2][tid=2][id=257][SYS_OPENAT][0m
[32m[     5.383][0m [34mINFO  [0m: [39m[0m[39m[pid=2][tid=2][id=262][SYS_FSTATAT][0m
[32m[     5.384][0m [34mINFO  [0m: [39m[0m[39m[pid=2][tid=2][id=257][SYS_OPENAT][0m
[32m[     5.385][0m [34mINFO  [0m: [39m[0m[39m[pid=2][tid=2][id=0][SYS_READ][0m
[32m[     5.386][0m [34mINFO  [0m: [39m[0m[39m[pid=2][tid=2][id=5][SYS_FSTAT][0m
[32m[     5.387][0m [34mINFO  [0m: [39m[0m[39m[pid=2][tid=2][id=9][SYS_MMAP][0m
[32m[     5.388][0m [34mINFO  [0m: [39m[0m[39m[pid=2][tid=2][id=9][SYS_MMAP][0m
[32m[     5.389][0m [34mINFO  [0m: [39m[0m[39m[pid=2][tid=2][id=9][SYS_MMAP][0m
[32m[     5.390][0m [34mINFO  [0m: [39m[0m[39m[pid=2][tid=2][id=9][SYS_MMAP][0m
[32m[     5.391][0m [34mINFO  [0m: [39m[0m[39m[pid=2][tid=2][id=3][SYS_CLOSE][0m
[32m[     5.392][0m [34mINFO  [0m: [39m[0m[39m[pid=2][tid=2][id=257][SYS_OPENAT][0m
[32m[     5.393][0m [34mINFO  [0m: [39m[0m[39m[pid=2][tid=2][id=0][SYS_READ][0m
[32m[     5.394][0m [34mINFO  [0m: [39m[0m[39m[pid=2][tid=2][id=5][SYS_FSTAT][0m
[32m[     5.395][0m [34mINFO  [0m: [39m[0m[39m[pid=2][tid=2][id=9][SYS_MMAP][0m
[32m[     5.396][0m [34mINFO  [0m: [39m[0m[39m[pid=2][tid=2][id=9][SYS_MMAP][0m
[32m[     5.397][0m [34mINFO  [0m: [39m[0m[39m[pid=2][tid=2][id=9][SYS_MMAP][0m
[32m[     5.398][0m [34mINFO  [0m: [39m[0m[39m[pid=2][tid=2][id=9][SYS_MMAP][0m
[32m[     5.399][0m [34mINFO  [0m: [39m[0m[39m[pid=2][tid=2][id=9][SYS_MMAP][0m
[32m[     5.400][0m [34mINFO  [0m: [39m[0m[39m[pid=2][tid=2][id=3][SYS_CLOSE][0m
[32m[     5.401][0m [34mINFO  [0m: [39m[0m[39m[pid=2][tid=2][id=257][SYS_OPENAT][0m
[32m[     5.402][0m [34mINFO  [0m: [39m[0m[39m[pid=2][tid=2][id=0][SYS_READ][0m
[32m[     5.403][0m [34mINFO  [0m: [39m[0m[39m[pid=2][tid=2][id=17][SYS_PREAD64][0m
[32m[     5.404][0m [34mINFO  [0m: [39m[0m[39m[pid=2][tid=2][id=5][SYS_FSTAT][0m
[32m[     5.405][0m [34mINFO  [0m: [39m[0m[39m[pid=2][tid=2][id=17][SYS_PREAD64][0m
[32m[     5.406][0m [34mINFO  [0m: [39m[0m[39m[pid=2][tid=2][id=9][SYS_MMAP][0m
[32m[     5.407][0m [34mINFO  [0m: [39m[0m[39m[pid=2][tid=2][id=9][SYS_MMAP][0m
[32m[     5.408][0m [34mINFO  [0m: [39m[0m[39m[pid=2][tid=2][id=9][SYS_MMAP][0m
[32m[     5.409][0m [34mINFO  [0m: [39m[0m[39m[pid=2][tid=2][id=9][SYS_MMAP][0m
[32m[     5.410][0m [34mINFO  [0m: [39m[0m[39m[pid=2][tid=2][id=9][SYS_MMAP][0m
[32m[     5.411][0m [34mINFO  [0m: [39m[0m[39m[pid=2][tid=2][id=3][SYS_CLOSE][0m
[32m[     5.412][0m [34mINFO  [0m: [39m[0m[39m[pid=2][tid=2][id=9][SYS_MMAP][0m
[32m[     5.413][0m [34mINFO  [0m: [39m[0m[39m[pid=2][tid=2][id=158][SYS_ARCH_PRCTL][0m
[32m[     5.414][0m [34mINFO  [0m: [39m[0m[39m[pid=2][tid=2][id=218][SYS_SET_TID_ADDRESS][0m
[32m[     5.415][0m [34mINFO  [0m: [39m[0m[39m[pid=2][tid=2][id=273][SYS_SET_ROBUST_LIST][0m
[32m[     5.416][0m [93mWARN  [0m: [39m[0m[39mUnimplemented syscall number: 334[0m
[32m[     5.417][0m [34mINFO  [0m: [39m[0m[39m[pid=2][tid=2][id=10][SYS_MPROTECT][0m
[32m[     5.418][0m [34mINFO  [0m: [39m[0m[39m[pid=2][tid=2][id=10][SYS_MPROTECT][0m
[32m[     5.419][0m [34mINFO  [0m: [39m[0m[39m[pid=2][tid=2][id=10][SYS_MPROTECT][0m
[32m[     5.420][0m [34mINFO  [0m: [39m[0m[39m[pid=2][tid=2][id=10][SYS_MPROTECT][0m
[32m[     5.421][0m [34mINFO  [0m: [39m[0m[39m[pid=2][tid=2][id=10][SYS_MPROTECT][0m
[32m[     5.422][0m [34mINFO  [0m: [39m[0m[39m[pid=2][tid=2][id=302][SYS_PRLIMIT64][0m
[32m[     5.423][0m [34mINFO  [0m: [39m[0m[39m[pid=2][tid=2][id=318][SYS_GETRANDOM][0m
[32m[     5.424][0m [34mINFO  [0m: [39m[0m[39m[pid=2][tid=2][id=102][SYS_GETUID][0m
[32m[     5.425][0m [34mINFO  [0m: [39m[0m[39m[pid=2][tid=2][id=12][SYS_BRK][0m
[32m[     5.426][0m [34mINFO  [0m: [39m[0m[39m[pid=2][tid=2][id=12][SYS_BRK][0m
[32m[     5.427][0m [34mINFO  [0m: [39m[0m[39m[pid=2][tid=2][id=102][SYS_GETUID][0m
[32m[     5.428][0m [34mINFO  [0m: [39m[0m[39m[pid=2][tid=2][id=107][SYS_GETEUID][0m
[32m[     5.429][0m [34mINFO  [0m: [39m[0m[39m[pid=2][tid=2][id=262][SYS_FSTATAT][0m
[32m[     5.430][0m [34mINFO  [0m: [39m[0m[39m[pid=2][tid=2][id=165][SYS_MOUNT][0m
[32m[     5.431][0m [34mINFO  [0m: [39m[0m[39m[pid=2][tid=2][id=231][SYS_EXIT_GROUP][0m
[32m[     5.433][0m [34mINFO  [0m: [39m[0m[39m[pid=1][tid=1][id=15][SYS_RT_SIGRETURN][0m
[32m[     5.434][0m [34mINFO  [0m: [39m[0m[39m[pid=1][tid=1][id=61][SYS_WAIT4][0m
[32m[     5.435][0m [34mINFO  [0m: [39m[0m[39m[pid=1][tid=1][id=56][SYS_CLONE][0m
[32m[     5.439][0m [34mINFO  [0m: [39m[0m[39m[pid=1][tid=1][id=61][SYS_WAIT4][0m
[32m[     5.440][0m [34mINFO  [0m: [39m[0m[39m[pid=3][tid=3][id=273][SYS_SET_ROBUST_LIST][0m
[32m[     5.441][0m [34mINFO  [0m: [39m[0m[39m[pid=3][tid=3][id=3][SYS_CLOSE][0m
[32m[     5.442][0m [34mINFO  [0m: [39m[0m[39m[pid=3][tid=3][id=13][SYS_RT_SIGACTION][0m
[32m[     5.443][0m [34mINFO  [0m: [39m[0m[39m[pid=3][tid=3][id=59][SYS_EXECVE][0m
[32m[     5.446][0m [34mINFO  [0m: [39m[0m[39m[pid=3][tid=3][id=12][SYS_BRK][0m
[32m[     5.447][0m [34mINFO  [0m: [39m[0m[39m[pid=3][tid=3][id=9][SYS_MMAP][0m
[32m[     5.448][0m [34mINFO  [0m: [39m[0m[39m[pid=3][tid=3][id=21][SYS_ACCESS][0m
[32m[     5.449][0m [34mINFO  [0m: [39m[0m[39m[pid=3][tid=3][id=257][SYS_OPENAT][0m
[32m[     5.450][0m [34mINFO  [0m: [39m[0m[39m[pid=3][tid=3][id=262][SYS_FSTATAT][0m
[32m[     5.451][0m [34mINFO  [0m: [39m[0m[39m[pid=3][tid=3][id=257][SYS_OPENAT][0m
[32m[     5.452][0m [34mINFO  [0m: [39m[0m[39m[pid=3][tid=3][id=262][SYS_FSTATAT][0m
[32m[     5.453][0m [34mINFO  [0m: [39m[0m[39m[pid=3][tid=3][id=257][SYS_OPENAT][0m
[32m[     5.454][0m [34mINFO  [0m: [39m[0m[39m[pid=3][tid=3][id=0][SYS_READ][0m
[32m[     5.455][0m [34mINFO  [0m: [39m[0m[39m[pid=3][tid=3][id=5][SYS_FSTAT][0m
[32m[     5.456][0m [34mINFO  [0m: [39m[0m[39m[pid=3][tid=3][id=9][SYS_MMAP][0m
[32m[     5.457][0m [34mINFO  [0m: [39m[0m[39m[pid=3][tid=3][id=9][SYS_MMAP][0m
[32m[     5.458][0m [34mINFO  [0m: [39m[0m[39m[pid=3][tid=3][id=9][SYS_MMAP][0m
[32m[     5.459][0m [34mINFO  [0m: [39m[0m[39m[pid=3][tid=3][id=9][SYS_MMAP][0m
[32m[     5.460][0m [34mINFO  [0m: [39m[0m[39m[pid=3][tid=3][id=3][SYS_CLOSE][0m
[32m[     5.461][0m [34mINFO  [0m: [39m[0m[39m[pid=3][tid=3][id=257][SYS_OPENAT][0m
[32m[     5.462][0m [34mINFO  [0m: [39m[0m[39m[pid=3][tid=3][id=0][SYS_READ][0m
[32m[     5.463][0m [34mINFO  [0m: [39m[0m[39m[pid=3][tid=3][id=5][SYS_FSTAT][0m
[32m[     5.464][0m [34mINFO  [0m: [39m[0m[39m[pid=3][tid=3][id=9][SYS_MMAP][0m
[32m[     5.465][0m [34mINFO  [0m: [39m[0m[39m[pid=3][tid=3][id=9][SYS_MMAP][0m
[32m[     5.466][0m [34mINFO  [0m: [39m[0m[39m[pid=3][tid=3][id=9][SYS_MMAP][0m
[32m[     5.467][0m [34mINFO  [0m: [39m[0m[39m[pid=3][tid=3][id=9][SYS_MMAP][0m
[32m[     5.468][0m [34mINFO  [0m: [39m[0m[39m[pid=3][tid=3][id=9][SYS_MMAP][0m
[32m[     5.469][0m [34mINFO  [0m: [39m[0m[39m[pid=3][tid=3][id=3][SYS_CLOSE][0m
[32m[     5.470][0m [34mINFO  [0m: [39m[0m[39m[pid=3][tid=3][id=257][SYS_OPENAT][0m
[32m[     5.471][0m [34mINFO  [0m: [39m[0m[39m[pid=3][tid=3][id=0][SYS_READ][0m
[32m[     5.472][0m [34mINFO  [0m: [39m[0m[39m[pid=3][tid=3][id=17][SYS_PREAD64][0m
[32m[     5.473][0m [34mINFO  [0m: [39m[0m[39m[pid=3][tid=3][id=5][SYS_FSTAT][0m
[32m[     5.474][0m [34mINFO  [0m: [39m[0m[39m[pid=3][tid=3][id=17][SYS_PREAD64][0m
[32m[     5.475][0m [34mINFO  [0m: [39m[0m[39m[pid=3][tid=3][id=9][SYS_MMAP][0m
[32m[     5.476][0m [34mINFO  [0m: [39m[0m[39m[pid=3][tid=3][id=9][SYS_MMAP][0m
[32m[     5.477][0m [34mINFO  [0m: [39m[0m[39m[pid=3][tid=3][id=9][SYS_MMAP][0m
[32m[     5.478][0m [34mINFO  [0m: [39m[0m[39m[pid=3][tid=3][id=9][SYS_MMAP][0m
[32m[     5.479][0m [34mINFO  [0m: [39m[0m[39m[pid=3][tid=3][id=9][SYS_MMAP][0m
[32m[     5.480][0m [34mINFO  [0m: [39m[0m[39m[pid=3][tid=3][id=3][SYS_CLOSE][0m
[32m[     5.481][0m [34mINFO  [0m: [39m[0m[39m[pid=3][tid=3][id=9][SYS_MMAP][0m
[32m[     5.482][0m [34mINFO  [0m: [39m[0m[39m[pid=3][tid=3][id=158][SYS_ARCH_PRCTL][0m
[32m[     5.483][0m [34mINFO  [0m: [39m[0m[39m[pid=3][tid=3][id=218][SYS_SET_TID_ADDRESS][0m
[32m[     5.484][0m [34mINFO  [0m: [39m[0m[39m[pid=3][tid=3][id=273][SYS_SET_ROBUST_LIST][0m
[32m[     5.485][0m [93mWARN  [0m: [39m[0m[39mUnimplemented syscall number: 334[0m
[32m[     5.486][0m [34mINFO  [0m: [39m[0m[39m[pid=3][tid=3][id=10][SYS_MPROTECT][0m
[32m[     5.487][0m [34mINFO  [0m: [39m[0m[39m[pid=3][tid=3][id=10][SYS_MPROTECT][0m
[32m[     5.488][0m [34mINFO  [0m: [39m[0m[39m[pid=3][tid=3][id=10][SYS_MPROTECT][0m
[32m[     5.489][0m [34mINFO  [0m: [39m[0m[39m[pid=3][tid=3][id=10][SYS_MPROTECT][0m
[32m[     5.490][0m [34mINFO  [0m: [39m[0m[39m[pid=3][tid=3][id=10][SYS_MPROTECT][0m
[32m[     5.491][0m [34mINFO  [0m: [39m[0m[39m[pid=3][tid=3][id=302][SYS_PRLIMIT64][0m
[32m[     5.493][0m [34mINFO  [0m: [39m[0m[39m[pid=3][tid=3][id=318][SYS_GETRANDOM][0m
[32m[     5.494][0m [34mINFO  [0m: [39m[0m[39m[pid=3][tid=3][id=102][SYS_GETUID][0m
[32m[     5.495][0m [34mINFO  [0m: [39m[0m[39m[pid=3][tid=3][id=12][SYS_BRK][0m
[32m[     5.496][0m [34mINFO  [0m: [39m[0m[39m[pid=3][tid=3][id=12][SYS_BRK][0m
[32m[     5.497][0m [34mINFO  [0m: [39m[0m[39m[pid=3][tid=3][id=102][SYS_GETUID][0m
[32m[     5.498][0m [34mINFO  [0m: [39m[0m[39m[pid=3][tid=3][id=107][SYS_GETEUID][0m
[32m[     5.499][0m [34mINFO  [0m: [39m[0m[39m[pid=3][tid=3][id=262][SYS_FSTATAT][0m
[32m[     5.500][0m [34mINFO  [0m: [39m[0m[39m[pid=3][tid=3][id=165][SYS_MOUNT][0m
[32m[     5.501][0m [34mINFO  [0m: [39m[0m[39m[pid=3][tid=3][id=231][SYS_EXIT_GROUP][0m
[32m[     5.503][0m [34mINFO  [0m: [39m[0m[39m[pid=1][tid=1][id=15][SYS_RT_SIGRETURN][0m
[32m[     5.504][0m [34mINFO  [0m: [39m[0m[39m[pid=1][tid=1][id=61][SYS_WAIT4][0m
[32m[     5.505][0m [34mINFO  [0m: [39m[0m[39m[pid=1][tid=1][id=56][SYS_CLONE][0m
[32m[     5.509][0m [34mINFO  [0m: [39m[0m[39m[pid=1][tid=1][id=61][SYS_WAIT4][0m
[32m[     5.511][0m [34mINFO  [0m: [39m[0m[39m[pid=4][tid=4][id=273][SYS_SET_ROBUST_LIST][0m
[32m[     5.512][0m [34mINFO  [0m: [39m[0m[39m[pid=4][tid=4][id=3][SYS_CLOSE][0m
[32m[     5.513][0m [34mINFO  [0m: [39m[0m[39m[pid=4][tid=4][id=13][SYS_RT_SIGACTION][0m
[32m[     5.514][0m [34mINFO  [0m: [39m[0m[39m[pid=4][tid=4][id=59][SYS_EXECVE][0m
[32m[     5.517][0m [34mINFO  [0m: [39m[0m[39m[pid=4][tid=4][id=12][SYS_BRK][0m
[32m[     5.518][0m [34mINFO  [0m: [39m[0m[39m[pid=4][tid=4][id=9][SYS_MMAP][0m
[32m[     5.519][0m [34mINFO  [0m: [39m[0m[39m[pid=4][tid=4][id=21][SYS_ACCESS][0m
[32m[     5.520][0m [34mINFO  [0m: [39m[0m[39m[pid=4][tid=4][id=257][SYS_OPENAT][0m
[32m[     5.521][0m [34mINFO  [0m: [39m[0m[39m[pid=4][tid=4][id=262][SYS_FSTATAT][0m
[32m[     5.522][0m [34mINFO  [0m: [39m[0m[39m[pid=4][tid=4][id=257][SYS_OPENAT][0m
[32m[     5.523][0m [34mINFO  [0m: [39m[0m[39m[pid=4][tid=4][id=262][SYS_FSTATAT][0m
[32m[     5.524][0m [34mINFO  [0m: [39m[0m[39m[pid=4][tid=4][id=257][SYS_OPENAT][0m
[32m[     5.525][0m [34mINFO  [0m: [39m[0m[39m[pid=4][tid=4][id=0][SYS_READ][0m
[32m[     5.526][0m [34mINFO  [0m: [39m[0m[39m[pid=4][tid=4][id=5][SYS_FSTAT][0m
[32m[     5.527][0m [34mINFO  [0m: [39m[0m[39m[pid=4][tid=4][id=9][SYS_MMAP][0m
[32m[     5.528][0m [34mINFO  [0m: [39m[0m[39m[pid=4][tid=4][id=9][SYS_MMAP][0m
[32m[     5.529][0m [34mINFO  [0m: [39m[0m[39m[pid=4][tid=4][id=9][SYS_MMAP][0m
[32m[     5.530][0m [34mINFO  [0m: [39m[0m[39m[pid=4][tid=4][id=9][SYS_MMAP][0m
[32m[     5.531][0m [34mINFO  [0m: [39m[0m[39m[pid=4][tid=4][id=3][SYS_CLOSE][0m
[32m[     5.532][0m [34mINFO  [0m: [39m[0m[39m[pid=4][tid=4][id=257][SYS_OPENAT][0m
[32m[     5.533][0m [34mINFO  [0m: [39m[0m[39m[pid=4][tid=4][id=0][SYS_READ][0m
[32m[     5.534][0m [34mINFO  [0m: [39m[0m[39m[pid=4][tid=4][id=5][SYS_FSTAT][0m
[32m[     5.535][0m [34mINFO  [0m: [39m[0m[39m[pid=4][tid=4][id=9][SYS_MMAP][0m
[32m[     5.536][0m [34mINFO  [0m: [39m[0m[39m[pid=4][tid=4][id=9][SYS_MMAP][0m
[32m[     5.537][0m [34mINFO  [0m: [39m[0m[39m[pid=4][tid=4][id=9][SYS_MMAP][0m
[32m[     5.538][0m [34mINFO  [0m: [39m[0m[39m[pid=4][tid=4][id=9][SYS_MMAP][0m
[32m[     5.539][0m [34mINFO  [0m: [39m[0m[39m[pid=4][tid=4][id=9][SYS_MMAP][0m
[32m[     5.540][0m [34mINFO  [0m: [39m[0m[39m[pid=4][tid=4][id=3][SYS_CLOSE][0m
[32m[     5.541][0m [34mINFO  [0m: [39m[0m[39m[pid=4][tid=4][id=257][SYS_OPENAT][0m
[32m[     5.542][0m [34mINFO  [0m: [39m[0m[39m[pid=4][tid=4][id=0][SYS_READ][0m
[32m[     5.543][0m [34mINFO  [0m: [39m[0m[39m[pid=4][tid=4][id=17][SYS_PREAD64][0m
[32m[     5.544][0m [34mINFO  [0m: [39m[0m[39m[pid=4][tid=4][id=5][SYS_FSTAT][0m
[32m[     5.545][0m [34mINFO  [0m: [39m[0m[39m[pid=4][tid=4][id=17][SYS_PREAD64][0m
[32m[     5.546][0m [34mINFO  [0m: [39m[0m[39m[pid=4][tid=4][id=9][SYS_MMAP][0m
[32m[     5.547][0m [34mINFO  [0m: [39m[0m[39m[pid=4][tid=4][id=9][SYS_MMAP][0m
[32m[     5.548][0m [34mINFO  [0m: [39m[0m[39m[pid=4][tid=4][id=9][SYS_MMAP][0m
[32m[     5.549][0m [34mINFO  [0m: [39m[0m[39m[pid=4][tid=4][id=9][SYS_MMAP][0m
[32m[     5.550][0m [34mINFO  [0m: [39m[0m[39m[pid=4][tid=4][id=9][SYS_MMAP][0m
[32m[     5.551][0m [34mINFO  [0m: [39m[0m[39m[pid=4][tid=4][id=3][SYS_CLOSE][0m
[32m[     5.552][0m [34mINFO  [0m: [39m[0m[39m[pid=4][tid=4][id=9][SYS_MMAP][0m
[32m[     5.553][0m [34mINFO  [0m: [39m[0m[39m[pid=4][tid=4][id=158][SYS_ARCH_PRCTL][0m
[32m[     5.554][0m [34mINFO  [0m: [39m[0m[39m[pid=4][tid=4][id=218][SYS_SET_TID_ADDRESS][0m
[32m[     5.555][0m [34mINFO  [0m: [39m[0m[39m[pid=4][tid=4][id=273][SYS_SET_ROBUST_LIST][0m
[32m[     5.556][0m [93mWARN  [0m: [39m[0m[39mUnimplemented syscall number: 334[0m
[32m[     5.557][0m [34mINFO  [0m: [39m[0m[39m[pid=4][tid=4][id=10][SYS_MPROTECT][0m
[32m[     5.558][0m [34mINFO  [0m: [39m[0m[39m[pid=4][tid=4][id=10][SYS_MPROTECT][0m
[32m[     5.559][0m [34mINFO  [0m: [39m[0m[39m[pid=4][tid=4][id=10][SYS_MPROTECT][0m
[32m[     5.560][0m [34mINFO  [0m: [39m[0m[39m[pid=4][tid=4][id=10][SYS_MPROTECT][0m
[32m[     5.561][0m [34mINFO  [0m: [39m[0m[39m[pid=4][tid=4][id=10][SYS_MPROTECT][0m
[32m[     5.562][0m [34mINFO  [0m: [39m[0m[39m[pid=4][tid=4][id=302][SYS_PRLIMIT64][0m
[32m[     5.563][0m [34mINFO  [0m: [39m[0m[39m[pid=4][tid=4][id=318][SYS_GETRANDOM][0m
[32m[     5.564][0m [34mINFO  [0m: [39m[0m[39m[pid=4][tid=4][id=102][SYS_GETUID][0m
[32m[     5.565][0m [34mINFO  [0m: [39m[0m[39m[pid=4][tid=4][id=12][SYS_BRK][0m
[32m[     5.566][0m [34mINFO  [0m: [39m[0m[39m[pid=4][tid=4][id=12][SYS_BRK][0m
[32m[     5.567][0m [34mINFO  [0m: [39m[0m[39m[pid=4][tid=4][id=102][SYS_GETUID][0m
[32m[     5.568][0m [34mINFO  [0m: [39m[0m[39m[pid=4][tid=4][id=107][SYS_GETEUID][0m
[32m[     5.569][0m [34mINFO  [0m: [39m[0m[39m[pid=4][tid=4][id=262][SYS_FSTATAT][0m
[32m[     5.570][0m [34mINFO  [0m: [39m[0m[39m[pid=4][tid=4][id=165][SYS_MOUNT][0m
[32m[     5.571][0m [34mINFO  [0m: [39m[0m[39m[pid=4][tid=4][id=231][SYS_EXIT_GROUP][0m
[32m[     5.573][0m [34mINFO  [0m: [39m[0m[39m[pid=1][tid=1][id=15][SYS_RT_SIGRETURN][0m
[32m[     5.574][0m [34mINFO  [0m: [39m[0m[39m[pid=1][tid=1][id=61][SYS_WAIT4][0m
[32m[     5.575][0m [34mINFO  [0m: [39m[0m[39m[pid=1][tid=1][id=56][SYS_CLONE][0m
[32m[     5.579][0m [34mINFO  [0m: [39m[0m[39m[pid=1][tid=1][id=61][SYS_WAIT4][0m
[32m[     5.581][0m [34mINFO  [0m: [39m[0m[39m[pid=5][tid=5][id=273][SYS_SET_ROBUST_LIST][0m
[32m[     5.582][0m [34mINFO  [0m: [39m[0m[39m[pid=5][tid=5][id=3][SYS_CLOSE][0m
[32m[     5.583][0m [34mINFO  [0m: [39m[0m[39m[pid=5][tid=5][id=13][SYS_RT_SIGACTION][0m
[32m[     5.584][0m [34mINFO  [0m: [39m[0m[39m[pid=5][tid=5][id=59][SYS_EXECVE][0m
[32m[     5.588][0m [34mINFO  [0m: [39m[0m[39m[pid=5][tid=5][id=12][SYS_BRK][0m
[32m[     5.589][0m [34mINFO  [0m: [39m[0m[39m[pid=5][tid=5][id=9][SYS_MMAP][0m
[32m[     5.590][0m [34mINFO  [0m: [39m[0m[39m[pid=5][tid=5][id=21][SYS_ACCESS][0m
[32m[     5.591][0m [34mINFO  [0m: [39m[0m[39m[pid=5][tid=5][id=257][SYS_OPENAT][0m
[32m[     5.592][0m [34mINFO  [0m: [39m[0m[39m[pid=5][tid=5][id=262][SYS_FSTATAT][0m
[32m[     5.593][0m [34mINFO  [0m: [39m[0m[39m[pid=5][tid=5][id=257][SYS_OPENAT][0m
[32m[     5.594][0m [34mINFO  [0m: [39m[0m[39m[pid=5][tid=5][id=262][SYS_FSTATAT][0m
[32m[     5.595][0m [34mINFO  [0m: [39m[0m[39m[pid=5][tid=5][id=257][SYS_OPENAT][0m
[32m[     5.596][0m [34mINFO  [0m: [39m[0m[39m[pid=5][tid=5][id=0][SYS_READ][0m
[32m[     5.597][0m [34mINFO  [0m: [39m[0m[39m[pid=5][tid=5][id=5][SYS_FSTAT][0m
[32m[     5.598][0m [34mINFO  [0m: [39m[0m[39m[pid=5][tid=5][id=9][SYS_MMAP][0m
[32m[     5.599][0m [34mINFO  [0m: [39m[0m[39m[pid=5][tid=5][id=9][SYS_MMAP][0m
[32m[     5.600][0m [34mINFO  [0m: [39m[0m[39m[pid=5][tid=5][id=9][SYS_MMAP][0m
[32m[     5.601][0m [34mINFO  [0m: [39m[0m[39m[pid=5][tid=5][id=9][SYS_MMAP][0m
[32m[     5.602][0m [34mINFO  [0m: [39m[0m[39m[pid=5][tid=5][id=3][SYS_CLOSE][0m
[32m[     5.603][0m [34mINFO  [0m: [39m[0m[39m[pid=5][tid=5][id=257][SYS_OPENAT][0m
[32m[     5.604][0m [34mINFO  [0m: [39m[0m[39m[pid=5][tid=5][id=0][SYS_READ][0m
[32m[     5.605][0m [34mINFO  [0m: [39m[0m[39m[pid=5][tid=5][id=5][SYS_FSTAT][0m
[32m[     5.606][0m [34mINFO  [0m: [39m[0m[39m[pid=5][tid=5][id=9][SYS_MMAP][0m
[32m[     5.607][0m [34mINFO  [0m: [39m[0m[39m[pid=5][tid=5][id=9][SYS_MMAP][0m
[32m[     5.608][0m [34mINFO  [0m: [39m[0m[39m[pid=5][tid=5][id=9][SYS_MMAP][0m
[32m[     5.609][0m [34mINFO  [0m: [39m[0m[39m[pid=5][tid=5][id=9][SYS_MMAP][0m
[32m[     5.610][0m [34mINFO  [0m: [39m[0m[39m[pid=5][tid=5][id=9][SYS_MMAP][0m
[32m[     5.611][0m [34mINFO  [0m: [39m[0m[39m[pid=5][tid=5][id=3][SYS_CLOSE][0m
[32m[     5.612][0m [34mINFO  [0m: [39m[0m[39m[pid=5][tid=5][id=257][SYS_OPENAT][0m
[32m[     5.613][0m [34mINFO  [0m: [39m[0m[39m[pid=5][tid=5][id=0][SYS_READ][0m
[32m[     5.614][0m [34mINFO  [0m: [39m[0m[39m[pid=5][tid=5][id=17][SYS_PREAD64][0m
[32m[     5.615][0m [34mINFO  [0m: [39m[0m[39m[pid=5][tid=5][id=5][SYS_FSTAT][0m
[32m[     5.616][0m [34mINFO  [0m: [39m[0m[39m[pid=5][tid=5][id=17][SYS_PREAD64][0m
[32m[     5.617][0m [34mINFO  [0m: [39m[0m[39m[pid=5][tid=5][id=9][SYS_MMAP][0m
[32m[     5.618][0m [34mINFO  [0m: [39m[0m[39m[pid=5][tid=5][id=9][SYS_MMAP][0m
[32m[     5.619][0m [34mINFO  [0m: [39m[0m[39m[pid=5][tid=5][id=9][SYS_MMAP][0m
[32m[     5.620][0m [34mINFO  [0m: [39m[0m[39m[pid=5][tid=5][id=9][SYS_MMAP][0m
[32m[     5.621][0m [34mINFO  [0m: [39m[0m[39m[pid=5][tid=5][id=9][SYS_MMAP][0m
[32m[     5.622][0m [34mINFO  [0m: [39m[0m[39m[pid=5][tid=5][id=3][SYS_CLOSE][0m
[32m[     5.623][0m [34mINFO  [0m: [39m[0m[39m[pid=5][tid=5][id=9][SYS_MMAP][0m
[32m[     5.624][0m [34mINFO  [0m: [39m[0m[39m[pid=5][tid=5][id=158][SYS_ARCH_PRCTL][0m
[32m[     5.625][0m [34mINFO  [0m: [39m[0m[39m[pid=5][tid=5][id=218][SYS_SET_TID_ADDRESS][0m
[32m[     5.626][0m [34mINFO  [0m: [39m[0m[39m[pid=5][tid=5][id=273][SYS_SET_ROBUST_LIST][0m
[32m[     5.627][0m [93mWARN  [0m: [39m[0m[39mUnimplemented syscall number: 334[0m
[32m[     5.628][0m [34mINFO  [0m: [39m[0m[39m[pid=5][tid=5][id=10][SYS_MPROTECT][0m
[32m[     5.629][0m [34mINFO  [0m: [39m[0m[39m[pid=5][tid=5][id=10][SYS_MPROTECT][0m
[32m[     5.630][0m [34mINFO  [0m: [39m[0m[39m[pid=5][tid=5][id=10][SYS_MPROTECT][0m
[32m[     5.631][0m [34mINFO  [0m: [39m[0m[39m[pid=5][tid=5][id=10][SYS_MPROTECT][0m
[32m[     5.632][0m [34mINFO  [0m: [39m[0m[39m[pid=5][tid=5][id=10][SYS_MPROTECT][0m
[32m[     5.633][0m [34mINFO  [0m: [39m[0m[39m[pid=5][tid=5][id=302][SYS_PRLIMIT64][0m
[32m[     5.634][0m [34mINFO  [0m: [39m[0m[39m[pid=5][tid=5][id=318][SYS_GETRANDOM][0m
[32m[     5.635][0m [34mINFO  [0m: [39m[0m[39m[pid=5][tid=5][id=102][SYS_GETUID][0m
[32m[     5.636][0m [34mINFO  [0m: [39m[0m[39m[pid=5][tid=5][id=12][SYS_BRK][0m
[32m[     5.637][0m [34mINFO  [0m: [39m[0m[39m[pid=5][tid=5][id=12][SYS_BRK][0m
[32m[     5.638][0m [34mINFO  [0m: [39m[0m[39m[pid=5][tid=5][id=102][SYS_GETUID][0m
[32m[     5.639][0m [34mINFO  [0m: [39m[0m[39m[pid=5][tid=5][id=107][SYS_GETEUID][0m
[32m[     5.640][0m [34mINFO  [0m: [39m[0m[39m[pid=5][tid=5][id=262][SYS_FSTATAT][0m
[32m[     5.641][0m [34mINFO  [0m: [39m[0m[39m[pid=5][tid=5][id=165][SYS_MOUNT][0m
[32m[     5.642][0m [34mINFO  [0m: [39m[0m[39m[pid=5][tid=5][id=231][SYS_EXIT_GROUP][0m
[32m[     5.644][0m [34mINFO  [0m: [39m[0m[39m[pid=1][tid=1][id=15][SYS_RT_SIGRETURN][0m
[32m[     5.645][0m [34mINFO  [0m: [39m[0m[39m[pid=1][tid=1][id=61][SYS_WAIT4][0m
[32m[     5.646][0m [34mINFO  [0m: [39m[0m[39m[pid=1][tid=1][id=56][SYS_CLONE][0m
[32m[     5.650][0m [34mINFO  [0m: [39m[0m[39m[pid=1][tid=1][id=61][SYS_WAIT4][0m
[32m[     5.651][0m [34mINFO  [0m: [39m[0m[39m[pid=6][tid=6][id=273][SYS_SET_ROBUST_LIST][0m
[32m[     5.652][0m [34mINFO  [0m: [39m[0m[39m[pid=6][tid=6][id=3][SYS_CLOSE][0m
[32m[     5.653][0m [34mINFO  [0m: [39m[0m[39m[pid=6][tid=6][id=13][SYS_RT_SIGACTION][0m
[32m[     5.654][0m [34mINFO  [0m: [39m[0m[39m[pid=6][tid=6][id=59][SYS_EXECVE][0m
[32m[     5.657][0m [34mINFO  [0m: [39m[0m[39m[pid=6][tid=6][id=12][SYS_BRK][0m
[32m[     5.658][0m [34mINFO  [0m: [39m[0m[39m[pid=6][tid=6][id=9][SYS_MMAP][0m
[32m[     5.659][0m [34mINFO  [0m: [39m[0m[39m[pid=6][tid=6][id=21][SYS_ACCESS][0m
[32m[     5.660][0m [34mINFO  [0m: [39m[0m[39m[pid=6][tid=6][id=257][SYS_OPENAT][0m
[32m[     5.661][0m [34mINFO  [0m: [39m[0m[39m[pid=6][tid=6][id=262][SYS_FSTATAT][0m
[32m[     5.662][0m [34mINFO  [0m: [39m[0m[39m[pid=6][tid=6][id=257][SYS_OPENAT][0m
[32m[     5.663][0m [34mINFO  [0m: [39m[0m[39m[pid=6][tid=6][id=262][SYS_FSTATAT][0m
[32m[     5.664][0m [34mINFO  [0m: [39m[0m[39m[pid=6][tid=6][id=257][SYS_OPENAT][0m
[32m[     5.665][0m [34mINFO  [0m: [39m[0m[39m[pid=6][tid=6][id=0][SYS_READ][0m
[32m[     5.666][0m [34mINFO  [0m: [39m[0m[39m[pid=6][tid=6][id=5][SYS_FSTAT][0m
[32m[     5.667][0m [34mINFO  [0m: [39m[0m[39m[pid=6][tid=6][id=9][SYS_MMAP][0m
[32m[     5.668][0m [34mINFO  [0m: [39m[0m[39m[pid=6][tid=6][id=9][SYS_MMAP][0m
[32m[     5.669][0m [34mINFO  [0m: [39m[0m[39m[pid=6][tid=6][id=9][SYS_MMAP][0m
[32m[     5.670][0m [34mINFO  [0m: [39m[0m[39m[pid=6][tid=6][id=9][SYS_MMAP][0m
[32m[     5.671][0m [34mINFO  [0m: [39m[0m[39m[pid=6][tid=6][id=3][SYS_CLOSE][0m
[32m[     5.672][0m [34mINFO  [0m: [39m[0m[39m[pid=6][tid=6][id=257][SYS_OPENAT][0m
[32m[     5.673][0m [34mINFO  [0m: [39m[0m[39m[pid=6][tid=6][id=0][SYS_READ][0m
[32m[     5.674][0m [34mINFO  [0m: [39m[0m[39m[pid=6][tid=6][id=5][SYS_FSTAT][0m
[32m[     5.675][0m [34mINFO  [0m: [39m[0m[39m[pid=6][tid=6][id=9][SYS_MMAP][0m
[32m[     5.676][0m [34mINFO  [0m: [39m[0m[39m[pid=6][tid=6][id=9][SYS_MMAP][0m
[32m[     5.677][0m [34mINFO  [0m: [39m[0m[39m[pid=6][tid=6][id=9][SYS_MMAP][0m
[32m[     5.678][0m [34mINFO  [0m: [39m[0m[39m[pid=6][tid=6][id=9][SYS_MMAP][0m
[32m[     5.679][0m [34mINFO  [0m: [39m[0m[39m[pid=6][tid=6][id=9][SYS_MMAP][0m
[32m[     5.680][0m [34mINFO  [0m: [39m[0m[39m[pid=6][tid=6][id=3][SYS_CLOSE][0m
[32m[     5.681][0m [34mINFO  [0m: [39m[0m[39m[pid=6][tid=6][id=257][SYS_OPENAT][0m
[32m[     5.682][0m [34mINFO  [0m: [39m[0m[39m[pid=6][tid=6][id=0][SYS_READ][0m
[32m[     5.683][0m [34mINFO  [0m: [39m[0m[39m[pid=6][tid=6][id=17][SYS_PREAD64][0m
[32m[     5.684][0m [34mINFO  [0m: [39m[0m[39m[pid=6][tid=6][id=5][SYS_FSTAT][0m
[32m[     5.685][0m [34mINFO  [0m: [39m[0m[39m[pid=6][tid=6][id=17][SYS_PREAD64][0m
[32m[     5.686][0m [34mINFO  [0m: [39m[0m[39m[pid=6][tid=6][id=9][SYS_MMAP][0m
[32m[     5.687][0m [34mINFO  [0m: [39m[0m[39m[pid=6][tid=6][id=9][SYS_MMAP][0m
[32m[     5.688][0m [34mINFO  [0m: [39m[0m[39m[pid=6][tid=6][id=9][SYS_MMAP][0m
[32m[     5.689][0m [34mINFO  [0m: [39m[0m[39m[pid=6][tid=6][id=9][SYS_MMAP][0m
[32m[     5.690][0m [34mINFO  [0m: [39m[0m[39m[pid=6][tid=6][id=9][SYS_MMAP][0m
[32m[     5.691][0m [34mINFO  [0m: [39m[0m[39m[pid=6][tid=6][id=3][SYS_CLOSE][0m
[32m[     5.692][0m [34mINFO  [0m: [39m[0m[39m[pid=6][tid=6][id=9][SYS_MMAP][0m
[32m[     5.693][0m [34mINFO  [0m: [39m[0m[39m[pid=6][tid=6][id=158][SYS_ARCH_PRCTL][0m
[32m[     5.694][0m [34mINFO  [0m: [39m[0m[39m[pid=6][tid=6][id=218][SYS_SET_TID_ADDRESS][0m
[32m[     5.695][0m [34mINFO  [0m: [39m[0m[39m[pid=6][tid=6][id=273][SYS_SET_ROBUST_LIST][0m
[32m[     5.696][0m [93mWARN  [0m: [39m[0m[39mUnimplemented syscall number: 334[0m
[32m[     5.697][0m [34mINFO  [0m: [39m[0m[39m[pid=6][tid=6][id=10][SYS_MPROTECT][0m
[32m[     5.698][0m [34mINFO  [0m: [39m[0m[39m[pid=6][tid=6][id=10][SYS_MPROTECT][0m
[32m[     5.699][0m [34mINFO  [0m: [39m[0m[39m[pid=6][tid=6][id=10][SYS_MPROTECT][0m
[32m[     5.700][0m [34mINFO  [0m: [39m[0m[39m[pid=6][tid=6][id=10][SYS_MPROTECT][0m
[32m[     5.701][0m [34mINFO  [0m: [39m[0m[39m[pid=6][tid=6][id=10][SYS_MPROTECT][0m
[32m[     5.702][0m [34mINFO  [0m: [39m[0m[39m[pid=6][tid=6][id=302][SYS_PRLIMIT64][0m
[32m[     5.703][0m [34mINFO  [0m: [39m[0m[39m[pid=6][tid=6][id=318][SYS_GETRANDOM][0m
[32m[     5.704][0m [34mINFO  [0m: [39m[0m[39m[pid=6][tid=6][id=102][SYS_GETUID][0m
[32m[     5.705][0m [34mINFO  [0m: [39m[0m[39m[pid=6][tid=6][id=12][SYS_BRK][0m
[32m[     5.706][0m [34mINFO  [0m: [39m[0m[39m[pid=6][tid=6][id=12][SYS_BRK][0m
[32m[     5.707][0m [34mINFO  [0m: [39m[0m[39m[pid=6][tid=6][id=102][SYS_GETUID][0m
[32m[     5.708][0m [34mINFO  [0m: [39m[0m[39m[pid=6][tid=6][id=107][SYS_GETEUID][0m
[32m[     5.709][0m [34mINFO  [0m: [39m[0m[39m[pid=6][tid=6][id=262][SYS_FSTATAT][0m
[32m[     5.710][0m [34mINFO  [0m: [39m[0m[39m[pid=6][tid=6][id=165][SYS_MOUNT][0m
[32m[     5.711][0m [34mINFO  [0m: [39m[0m[39m[pid=6][tid=6][id=58][SYS_VFORK][0m
[32m[     5.712][0m [34mINFO  [0m: [39m[0m[39m[pid=7][tid=7][id=59][SYS_EXECVE][0m
[32m[     5.713][0m [34mINFO  [0m: [39m[0m[39m[pid=7][tid=7][id=59][SYS_EXECVE][0m
[32m[     5.714][0m [34mINFO  [0m: [39m[0m[39m[pid=7][tid=7][id=231][SYS_EXIT_GROUP][0m
[32m[     5.715][0m [34mINFO  [0m: [39m[0m[39m[pid=6][tid=6][id=61][SYS_WAIT4][0m
[32m[     5.716][0m [34mINFO  [0m: [39m[0m[39m[pid=6][tid=6][id=1][SYS_WRITE][0m
mount: mounting /dev/vda on /ext2 failed: No such file or directory
[32m[     5.718][0m [34mINFO  [0m: [39m[0m[39m[pid=6][tid=6][id=231][SYS_EXIT_GROUP][0m
[32m[     5.720][0m [34mINFO  [0m: [39m[0m[39m[pid=1][tid=1][id=15][SYS_RT_SIGRETURN][0m
[32m[     5.721][0m [34mINFO  [0m: [39m[0m[39m[pid=1][tid=1][id=61][SYS_WAIT4][0m
[32m[     5.722][0m [34mINFO  [0m: [39m[0m[39m[pid=1][tid=1][id=56][SYS_CLONE][0m
[32m[     5.726][0m [34mINFO  [0m: [39m[0m[39m[pid=1][tid=1][id=61][SYS_WAIT4][0m
[32m[     5.728][0m [34mINFO  [0m: [39m[0m[39m[pid=8][tid=8][id=273][SYS_SET_ROBUST_LIST][0m
[32m[     5.729][0m [34mINFO  [0m: [39m[0m[39m[pid=8][tid=8][id=3][SYS_CLOSE][0m
[32m[     5.730][0m [34mINFO  [0m: [39m[0m[39m[pid=8][tid=8][id=13][SYS_RT_SIGACTION][0m
[32m[     5.731][0m [34mINFO  [0m: [39m[0m[39m[pid=8][tid=8][id=59][SYS_EXECVE][0m
[32m[     5.734][0m [34mINFO  [0m: [39m[0m[39m[pid=8][tid=8][id=12][SYS_BRK][0m
[32m[     5.735][0m [34mINFO  [0m: [39m[0m[39m[pid=8][tid=8][id=9][SYS_MMAP][0m
[32m[     5.736][0m [34mINFO  [0m: [39m[0m[39m[pid=8][tid=8][id=21][SYS_ACCESS][0m
[32m[     5.737][0m [34mINFO  [0m: [39m[0m[39m[pid=8][tid=8][id=257][SYS_OPENAT][0m
[32m[     5.738][0m [34mINFO  [0m: [39m[0m[39m[pid=8][tid=8][id=262][SYS_FSTATAT][0m
[32m[     5.739][0m [34mINFO  [0m: [39m[0m[39m[pid=8][tid=8][id=257][SYS_OPENAT][0m
[32m[     5.740][0m [34mINFO  [0m: [39m[0m[39m[pid=8][tid=8][id=262][SYS_FSTATAT][0m
[32m[     5.741][0m [34mINFO  [0m: [39m[0m[39m[pid=8][tid=8][id=257][SYS_OPENAT][0m
[32m[     5.742][0m [34mINFO  [0m: [39m[0m[39m[pid=8][tid=8][id=0][SYS_READ][0m
[32m[     5.743][0m [34mINFO  [0m: [39m[0m[39m[pid=8][tid=8][id=5][SYS_FSTAT][0m
[32m[     5.744][0m [34mINFO  [0m: [39m[0m[39m[pid=8][tid=8][id=9][SYS_MMAP][0m
[32m[     5.745][0m [34mINFO  [0m: [39m[0m[39m[pid=8][tid=8][id=9][SYS_MMAP][0m
[32m[     5.746][0m [34mINFO  [0m: [39m[0m[39m[pid=8][tid=8][id=9][SYS_MMAP][0m
[32m[     5.747][0m [34mINFO  [0m: [39m[0m[39m[pid=8][tid=8][id=9][SYS_MMAP][0m
[32m[     5.748][0m [34mINFO  [0m: [39m[0m[39m[pid=8][tid=8][id=3][SYS_CLOSE][0m
[32m[     5.749][0m [34mINFO  [0m: [39m[0m[39m[pid=8][tid=8][id=257][SYS_OPENAT][0m
[32m[     5.750][0m [34mINFO  [0m: [39m[0m[39m[pid=8][tid=8][id=0][SYS_READ][0m
[32m[     5.751][0m [34mINFO  [0m: [39m[0m[39m[pid=8][tid=8][id=5][SYS_FSTAT][0m
[32m[     5.752][0m [34mINFO  [0m: [39m[0m[39m[pid=8][tid=8][id=9][SYS_MMAP][0m
[32m[     5.753][0m [34mINFO  [0m: [39m[0m[39m[pid=8][tid=8][id=9][SYS_MMAP][0m
[32m[     5.754][0m [34mINFO  [0m: [39m[0m[39m[pid=8][tid=8][id=9][SYS_MMAP][0m
[32m[     5.755][0m [34mINFO  [0m: [39m[0m[39m[pid=8][tid=8][id=9][SYS_MMAP][0m
[32m[     5.756][0m [34mINFO  [0m: [39m[0m[39m[pid=8][tid=8][id=9][SYS_MMAP][0m
[32m[     5.757][0m [34mINFO  [0m: [39m[0m[39m[pid=8][tid=8][id=3][SYS_CLOSE][0m
[32m[     5.758][0m [34mINFO  [0m: [39m[0m[39m[pid=8][tid=8][id=257][SYS_OPENAT][0m
[32m[     5.759][0m [34mINFO  [0m: [39m[0m[39m[pid=8][tid=8][id=0][SYS_READ][0m
[32m[     5.760][0m [34mINFO  [0m: [39m[0m[39m[pid=8][tid=8][id=17][SYS_PREAD64][0m
[32m[     5.761][0m [34mINFO  [0m: [39m[0m[39m[pid=8][tid=8][id=5][SYS_FSTAT][0m
[32m[     5.762][0m [34mINFO  [0m: [39m[0m[39m[pid=8][tid=8][id=17][SYS_PREAD64][0m
[32m[     5.763][0m [34mINFO  [0m: [39m[0m[39m[pid=8][tid=8][id=9][SYS_MMAP][0m
[32m[     5.764][0m [34mINFO  [0m: [39m[0m[39m[pid=8][tid=8][id=9][SYS_MMAP][0m
[32m[     5.765][0m [34mINFO  [0m: [39m[0m[39m[pid=8][tid=8][id=9][SYS_MMAP][0m
[32m[     5.766][0m [34mINFO  [0m: [39m[0m[39m[pid=8][tid=8][id=9][SYS_MMAP][0m
[32m[     5.767][0m [34mINFO  [0m: [39m[0m[39m[pid=8][tid=8][id=9][SYS_MMAP][0m
[32m[     5.768][0m [34mINFO  [0m: [39m[0m[39m[pid=8][tid=8][id=3][SYS_CLOSE][0m
[32m[     5.769][0m [34mINFO  [0m: [39m[0m[39m[pid=8][tid=8][id=9][SYS_MMAP][0m
[32m[     5.770][0m [34mINFO  [0m: [39m[0m[39m[pid=8][tid=8][id=158][SYS_ARCH_PRCTL][0m
[32m[     5.771][0m [34mINFO  [0m: [39m[0m[39m[pid=8][tid=8][id=218][SYS_SET_TID_ADDRESS][0m
[32m[     5.772][0m [34mINFO  [0m: [39m[0m[39m[pid=8][tid=8][id=273][SYS_SET_ROBUST_LIST][0m
[32m[     5.773][0m [93mWARN  [0m: [39m[0m[39mUnimplemented syscall number: 334[0m
[32m[     5.774][0m [34mINFO  [0m: [39m[0m[39m[pid=8][tid=8][id=10][SYS_MPROTECT][0m
[32m[     5.775][0m [34mINFO  [0m: [39m[0m[39m[pid=8][tid=8][id=10][SYS_MPROTECT][0m
[32m[     5.776][0m [34mINFO  [0m: [39m[0m[39m[pid=8][tid=8][id=10][SYS_MPROTECT][0m
[32m[     5.777][0m [34mINFO  [0m: [39m[0m[39m[pid=8][tid=8][id=10][SYS_MPROTECT][0m
[32m[     5.778][0m [34mINFO  [0m: [39m[0m[39m[pid=8][tid=8][id=10][SYS_MPROTECT][0m
[32m[     5.779][0m [34mINFO  [0m: [39m[0m[39m[pid=8][tid=8][id=302][SYS_PRLIMIT64][0m
[32m[     5.780][0m [34mINFO  [0m: [39m[0m[39m[pid=8][tid=8][id=318][SYS_GETRANDOM][0m
[32m[     5.781][0m [34mINFO  [0m: [39m[0m[39m[pid=8][tid=8][id=102][SYS_GETUID][0m
[32m[     5.782][0m [34mINFO  [0m: [39m[0m[39m[pid=8][tid=8][id=12][SYS_BRK][0m
[32m[     5.783][0m [34mINFO  [0m: [39m[0m[39m[pid=8][tid=8][id=12][SYS_BRK][0m
[32m[     5.784][0m [34mINFO  [0m: [39m[0m[39m[pid=8][tid=8][id=102][SYS_GETUID][0m
[32m[     5.785][0m [34mINFO  [0m: [39m[0m[39m[pid=8][tid=8][id=107][SYS_GETEUID][0m
[32m[     5.786][0m [34mINFO  [0m: [39m[0m[39m[pid=8][tid=8][id=262][SYS_FSTATAT][0m
[32m[     5.787][0m [34mINFO  [0m: [39m[0m[39m[pid=8][tid=8][id=165][SYS_MOUNT][0m
[32m[     5.788][0m [34mINFO  [0m: [39m[0m[39m[pid=8][tid=8][id=58][SYS_VFORK][0m
[32m[     5.789][0m [34mINFO  [0m: [39m[0m[39m[pid=9][tid=9][id=59][SYS_EXECVE][0m
[32m[     5.790][0m [34mINFO  [0m: [39m[0m[39m[pid=9][tid=9][id=59][SYS_EXECVE][0m
[32m[     5.791][0m [34mINFO  [0m: [39m[0m[39m[pid=9][tid=9][id=231][SYS_EXIT_GROUP][0m
[32m[     5.792][0m [34mINFO  [0m: [39m[0m[39m[pid=8][tid=8][id=61][SYS_WAIT4][0m
[32m[     5.793][0m [34mINFO  [0m: [39m[0m[39m[pid=8][tid=8][id=1][SYS_WRITE][0m
mount: mounting /dev/vdb on /exfat failed: No such file or directory
[32m[     5.795][0m [34mINFO  [0m: [39m[0m[39m[pid=8][tid=8][id=231][SYS_EXIT_GROUP][0m
[32m[     5.797][0m [34mINFO  [0m: [39m[0m[39m[pid=1][tid=1][id=15][SYS_RT_SIGRETURN][0m
[32m[     5.798][0m [34mINFO  [0m: [39m[0m[39m[pid=1][tid=1][id=61][SYS_WAIT4][0m
[32m[     5.799][0m [34mINFO  [0m: [39m[0m[39m[pid=1][tid=1][id=0][SYS_READ][0m
[32m[     5.800][0m [34mINFO  [0m: [39m[0m[39m[pid=1][tid=1][id=262][SYS_FSTATAT][0m
[32m[     5.801][0m [34mINFO  [0m: [39m[0m[39m[pid=1][tid=1][id=56][SYS_CLONE][0m
[32m[     5.805][0m [34mINFO  [0m: [39m[0m[39m[pid=1][tid=1][id=61][SYS_WAIT4][0m
[32m[     5.807][0m [34mINFO  [0m: [39m[0m[39m[pid=10][tid=10][id=273][SYS_SET_ROBUST_LIST][0m
[32m[     5.808][0m [34mINFO  [0m: [39m[0m[39m[pid=10][tid=10][id=3][SYS_CLOSE][0m
[32m[     5.809][0m [34mINFO  [0m: [39m[0m[39m[pid=10][tid=10][id=13][SYS_RT_SIGACTION][0m
[32m[     5.810][0m [34mINFO  [0m: [39m[0m[39m[pid=10][tid=10][id=59][SYS_EXECVE][0m
[32m[     5.814][0m [34mINFO  [0m: [39m[0m[39m[pid=10][tid=10][id=12][SYS_BRK][0m
[32m[     5.815][0m [34mINFO  [0m: [39m[0m[39m[pid=10][tid=10][id=9][SYS_MMAP][0m
[32m[     5.816][0m [34mINFO  [0m: [39m[0m[39m[pid=10][tid=10][id=21][SYS_ACCESS][0m
[32m[     5.817][0m [34mINFO  [0m: [39m[0m[39m[pid=10][tid=10][id=257][SYS_OPENAT][0m
[32m[     5.818][0m [34mINFO  [0m: [39m[0m[39m[pid=10][tid=10][id=262][SYS_FSTATAT][0m
[32m[     5.819][0m [34mINFO  [0m: [39m[0m[39m[pid=10][tid=10][id=257][SYS_OPENAT][0m
[32m[     5.820][0m [34mINFO  [0m: [39m[0m[39m[pid=10][tid=10][id=262][SYS_FSTATAT][0m
[32m[     5.821][0m [34mINFO  [0m: [39m[0m[39m[pid=10][tid=10][id=257][SYS_OPENAT][0m
[32m[     5.822][0m [34mINFO  [0m: [39m[0m[39m[pid=10][tid=10][id=0][SYS_READ][0m
[32m[     5.823][0m [34mINFO  [0m: [39m[0m[39m[pid=10][tid=10][id=5][SYS_FSTAT][0m
[32m[     5.824][0m [34mINFO  [0m: [39m[0m[39m[pid=10][tid=10][id=9][SYS_MMAP][0m
[32m[     5.825][0m [34mINFO  [0m: [39m[0m[39m[pid=10][tid=10][id=9][SYS_MMAP][0m
[32m[     5.826][0m [34mINFO  [0m: [39m[0m[39m[pid=10][tid=10][id=9][SYS_MMAP][0m
[32m[     5.827][0m [34mINFO  [0m: [39m[0m[39m[pid=10][tid=10][id=9][SYS_MMAP][0m
[32m[     5.828][0m [34mINFO  [0m: [39m[0m[39m[pid=10][tid=10][id=3][SYS_CLOSE][0m
[32m[     5.829][0m [34mINFO  [0m: [39m[0m[39m[pid=10][tid=10][id=257][SYS_OPENAT][0m
[32m[     5.830][0m [34mINFO  [0m: [39m[0m[39m[pid=10][tid=10][id=0][SYS_READ][0m
[32m[     5.831][0m [34mINFO  [0m: [39m[0m[39m[pid=10][tid=10][id=5][SYS_FSTAT][0m
[32m[     5.832][0m [34mINFO  [0m: [39m[0m[39m[pid=10][tid=10][id=9][SYS_MMAP][0m
[32m[     5.833][0m [34mINFO  [0m: [39m[0m[39m[pid=10][tid=10][id=9][SYS_MMAP][0m
[32m[     5.834][0m [34mINFO  [0m: [39m[0m[39m[pid=10][tid=10][id=9][SYS_MMAP][0m
[32m[     5.835][0m [34mINFO  [0m: [39m[0m[39m[pid=10][tid=10][id=9][SYS_MMAP][0m
[32m[     5.836][0m [34mINFO  [0m: [39m[0m[39m[pid=10][tid=10][id=9][SYS_MMAP][0m
[32m[     5.837][0m [34mINFO  [0m: [39m[0m[39m[pid=10][tid=10][id=3][SYS_CLOSE][0m
[32m[     5.838][0m [34mINFO  [0m: [39m[0m[39m[pid=10][tid=10][id=257][SYS_OPENAT][0m
[32m[     5.839][0m [34mINFO  [0m: [39m[0m[39m[pid=10][tid=10][id=0][SYS_READ][0m
[32m[     5.840][0m [34mINFO  [0m: [39m[0m[39m[pid=10][tid=10][id=17][SYS_PREAD64][0m
[32m[     5.841][0m [34mINFO  [0m: [39m[0m[39m[pid=10][tid=10][id=5][SYS_FSTAT][0m
[32m[     5.842][0m [34mINFO  [0m: [39m[0m[39m[pid=10][tid=10][id=17][SYS_PREAD64][0m
[32m[     5.843][0m [34mINFO  [0m: [39m[0m[39m[pid=10][tid=10][id=9][SYS_MMAP][0m
[32m[     5.844][0m [34mINFO  [0m: [39m[0m[39m[pid=10][tid=10][id=9][SYS_MMAP][0m
[32m[     5.845][0m [34mINFO  [0m: [39m[0m[39m[pid=10][tid=10][id=9][SYS_MMAP][0m
[32m[     5.846][0m [34mINFO  [0m: [39m[0m[39m[pid=10][tid=10][id=9][SYS_MMAP][0m
[32m[     5.847][0m [34mINFO  [0m: [39m[0m[39m[pid=10][tid=10][id=9][SYS_MMAP][0m
[32m[     5.848][0m [34mINFO  [0m: [39m[0m[39m[pid=10][tid=10][id=3][SYS_CLOSE][0m
[32m[     5.849][0m [34mINFO  [0m: [39m[0m[39m[pid=10][tid=10][id=9][SYS_MMAP][0m
[32m[     5.850][0m [34mINFO  [0m: [39m[0m[39m[pid=10][tid=10][id=158][SYS_ARCH_PRCTL][0m
[32m[     5.851][0m [34mINFO  [0m: [39m[0m[39m[pid=10][tid=10][id=218][SYS_SET_TID_ADDRESS][0m
[32m[     5.852][0m [34mINFO  [0m: [39m[0m[39m[pid=10][tid=10][id=273][SYS_SET_ROBUST_LIST][0m
[32m[     5.853][0m [93mWARN  [0m: [39m[0m[39mUnimplemented syscall number: 334[0m
[32m[     5.854][0m [34mINFO  [0m: [39m[0m[39m[pid=10][tid=10][id=10][SYS_MPROTECT][0m
[32m[     5.855][0m [34mINFO  [0m: [39m[0m[39m[pid=10][tid=10][id=10][SYS_MPROTECT][0m
[32m[     5.856][0m [34mINFO  [0m: [39m[0m[39m[pid=10][tid=10][id=10][SYS_MPROTECT][0m
[32m[     5.857][0m [34mINFO  [0m: [39m[0m[39m[pid=10][tid=10][id=10][SYS_MPROTECT][0m
[32m[     5.858][0m [34mINFO  [0m: [39m[0m[39m[pid=10][tid=10][id=10][SYS_MPROTECT][0m
[32m[     5.859][0m [34mINFO  [0m: [39m[0m[39m[pid=10][tid=10][id=302][SYS_PRLIMIT64][0m
[32m[     5.860][0m [34mINFO  [0m: [39m[0m[39m[pid=10][tid=10][id=318][SYS_GETRANDOM][0m
[32m[     5.861][0m [34mINFO  [0m: [39m[0m[39m[pid=10][tid=10][id=102][SYS_GETUID][0m
[32m[     5.862][0m [34mINFO  [0m: [39m[0m[39m[pid=10][tid=10][id=257][SYS_OPENAT][0m
[32m[     5.863][0m [34mINFO  [0m: [39m[0m[39m[pid=10][tid=10][id=3][SYS_CLOSE][0m
[32m[     5.864][0m [34mINFO  [0m: [39m[0m[39m[pid=10][tid=10][id=257][SYS_OPENAT][0m
[32m[     5.865][0m [34mINFO  [0m: [39m[0m[39m[pid=10][tid=10][id=16][SYS_IOCTL][0m
[32m[     5.866][0m [34mINFO  [0m: [39m[0m[39m[pid=10][tid=10][id=16][SYS_IOCTL][0m
[32m[     5.867][0m [34mINFO  [0m: [39m[0m[39m[pid=10][tid=10][id=16][SYS_IOCTL][0m
[32m[     5.868][0m [34mINFO  [0m: [39m[0m[39m[pid=10][tid=10][id=16][SYS_IOCTL][0m
[32m[     5.869][0m [34mINFO  [0m: [39m[0m[39m[pid=10][tid=10][id=16][SYS_IOCTL][0m
[32m[     5.870][0m [34mINFO  [0m: [39m[0m[39m[pid=10][tid=10][id=16][SYS_IOCTL][0m
[32m[     5.871][0m [34mINFO  [0m: [39m[0m[39m[pid=10][tid=10][id=13][SYS_RT_SIGACTION][0m
[32m[     5.872][0m [34mINFO  [0m: [39m[0m[39m[pid=10][tid=10][id=58][SYS_VFORK][0m
[32m[     5.873][0m [34mINFO  [0m: [39m[0m[39m[pid=11][tid=11][id=3][SYS_CLOSE][0m
[32m[     5.874][0m [34mINFO  [0m: [39m[0m[39m[pid=11][tid=11][id=3][SYS_CLOSE][0m
[32m[     5.875][0m [34mINFO  [0m: [39m[0m[39m[pid=11][tid=11][id=257][SYS_OPENAT][0m
[32m[     5.876][0m [34mINFO  [0m: [39m[0m[39m[pid=11][tid=11][id=33][SYS_DUP2][0m
[32m[     5.877][0m [34mINFO  [0m: [39m[0m[39m[pid=11][tid=11][id=33][SYS_DUP2][0m
[32m[     5.878][0m [34mINFO  [0m: [39m[0m[39m[pid=11][tid=11][id=16][SYS_IOCTL][0m
[32m[     5.879][0m [34mINFO  [0m: [39m[0m[39m[pid=11][tid=11][id=16][SYS_IOCTL][0m
[32m[     5.880][0m [34mINFO  [0m: [39m[0m[39m[pid=11][tid=11][id=112][SYS_SETSID][0m
[32m[     5.881][0m [34mINFO  [0m: [39m[0m[39m[pid=11][tid=11][id=16][SYS_IOCTL][0m
[32m[     5.882][0m [34mINFO  [0m: [39m[0m[39m[pid=11][tid=11][id=59][SYS_EXECVE][0m
[32m[     5.884][0m [34mINFO  [0m: [39m[0m[39m[pid=11][tid=11][id=12][SYS_BRK][0m
[32m[     5.885][0m [34mINFO  [0m: [39m[0m[39m[pid=10][tid=10][id=257][SYS_OPENAT][0m
[32m[     5.886][0m [34mINFO  [0m: [39m[0m[39m[pid=11][tid=11][id=9][SYS_MMAP][0m
[32m[     5.887][0m [34mINFO  [0m: [39m[0m[39m[pid=10][tid=10][id=72][SYS_FCNTL][0m
[32m[     5.888][0m [34mINFO  [0m: [39m[0m[39m[pid=11][tid=11][id=21][SYS_ACCESS][0m
[32m[     5.889][0m [34mINFO  [0m: [39m[0m[39m[pid=10][tid=10][id=72][SYS_FCNTL][0m
[32m[     5.890][0m [34mINFO  [0m: [39m[0m[39m[pid=11][tid=11][id=257][SYS_OPENAT][0m
[32m[     5.891][0m [34mINFO  [0m: [39m[0m[39m[pid=10][tid=10][id=7][SYS_POLL][0m
[32m[     5.892][0m [34mINFO  [0m: [39m[0m[39m[pid=11][tid=11][id=262][SYS_FSTATAT][0m
[32m[     5.893][0m [34mINFO  [0m: [39m[0m[39m[pid=11][tid=11][id=257][SYS_OPENAT][0m
[32m[     5.894][0m [34mINFO  [0m: [39m[0m[39m[pid=11][tid=11][id=262][SYS_FSTATAT][0m
[32m[     5.895][0m [34mINFO  [0m: [39m[0m[39m[pid=11][tid=11][id=257][SYS_OPENAT][0m
[32m[     5.896][0m [34mINFO  [0m: [39m[0m[39m[pid=11][tid=11][id=0][SYS_READ][0m
[32m[     5.897][0m [34mINFO  [0m: [39m[0m[39m[pid=11][tid=11][id=5][SYS_FSTAT][0m
[32m[     5.898][0m [34mINFO  [0m: [39m[0m[39m[pid=11][tid=11][id=9][SYS_MMAP][0m
[32m[     5.899][0m [34mINFO  [0m: [39m[0m[39m[pid=11][tid=11][id=9][SYS_MMAP][0m
[32m[     5.900][0m [34mINFO  [0m: [39m[0m[39m[pid=11][tid=11][id=9][SYS_MMAP][0m
[32m[     5.901][0m [34mINFO  [0m: [39m[0m[39m[pid=11][tid=11][id=9][SYS_MMAP][0m
[32m[     5.902][0m [34mINFO  [0m: [39m[0m[39m[pid=11][tid=11][id=3][SYS_CLOSE][0m
[32m[     5.903][0m [34mINFO  [0m: [39m[0m[39m[pid=11][tid=11][id=257][SYS_OPENAT][0m
[32m[     5.904][0m [34mINFO  [0m: [39m[0m[39m[pid=11][tid=11][id=0][SYS_READ][0m
[32m[     5.905][0m [34mINFO  [0m: [39m[0m[39m[pid=11][tid=11][id=5][SYS_FSTAT][0m
[32m[     5.906][0m [34mINFO  [0m: [39m[0m[39m[pid=11][tid=11][id=9][SYS_MMAP][0m
[32m[     5.907][0m [34mINFO  [0m: [39m[0m[39m[pid=11][tid=11][id=9][SYS_MMAP][0m
[32m[     5.908][0m [34mINFO  [0m: [39m[0m[39m[pid=11][tid=11][id=9][SYS_MMAP][0m
[32m[     5.909][0m [34mINFO  [0m: [39m[0m[39m[pid=11][tid=11][id=9][SYS_MMAP][0m
[32m[     5.910][0m [34mINFO  [0m: [39m[0m[39m[pid=11][tid=11][id=9][SYS_MMAP][0m
[32m[     5.911][0m [34mINFO  [0m: [39m[0m[39m[pid=11][tid=11][id=3][SYS_CLOSE][0m
[32m[     5.912][0m [34mINFO  [0m: [39m[0m[39m[pid=11][tid=11][id=257][SYS_OPENAT][0m
[32m[     5.913][0m [34mINFO  [0m: [39m[0m[39m[pid=11][tid=11][id=0][SYS_READ][0m
[32m[     5.914][0m [34mINFO  [0m: [39m[0m[39m[pid=11][tid=11][id=17][SYS_PREAD64][0m
[32m[     5.915][0m [34mINFO  [0m: [39m[0m[39m[pid=11][tid=11][id=5][SYS_FSTAT][0m
[32m[     5.916][0m [34mINFO  [0m: [39m[0m[39m[pid=11][tid=11][id=17][SYS_PREAD64][0m
[32m[     5.917][0m [34mINFO  [0m: [39m[0m[39m[pid=11][tid=11][id=9][SYS_MMAP][0m
[32m[     5.918][0m [34mINFO  [0m: [39m[0m[39m[pid=11][tid=11][id=9][SYS_MMAP][0m
[32m[     5.919][0m [34mINFO  [0m: [39m[0m[39m[pid=11][tid=11][id=9][SYS_MMAP][0m
[32m[     5.920][0m [34mINFO  [0m: [39m[0m[39m[pid=11][tid=11][id=9][SYS_MMAP][0m
[32m[     5.921][0m [34mINFO  [0m: [39m[0m[39m[pid=11][tid=11][id=9][SYS_MMAP][0m
[32m[     5.922][0m [34mINFO  [0m: [39m[0m[39m[pid=11][tid=11][id=3][SYS_CLOSE][0m
[32m[     5.923][0m [34mINFO  [0m: [39m[0m[39m[pid=11][tid=11][id=9][SYS_MMAP][0m
[32m[     5.924][0m [34mINFO  [0m: [39m[0m[39m[pid=11][tid=11][id=158][SYS_ARCH_PRCTL][0m
[32m[     5.925][0m [34mINFO  [0m: [39m[0m[39m[pid=11][tid=11][id=218][SYS_SET_TID_ADDRESS][0m
[32m[     5.926][0m [34mINFO  [0m: [39m[0m[39m[pid=11][tid=11][id=273][SYS_SET_ROBUST_LIST][0m
[32m[     5.927][0m [93mWARN  [0m: [39m[0m[39mUnimplemented syscall number: 334[0m
[32m[     5.928][0m [34mINFO  [0m: [39m[0m[39m[pid=11][tid=11][id=10][SYS_MPROTECT][0m
[32m[     5.929][0m [34mINFO  [0m: [39m[0m[39m[pid=11][tid=11][id=10][SYS_MPROTECT][0m
[32m[     5.930][0m [34mINFO  [0m: [39m[0m[39m[pid=11][tid=11][id=10][SYS_MPROTECT][0m
[32m[     5.931][0m [34mINFO  [0m: [39m[0m[39m[pid=11][tid=11][id=10][SYS_MPROTECT][0m
[32m[     5.932][0m [34mINFO  [0m: [39m[0m[39m[pid=11][tid=11][id=10][SYS_MPROTECT][0m
[32m[     5.933][0m [34mINFO  [0m: [39m[0m[39m[pid=11][tid=11][id=302][SYS_PRLIMIT64][0m
[32m[     5.934][0m [34mINFO  [0m: [39m[0m[39m[pid=11][tid=11][id=318][SYS_GETRANDOM][0m
[32m[     5.935][0m [34mINFO  [0m: [39m[0m[39m[pid=11][tid=11][id=102][SYS_GETUID][0m
[32m[     5.936][0m [34mINFO  [0m: [39m[0m[39m[pid=11][tid=11][id=12][SYS_BRK][0m
[32m[     5.937][0m [34mINFO  [0m: [39m[0m[39m[pid=11][tid=11][id=12][SYS_BRK][0m
[32m[     5.938][0m [34mINFO  [0m: [39m[0m[39m[pid=11][tid=11][id=39][SYS_GETPID][0m
[32m[     5.939][0m [34mINFO  [0m: [39m[0m[39m[pid=11][tid=11][id=13][SYS_RT_SIGACTION][0m
[32m[     5.940][0m [34mINFO  [0m: [39m[0m[39m[pid=11][tid=11][id=110][SYS_GETPPID][0m
[32m[     5.941][0m [34mINFO  [0m: [39m[0m[39m[pid=11][tid=11][id=63][SYS_UNAME][0m
[32m[     5.942][0m [34mINFO  [0m: [39m[0m[39m[pid=11][tid=11][id=262][SYS_FSTATAT][0m
[32m[     5.943][0m [34mINFO  [0m: [39m[0m[39m[pid=11][tid=11][id=262][SYS_FSTATAT][0m
[32m[     5.944][0m [34mINFO  [0m: [39m[0m[39m[pid=11][tid=11][id=13][SYS_RT_SIGACTION][0m
[32m[     5.945][0m [34mINFO  [0m: [39m[0m[39m[pid=11][tid=11][id=13][SYS_RT_SIGACTION][0m
[32m[     5.946][0m [34mINFO  [0m: [39m[0m[39m[pid=11][tid=11][id=13][SYS_RT_SIGACTION][0m
[32m[     5.947][0m [34mINFO  [0m: [39m[0m[39m[pid=11][tid=11][id=13][SYS_RT_SIGACTION][0m
[32m[     5.948][0m [34mINFO  [0m: [39m[0m[39m[pid=11][tid=11][id=13][SYS_RT_SIGACTION][0m
[32m[     5.949][0m [34mINFO  [0m: [39m[0m[39m[pid=11][tid=11][id=262][SYS_FSTATAT][0m
[32m[     5.950][0m [34mINFO  [0m: [39m[0m[39m[pid=11][tid=11][id=59][SYS_EXECVE][0m
[32m[     5.953][0m [34mINFO  [0m: [39m[0m[39m[pid=11][tid=11][id=12][SYS_BRK][0m
[32m[     5.954][0m [34mINFO  [0m: [39m[0m[39m[pid=11][tid=11][id=9][SYS_MMAP][0m
[32m[     5.955][0m [34mINFO  [0m: [39m[0m[39m[pid=11][tid=11][id=21][SYS_ACCESS][0m
[32m[     5.956][0m [34mINFO  [0m: [39m[0m[39m[pid=11][tid=11][id=257][SYS_OPENAT][0m
[32m[     5.957][0m [34mINFO  [0m: [39m[0m[39m[pid=11][tid=11][id=262][SYS_FSTATAT][0m
[32m[     5.958][0m [34mINFO  [0m: [39m[0m[39m[pid=11][tid=11][id=257][SYS_OPENAT][0m
[32m[     5.959][0m [34mINFO  [0m: [39m[0m[39m[pid=11][tid=11][id=262][SYS_FSTATAT][0m
[32m[     5.960][0m [34mINFO  [0m: [39m[0m[39m[pid=11][tid=11][id=257][SYS_OPENAT][0m
[32m[     5.961][0m [34mINFO  [0m: [39m[0m[39m[pid=11][tid=11][id=0][SYS_READ][0m
[32m[     5.962][0m [34mINFO  [0m: [39m[0m[39m[pid=11][tid=11][id=5][SYS_FSTAT][0m
[32m[     5.963][0m [34mINFO  [0m: [39m[0m[39m[pid=11][tid=11][id=9][SYS_MMAP][0m
[32m[     5.964][0m [34mINFO  [0m: [39m[0m[39m[pid=11][tid=11][id=9][SYS_MMAP][0m
[32m[     5.965][0m [34mINFO  [0m: [39m[0m[39m[pid=11][tid=11][id=9][SYS_MMAP][0m
[32m[     5.966][0m [34mINFO  [0m: [39m[0m[39m[pid=11][tid=11][id=9][SYS_MMAP][0m
[32m[     5.967][0m [34mINFO  [0m: [39m[0m[39m[pid=11][tid=11][id=3][SYS_CLOSE][0m
[32m[     5.968][0m [34mINFO  [0m: [39m[0m[39m[pid=11][tid=11][id=257][SYS_OPENAT][0m
[32m[     5.969][0m [34mINFO  [0m: [39m[0m[39m[pid=11][tid=11][id=0][SYS_READ][0m
[32m[     5.970][0m [34mINFO  [0m: [39m[0m[39m[pid=11][tid=11][id=5][SYS_FSTAT][0m
[32m[     5.971][0m [34mINFO  [0m: [39m[0m[39m[pid=11][tid=11][id=9][SYS_MMAP][0m
[32m[     5.972][0m [34mINFO  [0m: [39m[0m[39m[pid=11][tid=11][id=9][SYS_MMAP][0m
[32m[     5.973][0m [34mINFO  [0m: [39m[0m[39m[pid=11][tid=11][id=9][SYS_MMAP][0m
[32m[     5.974][0m [34mINFO  [0m: [39m[0m[39m[pid=11][tid=11][id=9][SYS_MMAP][0m
[32m[     5.975][0m [34mINFO  [0m: [39m[0m[39m[pid=11][tid=11][id=9][SYS_MMAP][0m
[32m[     5.976][0m [34mINFO  [0m: [39m[0m[39m[pid=11][tid=11][id=3][SYS_CLOSE][0m
[32m[     5.977][0m [34mINFO  [0m: [39m[0m[39m[pid=11][tid=11][id=257][SYS_OPENAT][0m
[32m[     5.978][0m [34mINFO  [0m: [39m[0m[39m[pid=11][tid=11][id=0][SYS_READ][0m
[32m[     5.979][0m [34mINFO  [0m: [39m[0m[39m[pid=11][tid=11][id=17][SYS_PREAD64][0m
[32m[     5.980][0m [34mINFO  [0m: [39m[0m[39m[pid=11][tid=11][id=5][SYS_FSTAT][0m
[32m[     5.981][0m [34mINFO  [0m: [39m[0m[39m[pid=11][tid=11][id=17][SYS_PREAD64][0m
[32m[     5.982][0m [34mINFO  [0m: [39m[0m[39m[pid=11][tid=11][id=9][SYS_MMAP][0m
[32m[     5.983][0m [34mINFO  [0m: [39m[0m[39m[pid=11][tid=11][id=9][SYS_MMAP][0m
[32m[     5.984][0m [34mINFO  [0m: [39m[0m[39m[pid=11][tid=11][id=9][SYS_MMAP][0m
[32m[     5.985][0m [34mINFO  [0m: [39m[0m[39m[pid=11][tid=11][id=9][SYS_MMAP][0m
[32m[     5.986][0m [34mINFO  [0m: [39m[0m[39m[pid=11][tid=11][id=9][SYS_MMAP][0m
[32m[     5.987][0m [34mINFO  [0m: [39m[0m[39m[pid=11][tid=11][id=3][SYS_CLOSE][0m
[32m[     5.988][0m [34mINFO  [0m: [39m[0m[39m[pid=11][tid=11][id=9][SYS_MMAP][0m
[32m[     5.989][0m [34mINFO  [0m: [39m[0m[39m[pid=11][tid=11][id=158][SYS_ARCH_PRCTL][0m
[32m[     5.990][0m [34mINFO  [0m: [39m[0m[39m[pid=11][tid=11][id=218][SYS_SET_TID_ADDRESS][0m
[32m[     5.991][0m [34mINFO  [0m: [39m[0m[39m[pid=11][tid=11][id=273][SYS_SET_ROBUST_LIST][0m
[32m[     5.992][0m [93mWARN  [0m: [39m[0m[39mUnimplemented syscall number: 334[0m
[32m[     5.993][0m [34mINFO  [0m: [39m[0m[39m[pid=11][tid=11][id=10][SYS_MPROTECT][0m
[32m[     5.994][0m [34mINFO  [0m: [39m[0m[39m[pid=11][tid=11][id=10][SYS_MPROTECT][0m
[32m[     5.995][0m [34mINFO  [0m: [39m[0m[39m[pid=11][tid=11][id=10][SYS_MPROTECT][0m
[32m[     5.996][0m [34mINFO  [0m: [39m[0m[39m[pid=11][tid=11][id=10][SYS_MPROTECT][0m
[32m[     5.997][0m [34mINFO  [0m: [39m[0m[39m[pid=11][tid=11][id=10][SYS_MPROTECT][0m
[32m[     5.998][0m [34mINFO  [0m: [39m[0m[39m[pid=11][tid=11][id=302][SYS_PRLIMIT64][0m
[32m[     5.999][0m [34mINFO  [0m: [39m[0m[39m[pid=11][tid=11][id=318][SYS_GETRANDOM][0m
[32m[     6.000][0m [34mINFO  [0m: [39m[0m[39m[pid=11][tid=11][id=102][SYS_GETUID][0m
[32m[     6.001][0m [34mINFO  [0m: [39m[0m[39m[pid=11][tid=11][id=12][SYS_BRK][0m
[32m[     6.002][0m [34mINFO  [0m: [39m[0m[39m[pid=11][tid=11][id=12][SYS_BRK][0m
[32m[     6.003][0m [34mINFO  [0m: [39m[0m[39m[pid=11][tid=11][id=39][SYS_GETPID][0m
[32m[     6.004][0m [34mINFO  [0m: [39m[0m[39m[pid=11][tid=11][id=13][SYS_RT_SIGACTION][0m
[32m[     6.005][0m [34mINFO  [0m: [39m[0m[39m[pid=11][tid=11][id=110][SYS_GETPPID][0m
[32m[     6.006][0m [34mINFO  [0m: [39m[0m[39m[pid=11][tid=11][id=63][SYS_UNAME][0m
[32m[     6.007][0m [34mINFO  [0m: [39m[0m[39m[pid=11][tid=11][id=262][SYS_FSTATAT][0m
[32m[     6.008][0m [34mINFO  [0m: [39m[0m[39m[pid=11][tid=11][id=262][SYS_FSTATAT][0m
[32m[     6.009][0m [34mINFO  [0m: [39m[0m[39m[pid=11][tid=11][id=16][SYS_IOCTL][0m
[32m[     6.010][0m [34mINFO  [0m: [39m[0m[39m[pid=11][tid=11][id=16][SYS_IOCTL][0m
[32m[     6.011][0m [34mINFO  [0m: [39m[0m[39m[pid=11][tid=11][id=13][SYS_RT_SIGACTION][0m
[32m[     6.012][0m [34mINFO  [0m: [39m[0m[39m[pid=11][tid=11][id=13][SYS_RT_SIGACTION][0m
[32m[     6.013][0m [34mINFO  [0m: [39m[0m[39m[pid=11][tid=11][id=13][SYS_RT_SIGACTION][0m
[32m[     6.014][0m [34mINFO  [0m: [39m[0m[39m[pid=11][tid=11][id=13][SYS_RT_SIGACTION][0m
[32m[     6.015][0m [34mINFO  [0m: [39m[0m[39m[pid=11][tid=11][id=13][SYS_RT_SIGACTION][0m
[32m[     6.016][0m [34mINFO  [0m: [39m[0m[39m[pid=11][tid=11][id=13][SYS_RT_SIGACTION][0m
[32m[     6.017][0m [34mINFO  [0m: [39m[0m[39m[pid=11][tid=11][id=257][SYS_OPENAT][0m
[32m[     6.018][0m [34mINFO  [0m: [39m[0m[39m[pid=11][tid=11][id=72][SYS_FCNTL][0m
[32m[     6.019][0m [34mINFO  [0m: [39m[0m[39m[pid=11][tid=11][id=3][SYS_CLOSE][0m
[32m[     6.020][0m [34mINFO  [0m: [39m[0m[39m[pid=11][tid=11][id=16][SYS_IOCTL][0m
[32m[     6.021][0m [34mINFO  [0m: [39m[0m[39m[pid=11][tid=11][id=111][SYS_GETPGRP][0m
[32m[     6.022][0m [34mINFO  [0m: [39m[0m[39m[pid=11][tid=11][id=13][SYS_RT_SIGACTION][0m
[32m[     6.023][0m [34mINFO  [0m: [39m[0m[39m[pid=11][tid=11][id=13][SYS_RT_SIGACTION][0m
[32m[     6.024][0m [34mINFO  [0m: [39m[0m[39m[pid=11][tid=11][id=13][SYS_RT_SIGACTION][0m
[32m[     6.025][0m [34mINFO  [0m: [39m[0m[39m[pid=11][tid=11][id=13][SYS_RT_SIGACTION][0m
[32m[     6.026][0m [34mINFO  [0m: [39m[0m[39m[pid=11][tid=11][id=13][SYS_RT_SIGACTION][0m
[32m[     6.027][0m [34mINFO  [0m: [39m[0m[39m[pid=11][tid=11][id=109][SYS_SETPGID][0m
[32m[     6.028][0m [34mINFO  [0m: [39m[0m[39m[pid=11][tid=11][id=16][SYS_IOCTL][0m
[32m[     6.029][0m [34mINFO  [0m: [39m[0m[39m[pid=11][tid=11][id=257][SYS_OPENAT][0m
[32m[     6.030][0m [34mINFO  [0m: [39m[0m[39m[pid=11][tid=11][id=72][SYS_FCNTL][0m
[32m[     6.031][0m [34mINFO  [0m: [39m[0m[39m[pid=11][tid=11][id=3][SYS_CLOSE][0m
[32m[     6.032][0m [34mINFO  [0m: [39m[0m[39m[pid=11][tid=11][id=0][SYS_READ][0m
[32m[     6.033][0m [34mINFO  [0m: [39m[0m[39m[pid=11][tid=11][id=262][SYS_FSTATAT][0m
[32m[     6.034][0m [34mINFO  [0m: [39m[0m[39m[pid=11][tid=11][id=0][SYS_READ][0m
[32m[     6.035][0m [34mINFO  [0m: [39m[0m[39m[pid=11][tid=11][id=3][SYS_CLOSE][0m
[32m[     6.036][0m [34mINFO  [0m: [39m[0m[39m[pid=11][tid=11][id=257][SYS_OPENAT][0m
[32m[     6.037][0m [34mINFO  [0m: [39m[0m[39m[pid=11][tid=11][id=262][SYS_FSTATAT][0m
[32m[     6.038][0m [34mINFO  [0m: [39m[0m[39m[pid=11][tid=11][id=16][SYS_IOCTL][0m
[32m[     6.039][0m [34mINFO  [0m: [39m[0m[39m[pid=11][tid=11][id=257][SYS_OPENAT][0m
[32m[     6.040][0m [34mINFO  [0m: [39m[0m[39m[pid=11][tid=11][id=16][SYS_IOCTL][0m
[32m[     6.041][0m [34mINFO  [0m: [39m[0m[39m[pid=11][tid=11][id=16][SYS_IOCTL][0m
[32m[     6.042][0m [34mINFO  [0m: [39m[0m[39m[pid=11][tid=11][id=107][SYS_GETEUID][0m
[32m[     6.043][0m [34mINFO  [0m: [39m[0m[39m[pid=11][tid=11][id=5][SYS_FSTAT][0m
[32m[     6.044][0m [34mINFO  [0m: [39m[0m[39m[pid=11][tid=11][id=13][SYS_RT_SIGACTION][0m
[32m[     6.045][0m [34mINFO  [0m: [39m[0m[39m[pid=11][tid=11][id=1][SYS_WRITE][0m
[32m[     6.046][0m [34mINFO  [0m: [39m[0m[39m[pid=11][tid=11][id=7][SYS_POLL][0m
[32m[     6.047][0m [34mINFO  [0m: [39m[0m[39m[pid=10][tid=10][id=0][SYS_READ][0m
[32m[     6.048][0m [34mINFO  [0m: [39m[0m[39m[pid=10][tid=10][id=1][SYS_WRITE][0m
~ # [32m[     