[2J[01;01H[=3h[2J[01;01H[2J[01;01H[8;042;160t0[2J[01;01H[2J[01;01H[8;056;240t0[2J[01;01HBdsDxe: loading Boot0002 "UEFI QEMU DVD-ROM QM00005 " from PciRoot(0x0)/Pci(0x1F,0x2)/Sata(0x2,0xFFFF,0x0)
BdsDxe: starting Boot0002 "UEFI QEMU DVD-ROM QM00005 " from PciRoot(0x0)/Pci(0x1F,0x2)/Sata(0x2,0xFFFF,0x0)
WARNING: no console will be available to OS
error: no suitable video mode found.
INFO: Initializing frame metadata for physical memory up to 80000000
INFO: Adding free frames to the allocator: 0..3000
INFO: Adding free frames to the allocator: 4000..8000
INFO: Adding free frames to the allocator: 9000..a0000
INFO: Adding free frames to the allocator: 100000..800000
INFO: Adding free frames to the allocator: 808000..80b000
INFO: Adding free frames to the allocator: 80c000..811000
INFO: Adding free frames to the allocator: 900000..8000000
INFO: Adding free frames to the allocator: 91d2000..a244000
INFO: Adding free frames to the allocator: ce0c000..7f8ed000
INFO: Adding free frames to the allocator: 7fbff000..7fec0000
INFO: Adding free frames to the allocator: 7fec6000..7fef4000
INFO: Initializing the kernel page table
INFO: Creating new I/O memory allocator builder, ranges: [
    0x80000000..0x100000000,
    0x100000000..0x10000000000000,
]
INFO: x2APIC found!
INFO: irq: Initializing PIC as disabled
INFO: irq: IOAPIC found at 0xfec00000, ID 0, version 32, interrupt base 0, interrupt count 23
INFO: irq: IOAPIC override: ISA interrupt 0 for GSI 2
INFO: irq: IOAPIC override: ISA interrupt 5 for GSI 5
INFO: irq: IOAPIC override: ISA interrupt 9 for GSI 9
INFO: irq: IOAPIC override: ISA interrupt 10 for GSI 10
INFO: irq: IOAPIC override: ISA interrupt 11 for GSI 11
INFO: x2APIC ID: 0, Version: 14, Max LVT: 5
INFO: TSC frequency: 2435730840 Hz
INFO: timer: Enable APIC TSC deadline mode
WARN: IOMMU initialization error: NoIommu
INFO: acpi: Collected information AcpiInfo { century_register: Some(50), boot_flags: Some(IaPcBootArchFlags(2)), reset_port_and_val: Some((3321, 15)), pci_ecam_region: Some(PciEcamRegion { base_address: 3758096384, bus_start: 0, bus_end: 255 }) }
INFO: QEMU hypervisor detected, assuming that the isa-debug-exit device exists
OSTD initialized. Preparing components.
WARN: framebuffer: Framebuffer not found
INFO: pci: initializing the PCI bus with bus numbers `0..=255`
INFO: i8042: ACPI says i8042 controller is present
INFO: i8042: PS/2 keyboard device ID: 0xAB
INFO: input: registered device i8042_keyboard
INFO: i8042: PS/2 mouse device ID: 0x00
INFO: i8042: PS/2 mouse upgraded device ID: 0x03
INFO: input: registered device i8042_mouse
[32m[     0.636][0m [34mINFO  [0m: [39m[0m[39mComponent initialize complete[0m
[32m[     0.637][0m [34mINFO  [0m: [39m[0m[39mComponent initializing: ComponentInfo { name: "aster-uart", path: "/tmp/dpf-platform-baseline-20261003/kernel/core/comps/uart", priority: 1 }[0m
[32m[     0.638][0m [34mINFO  [0m: [39muart: [0m[39mRegistered NS16550A as a console[0m
[32m[     0.639][0m [34mINFO  [0m: [39m[0m[39mComponent initialize complete[0m
[32m[     0.640][0m [34mINFO  [0m: [39m[0m[39mComponent initializing: ComponentInfo { name: "aster-virtio", path: "/tmp/dpf-platform-baseline-20261003/kernel/core/comps/virtio", priority: 2 }[0m
[32m[     0.642][0m [34mINFO  [0m: [39m[0m[39mComponent initialize complete[0m
[32m[     0.643][0m [34mINFO  [0m: [39m[0m[39mAll components initialization in Bootstrap stage completed[0m
[32m[     0.644][0m [34mINFO  [0m: [39m[0m[39muse randomness generated by hardware[0m
[32m[     0.645][0m [34mINFO  [0m: [39m[0m[39mFound an input device, name: i8042_keyboard[0m
[32m[     0.646][0m [34mINFO  [0m: [39m[0m[39mFound an input device, name: i8042_mouse[0m
[32m[     0.657][0m [34mINFO  [0m: [39m[0m[39m[kernel] LSM module enabled: capability[0m
[32m[     0.658][0m [34mINFO  [0m: [39m[0m[39m[kernel] LSM module enabled: yama[0m
[32m[     0.659][0m [34mINFO  [0m: [39m[0m[39mIdle thread for CPU #0 started[0m
Spawn the first kernel thread
[32m[     0.661][0m [34mINFO  [0m: [39m[0m[39mExists components that are not initialized[0m
[32m[     0.662][0m [34mINFO  [0m: [39m[0m[39mComponents initializing in Kthread stage...[0m
[32m[     0.663][0m [34mINFO  [0m: [39m[0m[39mAll components initialization in Kthread stage completed[0m
[32m[     0.664][0m [34mINFO  [0m: [39minput: [0m[39msuccessfully connected handler class evdev to device i8042_keyboard[0m
[32m[     0.665][0m [34mINFO  [0m: [39minput: [0m[39msuccessfully connected handler class evdev to device i8042_mouse[0m
[32m[     0.666][0m [34mINFO  [0m: [39minput: [0m[39mregistered handler class evdev[0m
[32m[     0.667][0m [34mINFO  [0m: [39m[0m[39mEvdev device support initialized[0m
[kernel] unpacking initramfs.cpio.gz to rootfs ...
[kernel] initramfs is ready

                                  [38;2;87;180;249m.[39m[38;2;89;185;249m.[39m[38;2;91;189;250m.[39m[38;2;93;193;250m.[39m[38;2;94;197;250m.[39m[38;2;96;201;250m.[39m
                                [38;2;83;172;249m.[39m[38;2;85;176;249m-[39m[38;2;87;180;249m+[39m[38;2;89;185;249m+[39m[38;2;91;189;250m+[39m[38;2;93;193;250m+[39m[38;2;94;197;250m=[39m[38;2;96;201;250m:[39m
                               [38;2;82;168;249m.[39m[38;2;83;172;249m=[39m[38;2;85;176;249m+[39m[38;2;87;180;249m+[39m[38;2;89;185;249m+[39m[38;2;91;189;250m+[39m[38;2;93;193;250m+[39m[38;2;94;197;250m=[39m[38;2;96;201;250m:[39m
                              [38;2;80;163;249m:[39m[38;2;82;168;249m+[39m[38;2;83;172;249m+[39m[38;2;85;176;249m+[39m[38;2;87;180;249m+[39m[38;2;89;185;249m+[39m[38;2;91;189;250m+[39m[38;2;93;193;250m+[39m[38;2;94;197;250m=[39m[38;2;96;201;250m:[39m
                            [38;2;76;155;248m.[39m[38;2;78;159;248m-[39m[38;2;80;163;249m+[39m[38;2;82;168;249m+[39m[38;2;83;172;249m+[39m[38;2;85;176;249m+[39m[38;2;87;180;249m+[39m[38;2;89;185;249m+[39m[38;2;91;189;250m+[39m[38;2;93;193;250m+[39m[38;2;94;197;250m=[39m[38;2;96;201;250m.[39m
                           [38;2;74;151;248m.[39m[38;2;76;155;248m=[39m[38;2;78;159;248m*[39m[38;2;80;163;249m*[39m[38;2;82;168;249m+[39m[38;2;83;172;249m+[39m[38;2;85;176;249m=[39m[38;2;87;180;249m=[39m[38;2;89;185;249m+[39m[38;2;91;189;250m+[39m[38;2;93;193;250m+[39m[38;2;94;197;250m=[39m[38;2;96;201;250m.[39m
                          [38;2;73;147;248m:[39m[38;2;74;151;248m*[39m[38;2;76;155;248m*[39m[38;2;78;159;248m*[39m[38;2;80;163;249m*[39m[38;2;82;168;249m+[39m[38;2;83;172;249m-[39m[38;2;85;176;249m.[39m[38;2;87;180;249m=[39m[38;2;89;185;249m+[39m[38;2;91;189;250m+[39m[38;2;93;193;250m+[39m[38;2;94;197;250m=[39m[38;2;96;201;250m.[39m
                        [38;2;69;138;248m.[39m[38;2;71;142;248m=[39m[38;2;73;147;248m*[39m[38;2;74;151;248m*[39m[38;2;76;155;248m*[39m[38;2;78;159;248m*[39m[38;2;80;163;249m+[39m[38;2;82;168;249m:[39m [38;2;85;176;249m.[39m[38;2;87;180;249m+[39m[38;2;89;185;249m+[39m[38;2;91;189;250m+[39m[38;2;93;193;250m+[39m[38;2;94;197;250m=[39m[38;2;96;201;250m.[39m
                       [38;2;67;134;248m.[39m[38;2;69;138;248m+[39m[38;2;71;142;248m*[39m[38;2;73;147;248m*[39m[38;2;74;151;248m*[39m[38;2;76;155;248m*[39m[38;2;78;159;248m=[39m[38;2;80;163;249m.[39m  [38;2;85;176;249m.[39m[38;2;87;180;249m+[39m[38;2;89;185;249m+[39m[38;2;91;189;250m+[39m[38;2;93;193;250m+[39m[38;2;94;197;250m-[39m
                     [38;2;63;125;247m.[39m[38;2;65;130;247m-[39m[38;2;67;134;248m*[39m[38;2;69;138;248m*[39m[38;2;71;142;248m*[39m[38;2;73;147;248m*[39m[38;2;74;151;248m*[39m[38;2;76;155;248m=[39m[38;2;78;159;248m.[39m   [38;2;85;176;249m:[39m[38;2;87;180;249m+[39m[38;2;89;185;249m+[39m[38;2;91;189;250m+[39m[38;2;93;193;250m+[39m[38;2;94;197;250m-[39m
    [38;2;33;54;245m.[39m[38;2;34;58;245m:[39m[38;2;36;62;245m:[39m[38;2;38;66;245m-[39m[38;2;40;70;245m=[39m[38;2;42;75;245m=[39m[38;2;43;79;245m=[39m[38;2;45;83;246m=[39m[38;2;47;87;246m=[39m[38;2;49;92;246m=[39m[38;2;51;96;246m=[39m[38;2;53;100;246m=[39m[38;2;54;104;246m=[39m[38;2;56;108;247m=[39m[38;2;58;113;247m=[39m[38;2;60;117;247m=[39m[38;2;62;121;247m=[39m[38;2;63;125;247m+[39m[38;2;65;130;247m*[39m[38;2;67;134;248m*[39m[38;2;69;138;248m*[39m[38;2;71;142;248m*[39m[38;2;73;147;248m*[39m[38;2;74;151;248m+[39m[38;2;76;155;248m-[39m[38;2;78;159;248m-[39m[38;2;80;163;249m-[39m[38;2;82;168;249m-[39m[38;2;83;172;249m-[39m[38;2;85;176;249m=[39m[38;2;87;180;249m+[39m[38;2;89;185;249m+[39m[38;2;91;189;250m+[39m[38;2;93;193;250m+[39m[38;2;94;197;250m=[39m[38;2;96;201;250m-[39m[38;2;98;206;250m:[39m[38;2;100;210;250m:[39m[38;2;102;214;251m:[39m[38;2;103;218;251m:[39m[38;2;105;223;251m:[39m[38;2;107;227;251m:[39m[38;2;109;231;251m:[39m[38;2;111;235;251m.[39m
        [38;2;40;70;245m.[39m[38;2;42;75;245m.[39m[38;2;43;79;245m:[39m[38;2;45;83;246m-[39m[38;2;47;87;246m*[39m[38;2;49;92;246m#[39m[38;2;51;96;246m#[39m[38;2;53;100;246m#[39m[38;2;54;104;246m#[39m[38;2;56;108;247m#[39m[38;2;58;113;247m#[39m[38;2;60;117;247m#[39m[38;2;62;121;247m#[39m[38;2;63;125;247m#[39m[38;2;65;130;247m*[39m[38;2;67;134;248m*[39m[38;2;69;138;248m*[39m[38;2;71;142;248m*[39m[38;2;73;147;248m*[39m[38;2;74;151;248m*[39m[38;2;76;155;248m*[39m[38;2;78;159;248m*[39m[38;2;80;163;249m*[39m[38;2;82;168;249m+[39m[38;2;83;172;249m+[39m[38;2;85;176;249m+[39m[38;2;87;180;249m+[39m[38;2;89;185;249m+[39m[38;2;91;189;250m+[39m[38;2;93;193;250m+[39m[38;2;94;197;250m=[39m[38;2;96;201;250m=[39m[38;2;98;206;250m=[39m[38;2;100;210;250m=[39m[38;2;102;214;251m=[39m[38;2;103;218;251m=[39m[38;2;105;223;251m=[39m[38;2;107;227;251m:[39m[38;2;109;231;251m.[39m
              [38;2;51;96;246m.[39m[38;2;53;100;246m:[39m[38;2;54;104;246m+[39m[38;2;56;108;247m*[39m[38;2;58;113;247m#[39m[38;2;60;117;247m#[39m[38;2;62;121;247m#[39m[38;2;63;125;247m#[39m[38;2;65;130;247m#[39m[38;2;67;134;248m*[39m[38;2;69;138;248m*[39m[38;2;71;142;248m*[39m[38;2;73;147;248m*[39m[38;2;74;151;248m+[39m[38;2;76;155;248m+[39m[38;2;78;159;248m+[39m[38;2;80;163;249m+[39m[38;2;82;168;249m+[39m[38;2;83;172;249m+[39m[38;2;85;176;249m+[39m[38;2;87;180;249m+[39m[38;2;89;185;249m+[39m[38;2;91;189;250m+[39m[38;2;93;193;250m+[39m[38;2;94;197;250m=[39m[38;2;96;201;250m=[39m[38;2;98;206;250m=[39m[38;2;100;210;250m=[39m[38;2;102;214;251m=[39m[38;2;103;218;251m-[39m[38;2;105;223;251m.[39m[38;2;107;227;251m.[39m
                 [38;2;56;108;247m.[39m[38;2;58;113;247m.[39m[38;2;60;117;247m-[39m[38;2;62;121;247m+[39m[38;2;63;125;247m#[39m[38;2;65;130;247m*[39m[38;2;67;134;248m*[39m[38;2;69;138;248m*[39m[38;2;71;142;248m*[39m[38;2;73;147;248m*[39m[38;2;74;151;248m*[39m[38;2;76;155;248m=[39m[38;2;78;159;248m.[39m[38;2;80;163;249m.[39m  [38;2;85;176;249m-[39m[38;2;87;180;249m+[39m[38;2;89;185;249m+[39m[38;2;91;189;250m+[39m[38;2;93;193;250m+[39m[38;2;94;197;250m.[39m
                [38;2;54;104;246m-[39m[38;2;56;108;247m+[39m[38;2;58;113;247m=[39m[38;2;60;117;247m.[39m[38;2;62;121;247m.[39m[38;2;63;125;247m.[39m[38;2;65;130;247m:[39m[38;2;67;134;248m*[39m[38;2;69;138;248m*[39m[38;2;71;142;248m*[39m[38;2;73;147;248m*[39m[38;2;74;151;248m*[39m[38;2;76;155;248m*[39m[38;2;78;159;248m*[39m[38;2;80;163;249m=[39m[38;2;82;168;249m.[39m[38;2;83;172;249m.[39m[38;2;85;176;249m=[39m[38;2;87;180;249m+[39m[38;2;89;185;249m+[39m[38;2;91;189;250m+[39m[38;2;93;193;250m+[39m[38;2;94;197;250m.[39m
              [38;2;51;96;246m.[39m[38;2;53;100;246m+[39m[38;2;54;104;246m*[39m[38;2;56;108;247m+[39m[38;2;58;113;247m+[39m[38;2;60;117;247m+[39m[38;2;62;121;247m=[39m[38;2;63;125;247m.[39m [38;2;67;134;248m.[39m[38;2;69;138;248m.[39m[38;2;71;142;248m=[39m[38;2;73;147;248m*[39m[38;2;74;151;248m*[39m[38;2;76;155;248m*[39m[38;2;78;159;248m*[39m[38;2;80;163;249m*[39m[38;2;82;168;249m+[39m[38;2;83;172;249m-[39m[38;2;85;176;249m=[39m[38;2;87;180;249m+[39m[38;2;89;185;249m+[39m[38;2;91;189;250m+[39m[38;2;93;193;250m+[39m[38;2;94;197;250m.[39m
            [38;2;47;87;246m.[39m[38;2;49;92;246m:[39m[38;2;51;96;246m*[39m[38;2;53;100;246m*[39m[38;2;54;104;246m*[39m[38;2;56;108;247m+[39m[38;2;58;113;247m=[39m[38;2;60;117;247m.[39m[38;2;62;121;247m.[39m     [38;2;73;147;248m.[39m[38;2;74;151;248m-[39m[38;2;76;155;248m+[39m[38;2;78;159;248m*[39m[38;2;80;163;249m*[39m[38;2;82;168;249m+[39m[38;2;83;172;249m+[39m[38;2;85;176;249m+[39m[38;2;87;180;249m+[39m[38;2;89;185;249m+[39m[38;2;91;189;250m+[39m[38;2;93;193;250m=[39m[38;2;94;197;250m.[39m
           [38;2;45;83;246m.[39m[38;2;47;87;246m-[39m[38;2;49;92;246m*[39m[38;2;51;96;246m*[39m[38;2;53;100;246m*[39m[38;2;54;104;246m+[39m[38;2;56;108;247m:[39m          [38;2;76;155;248m.[39m[38;2;78;159;248m-[39m[38;2;80;163;249m+[39m[38;2;82;168;249m+[39m[38;2;83;172;249m+[39m[38;2;85;176;249m+[39m[38;2;87;180;249m+[39m[38;2;89;185;249m+[39m[38;2;91;189;250m+[39m[38;2;93;193;250m=[39m
          [38;2;43;79;245m.[39m[38;2;45;83;246m*[39m[38;2;47;87;246m#[39m[38;2;49;92;246m*[39m[38;2;51;96;246m=[39m[38;2;53;100;246m.[39m              [38;2;80;163;249m.[39m[38;2;82;168;249m=[39m[38;2;83;172;249m+[39m[38;2;85;176;249m+[39m[38;2;87;180;249m+[39m[38;2;89;185;249m+[39m[38;2;91;189;250m+[39m[38;2;93;193;250m=[39m
        [38;2;40;70;245m.[39m[38;2;42;75;245m-[39m[38;2;43;79;245m*[39m[38;2;45;83;246m#[39m[38;2;47;87;246m+[39m[38;2;49;92;246m.[39m[38;2;51;96;246m.[39m                [38;2;82;168;249m.[39m[38;2;83;172;249m:[39m[38;2;85;176;249m=[39m[38;2;87;180;249m+[39m[38;2;89;185;249m+[39m[38;2;91;189;250m+[39m[38;2;93;193;250m-[39m
       [38;2;38;66;245m.[39m[38;2;40;70;245m=[39m[38;2;42;75;245m#[39m[38;2;43;79;245m=[39m[38;2;45;83;246m.[39m                     [38;2;85;176;249m.[39m[38;2;87;180;249m=[39m[38;2;89;185;249m+[39m[38;2;91;189;250m+[39m[38;2;93;193;250m-[39m
      [38;2;36;62;245m:[39m[38;2;38;66;245m*[39m[38;2;40;70;245m=[39m[38;2;42;75;245m.[39m                         [38;2;89;185;249m.[39m[38;2;91;189;250m.[39m[38;2;93;193;250m.[39m
    [38;2;33;54;245m.[39m[38;2;34;58;245m:[39m[38;2;36;62;245m-[39m[38;2;38;66;245m.[39m [38;2;42;75;245mP[39m[38;2;43;79;245mr[39m[38;2;45;83;246me[39m[38;2;47;87;246ms[39m[38;2;49;92;246me[39m[38;2;51;96;246mn[39m[38;2;53;100;246mt[39m[38;2;54;104;246me[39m[38;2;56;108;247md[39m [38;2;60;117;247mb[39m[38;2;62;121;247my[39m [38;2;65;130;247mt[39m[38;2;67;134;248mh[39m[38;2;69;138;248me[39m [38;2;73;147;248mA[39m[38;2;74;151;248ms[39m[38;2;76;155;248mt[39m[38;2;78;159;248me[39m[38;2;80;163;249mr[39m[38;2;82;168;249mi[39m[38;2;83;172;249mn[39m[38;2;85;176;249ma[39m[38;2;87;180;249ms[39m [38;2;91;189;250md[39m[38;2;93;193;250me[39m[38;2;94;197;250mv[39m[38;2;96;201;250me[39m[38;2;98;206;250ml[39m[38;2;100;210;250mo[39m[38;2;102;214;251mp[39m[38;2;103;218;251me[39m[38;2;105;223;251mr[39m[38;2;107;227;251ms[39m
    [38;2;33;54;245m.[39m[38;2;34;58;245m.[39m [38;2;38;66;245mR[39m[38;2;40;70;245me[39m[38;2;42;75;245ml[39m[38;2;43;79;245me[39m[38;2;45;83;246ma[39m[38;2;47;87;246ms[39m[38;2;49;92;246me[39m[38;2;51;96;246md[39m [38;2;54;104;246mu[39m[38;2;56;108;247mn[39m[38;2;58;113;247md[39m[38;2;60;117;247me[39m[38;2;62;121;247mr[39m [38;2;65;130;247mM[39m[38;2;67;134;248mo[39m[38;2;69;138;248mz[39m[38;2;71;142;248mi[39m[38;2;73;147;248ml[39m[38;2;74;151;248ml[39m[38;2;76;155;248ma[39m [38;2;80;163;249mP[39m[38;2;82;168;249mu[39m[38;2;83;172;249mb[39m[38;2;85;176;249ml[39m[38;2;87;180;249mi[39m[38;2;89;185;249mc[39m [38;2;93;193;250mL[39m[38;2;94;197;250mi[39m[38;2;96;201;250mc[39m[38;2;98;206;250me[39m[38;2;100;210;250mn[39m[38;2;102;214;251ms[39m[38;2;103;218;251me[39m [38;2;107;227;251mv[39m[38;2;109;231;251m2[39m[38;2;111;235;251m.[39m[38;2;113;240;252m0[39m

[kernel] running /init as the init process
[32m[     5.022][0m [34mINFO  [0m: [39m[0m[39mExists components that are not initialized[0m
[32m[     5.023][0m [34mINFO  [0m: [39m[0m[39mComponents initializing in Process stage...[0m
[32m[     5.024][0m [34mINFO  [0m: [39m[0m[39mAll components initialization in Process stage completed[0m
[32m[     5.030][0m [34mINFO  [0m: [39m[0m[39m[pid=1][tid=1][id=12][SYS_BRK][0m
[32m[     5.031][0m [34mINFO  [0m: [39m[0m[39m[pid=1][tid=1][id=9][SYS_MMAP][0m
[32m[     5.032][0m [34mINFO  [0m: [39m[0m[39m[pid=1][tid=1][id=21][SYS_ACCESS][0m
[32m[     5.033][0m [34mINFO  [0m: [39m[0m[39m[pid=1][tid=1][id=257][SYS_OPENAT][0m
[32m[     5.034][0m [34mINFO  [0m: [39m[0m[39m[pid=1][tid=1][id=262][SYS_FSTATAT][0m
[32m[     5.035][0m [34mINFO  [0m: [39m[0m[39m[pid=1][tid=1][id=257][SYS_OPENAT][0m
[32m[     5.036][0m [34mINFO  [0m: [39m[0m[39m[pid=1][tid=1][id=262][SYS_FSTATAT][0m
[32m[     5.037][0m [34mINFO  [0m: [39m[0m[39m[pid=1][tid=1][id=257][SYS_OPENAT][0m
[32m[     5.038][0m [34mINFO  [0m: [39m[0m[39m[pid=1][tid=1][id=0][SYS_READ][0m
[32m[     5.039][0m [34mINFO  [0m: [39m[0m[39m[pid=1][tid=1][id=5][SYS_FSTAT][0m
[32m[     5.040][0m [34mINFO  [0m: [39m[0m[39m[pid=1][tid=1][id=9][SYS_MMAP][0m
[32m[     5.041][0m [34mINFO  [0m: [39m[0m[39m[pid=1][tid=1][id=9][SYS_MMAP][0m
[32m[     5.042][0m [34mINFO  [0m: [39m[0m[39m[pid=1][tid=1][id=9][SYS_MMAP][0m
[32m[     5.043][0m [34mINFO  [0m: [39m[0m[39m[pid=1][tid=1][id=9][SYS_MMAP][0m
[32m[     5.044][0m [34mINFO  [0m: [39m[0m[39m[pid=1][tid=1][id=3][SYS_CLOSE][0m
[32m[     5.045][0m [34mINFO  [0m: [39m[0m[39m[pid=1][tid=1][id=257][SYS_OPENAT][0m
[32m[     5.046][0m [34mINFO  [0m: [39m[0m[39m[pid=1][tid=1][id=0][SYS_READ][0m
[32m[     5.047][0m [34mINFO  [0m: [39m[0m[39m[pid=1][tid=1][id=5][SYS_FSTAT][0m
[32m[     5.048][0m [34mINFO  [0m: [39m[0m[39m[pid=1][tid=1][id=9][SYS_MMAP][0m
[32m[     5.049][0m [34mINFO  [0m: [39m[0m[39m[pid=1][tid=1][id=9][SYS_MMAP][0m
[32m[     5.050][0m [34mINFO  [0m: [39m[0m[39m[pid=1][tid=1][id=9][SYS_MMAP][0m
[32m[     5.051][0m [34mINFO  [0m: [39m[0m[39m[pid=1][tid=1][id=9][SYS_MMAP][0m
[32m[     5.052][0m [34mINFO  [0m: [39m[0m[39m[pid=1][tid=1][id=9][SYS_MMAP][0m
[32m[     5.053][0m [34mINFO  [0m: [39m[0m[39m[pid=1][tid=1][id=3][SYS_CLOSE][0m
[32m[     5.054][0m [34mINFO  [0m: [39m[0m[39m[pid=1][tid=1][id=257][SYS_OPENAT][0m
[32m[     5.055][0m [34mINFO  [0m: [39m[0m[39m[pid=1][tid=1][id=0][SYS_READ][0m
[32m[     5.056][0m [34mINFO  [0m: [39m[0m[39m[pid=1][tid=1][id=17][SYS_PREAD64][0m
[32m[     5.057][0m [34mINFO  [0m: [39m[0m[39m[pid=1][tid=1][id=5][SYS_FSTAT][0m
[32m[     5.058][0m [34mINFO  [0m: [39m[0m[39m[pid=1][tid=1][id=17][SYS_PREAD64][0m
[32m[     5.059][0m [34mINFO  [0m: [39m[0m[39m[pid=1][tid=1][id=9][SYS_MMAP][0m
[32m[     5.060][0m [34mINFO  [0m: [39m[0m[39m[pid=1][tid=1][id=9][SYS_MMAP][0m
[32m[     5.061][0m [34mINFO  [0m: [39m[0m[39m[pid=1][tid=1][id=9][SYS_MMAP][0m
[32m[     5.062][0m [34mINFO  [0m: [39m[0m[39m[pid=1][tid=1][id=9][SYS_MMAP][0m
[32m[     5.063][0m [34mINFO  [0m: [39m[0m[39m[pid=1][tid=1][id=9][SYS_MMAP][0m
[32m[     5.064][0m [34mINFO  [0m: [39m[0m[39m[pid=1][tid=1][id=3][SYS_CLOSE][0m
[32m[     5.065][0m [34mINFO  [0m: [39m[0m[39m[pid=1][tid=1][id=9][SYS_MMAP][0m
[32m[     5.066][0m [34mINFO  [0m: [39m[0m[39m[pid=1][tid=1][id=158][SYS_ARCH_PRCTL][0m
[32m[     5.067][0m [34mINFO  [0m: [39m[0m[39m[pid=1][tid=1][id=218][SYS_SET_TID_ADDRESS][0m
[32m[     5.068][0m [34mINFO  [0m: [39m[0m[39m[pid=1][tid=1][id=273][SYS_SET_ROBUST_LIST][0m
[32m[     5.069][0m [93mWARN  [0m: [39m[0m[39mUnimplemented syscall number: 334[0m
[32m[     5.070][0m [34mINFO  [0m: [39m[0m[39m[pid=1][tid=1][id=10][SYS_MPROTECT][0m
[32m[     5.071][0m [34mINFO  [0m: [39m[0m[39m[pid=1][tid=1][id=10][SYS_MPROTECT][0m
[32m[     5.072][0m [34mINFO  [0m: [39m[0m[39m[pid=1][tid=1][id=10][SYS_MPROTECT][0m
[32m[     5.073][0m [34mINFO  [0m: [39m[0m[39m[pid=1][tid=1][id=10][SYS_MPROTECT][0m
[32m[     5.074][0m [34mINFO  [0m: [39m[0m[39m[pid=1][tid=1][id=10][SYS_MPROTECT][0m
[32m[     5.075][0m [34mINFO  [0m: [39m[0m[39m[pid=1][tid=1][id=302][SYS_PRLIMIT64][0m
[32m[     5.076][0m [34mINFO  [0m: [39m[0m[39m[pid=1][tid=1][id=318][SYS_GETRANDOM][0m
[32m[     5.077][0m [34mINFO  [0m: [39m[0m[39m[pid=1][tid=1][id=102][SYS_GETUID][0m
[32m[     5.078][0m [34mINFO  [0m: [39m[0m[39m[pid=1][tid=1][id=12][SYS_BRK][0m
[32m[     5.079][0m [34mINFO  [0m: [39m[0m[39m[pid=1][tid=1][id=12][SYS_BRK][0m
[32m[     5.080][0m [34mINFO  [0m: [39m[0m[39m[pid=1][tid=1][id=39][SYS_GETPID][0m
[32m[     5.081][0m [34mINFO  [0m: [39m[0m[39m[pid=1][tid=1][id=13][SYS_RT_SIGACTION][0m
[32m[     5.082][0m [34mINFO  [0m: [39m[0m[39m[pid=1][tid=1][id=110][SYS_GETPPID][0m
[32m[     5.083][0m [34mINFO  [0m: [39m[0m[39m[pid=1][tid=1][id=63][SYS_UNAME][0m
[32m[     5.084][0m [34mINFO  [0m: [39m[0m[39m[pid=1][tid=1][id=79][SYS_GETCWD][0m
[32m[     5.085][0m [34mINFO  [0m: [39m[0m[39m[pid=1][tid=1][id=257][SYS_OPENAT][0m
[32m[     5.086][0m [34mINFO  [0m: [39m[0m[39m[pid=1][tid=1][id=72][SYS_FCNTL][0m
[32m[     5.087][0m [34mINFO  [0m: [39m[0m[39m[pid=1][tid=1][id=3][SYS_CLOSE][0m
[32m[     5.088][0m [34mINFO  [0m: [39m[0m[39m[pid=1][tid=1][id=13][SYS_RT_SIGACTION][0m
[32m[     5.089][0m [34mINFO  [0m: [39m[0m[39m[pid=1][tid=1][id=13][SYS_RT_SIGACTION][0m
[32m[     5.090][0m [34mINFO  [0m: [39m[0m[39m[pid=1][tid=1][id=13][SYS_RT_SIGACTION][0m
[32m[     5.091][0m [34mINFO  [0m: [39m[0m[39m[pid=1][tid=1][id=13][SYS_RT_SIGACTION][0m
[32m[     5.092][0m [34mINFO  [0m: [39m[0m[39m[pid=1][tid=1][id=13][SYS_RT_SIGACTION][0m
[32m[     5.093][0m [34mINFO  [0m: [39m[0m[39m[pid=1][tid=1][id=0][SYS_READ][0m
[32m[     5.094][0m [34mINFO  [0m: [39m[0m[39m[pid=1][tid=1][id=262][SYS_FSTATAT][0m
[32m[     5.095][0m [34mINFO  [0m: [39m[0m[39m[pid=1][tid=1][id=56][SYS_CLONE][0m
[32m[     5.099][0m [34mINFO  [0m: [39m[0m[39m[pid=1][tid=1][id=61][SYS_WAIT4][0m
[32m[     5.100][0m [34mINFO  [0m: [39m[0m[39m[pid=2][tid=2][id=273][SYS_SET_ROBUST_LIST][0m
[32m[     5.101][0m [34mINFO  [0m: [39m[0m[39m[pid=2][tid=2][id=3][SYS_CLOSE][0m
[32m[     5.102][0m [34mINFO  [0m: [39m[0m[39m[pid=2][tid=2][id=13][SYS_RT_SIGACTION][0m
[32m[     5.103][0m [34mINFO  [0m: [39m[0m[39m[pid=2][tid=2][id=59][SYS_EXECVE][0m
[32m[     5.106][0m [34mINFO  [0m: [39m[0m[39m[pid=2][tid=2][id=12][SYS_BRK][0m
[32m[     5.107][0m [34mINFO  [0m: [39m[0m[39m[pid=2][tid=2][id=9][SYS_MMAP][0m
[32m[     5.108][0m [34mINFO  [0m: [39m[0m[39m[pid=2][tid=2][id=21][SYS_ACCESS][0m
[32m[     5.109][0m [34mINFO  [0m: [39m[0m[39m[pid=2][tid=2][id=257][SYS_OPENAT][0m
[32m[     5.110][0m [34mINFO  [0m: [39m[0m[39m[pid=2][tid=2][id=262][SYS_FSTATAT][0m
[32m[     5.111][0m [34mINFO  [0m: [39m[0m[39m[pid=2][tid=2][id=257][SYS_OPENAT][0m
[32m[     5.112][0m [34mINFO  [0m: [39m[0m[39m[pid=2][tid=2][id=262][SYS_FSTATAT][0m
[32m[     5.113][0m [34mINFO  [0m: [39m[0m[39m[pid=2][tid=2][id=257][SYS_OPENAT][0m
[32m[     5.114][0m [34mINFO  [0m: [39m[0m[39m[pid=2][tid=2][id=0][SYS_READ][0m
[32m[     5.115][0m [34mINFO  [0m: [39m[0m[39m[pid=2][tid=2][id=5][SYS_FSTAT][0m
[32m[     5.116][0m [34mINFO  [0m: [39m[0m[39m[pid=2][tid=2][id=9][SYS_MMAP][0m
[32m[     5.117][0m [34mINFO  [0m: [39m[0m[39m[pid=2][tid=2][id=9][SYS_MMAP][0m
[32m[     5.118][0m [34mINFO  [0m: [39m[0m[39m[pid=2][tid=2][id=9][SYS_MMAP][0m
[32m[     5.119][0m [34mINFO  [0m: [39m[0m[39m[pid=2][tid=2][id=9][SYS_MMAP][0m
[32m[     5.120][0m [34mINFO  [0m: [39m[0m[39m[pid=2][tid=2][id=3][SYS_CLOSE][0m
[32m[     5.121][0m [34mINFO  [0m: [39m[0m[39m[pid=2][tid=2][id=257][SYS_OPENAT][0m
[32m[     5.122][0m [34mINFO  [0m: [39m[0m[39m[pid=2][tid=2][id=0][SYS_READ][0m
[32m[     5.123][0m [34mINFO  [0m: [39m[0m[39m[pid=2][tid=2][id=5][SYS_FSTAT][0m
[32m[     5.124][0m [34mINFO  [0m: [39m[0m[39m[pid=2][tid=2][id=9][SYS_MMAP][0m
[32m[     5.125][0m [34mINFO  [0m: [39m[0m[39m[pid=2][tid=2][id=9][SYS_MMAP][0m
[32m[     5.126][0m [34mINFO  [0m: [39m[0m[39m[pid=2][tid=2][id=9][SYS_MMAP][0m
[32m[     5.127][0m [34mINFO  [0m: [39m[0m[39m[pid=2][tid=2][id=9][SYS_MMAP][0m
[32m[     5.128][0m [34mINFO  [0m: [39m[0m[39m[pid=2][tid=2][id=9][SYS_MMAP][0m
[32m[     5.129][0m [34mINFO  [0m: [39m[0m[39m[pid=2][tid=2][id=3][SYS_CLOSE][0m
[32m[     5.130][0m [34mINFO  [0m: [39m[0m[39m[pid=2][tid=2][id=257][SYS_OPENAT][0m
[32m[     5.131][0m [34mINFO  [0m: [39m[0m[39m[pid=2][tid=2][id=0][SYS_READ][0m
[32m[     5.132][0m [34mINFO  [0m: [39m[0m[39m[pid=2][tid=2][id=17][SYS_PREAD64][0m
[32m[     5.133][0m [34mINFO  [0m: [39m[0m[39m[pid=2][tid=2][id=5][SYS_FSTAT][0m
[32m[     5.134][0m [34mINFO  [0m: [39m[0m[39m[pid=2][tid=2][id=17][SYS_PREAD64][0m
[32m[     5.135][0m [34mINFO  [0m: [39m[0m[39m[pid=2][tid=2][id=9][SYS_MMAP][0m
[32m[     5.136][0m [34mINFO  [0m: [39m[0m[39m[pid=2][tid=2][id=9][SYS_MMAP][0m
[32m[     5.137][0m [34mINFO  [0m: [39m[0m[39m[pid=2][tid=2][id=9][SYS_MMAP][0m
[32m[     5.138][0m [34mINFO  [0m: [39m[0m[39m[pid=2][tid=2][id=9][SYS_MMAP][0m
[32m[     5.139][0m [34mINFO  [0m: [39m[0m[39m[pid=2][tid=2][id=9][SYS_MMAP][0m
[32m[     5.140][0m [34mINFO  [0m: [39m[0m[39m[pid=2][tid=2][id=3][SYS_CLOSE][0m
[32m[     5.141][0m [34mINFO  [0m: [39m[0m[39m[pid=2][tid=2][id=9][SYS_MMAP][0m
[32m[     5.142][0m [34mINFO  [0m: [39m[0m[39m[pid=2][tid=2][id=158][SYS_ARCH_PRCTL][0m
[32m[     5.143][0m [34mINFO  [0m: [39m[0m[39m[pid=2][tid=2][id=218][SYS_SET_TID_ADDRESS][0m
[32m[     5.144][0m [34mINFO  [0m: [39m[0m[39m[pid=2][tid=2][id=273][SYS_SET_ROBUST_LIST][0m
[32m[     5.145][0m [93mWARN  [0m: [39m[0m[39mUnimplemented syscall number: 334[0m
[32m[     5.146][0m [34mINFO  [0m: [39m[0m[39m[pid=2][tid=2][id=10][SYS_MPROTECT][0m
[32m[     5.147][0m [34mINFO  [0m: [39m[0m[39m[pid=2][tid=2][id=10][SYS_MPROTECT][0m
[32m[     5.148][0m [34mINFO  [0m: [39m[0m[39m[pid=2][tid=2][id=10][SYS_MPROTECT][0m
[32m[     5.149][0m [34mINFO  [0m: [39m[0m[39m[pid=2][tid=2][id=10][SYS_MPROTECT][0m
[32m[     5.150][0m [34mINFO  [0m: [39m[0m[39m[pid=2][tid=2][id=10][SYS_MPROTECT][0m
[32m[     5.151][0m [34mINFO  [0m: [39m[0m[39m[pid=2][tid=2][id=302][SYS_PRLIMIT64][0m
[32m[     5.152][0m [34mINFO  [0m: [39m[0m[39m[pid=2][tid=2][id=318][SYS_GETRANDOM][0m
[32m[     5.153][0m [34mINFO  [0m: [39m[0m[39m[pid=2][tid=2][id=102][SYS_GETUID][0m
[32m[     5.154][0m [34mINFO  [0m: [39m[0m[39m[pid=2][tid=2][id=12][SYS_BRK][0m
[32m[     5.155][0m [34mINFO  [0m: [39m[0m[39m[pid=2][tid=2][id=12][SYS_BRK][0m
[32m[     5.156][0m [34mINFO  [0m: [39m[0m[39m[pid=2][tid=2][id=102][SYS_GETUID][0m
[32m[     5.157][0m [34mINFO  [0m: [39m[0m[39m[pid=2][tid=2][id=107][SYS_GETEUID][0m
[32m[     5.158][0m [34mINFO  [0m: [39m[0m[39m[pid=2][tid=2][id=262][SYS_FSTATAT][0m
[32m[     5.159][0m [34mINFO  [0m: [39m[0m[39m[pid=2][tid=2][id=165][SYS_MOUNT][0m
[32m[     5.160][0m [34mINFO  [0m: [39m[0m[39m[pid=2][tid=2][id=231][SYS_EXIT_GROUP][0m
[32m[     5.162][0m [34mINFO  [0m: [39m[0m[39m[pid=1][tid=1][id=15][SYS_RT_SIGRETURN][0m
[32m[     5.163][0m [34mINFO  [0m: [39m[0m[39m[pid=1][tid=1][id=61][SYS_WAIT4][0m
[32m[     5.164][0m [34mINFO  [0m: [39m[0m[39m[pid=1][tid=1][id=56][SYS_CLONE][0m
[32m[     5.168][0m [34mINFO  [0m: [39m[0m[39m[pid=1][tid=1][id=61][SYS_WAIT4][0m
[32m[     5.169][0m [34mINFO  [0m: [39m[0m[39m[pid=3][tid=3][id=273][SYS_SET_ROBUST_LIST][0m
[32m[     5.170][0m [34mINFO  [0m: [39m[0m[39m[pid=3][tid=3][id=3][SYS_CLOSE][0m
[32m[     5.171][0m [34mINFO  [0m: [39m[0m[39m[pid=3][tid=3][id=13][SYS_RT_SIGACTION][0m
[32m[     5.172][0m [34mINFO  [0m: [39m[0m[39m[pid=3][tid=3][id=59][SYS_EXECVE][0m
[32m[     5.175][0m [34mINFO  [0m: [39m[0m[39m[pid=3][tid=3][id=12][SYS_BRK][0m
[32m[     5.176][0m [34mINFO  [0m: [39m[0m[39m[pid=3][tid=3][id=9][SYS_MMAP][0m
[32m[     5.177][0m [34mINFO  [0m: [39m[0m[39m[pid=3][tid=3][id=21][SYS_ACCESS][0m
[32m[     5.178][0m [34mINFO  [0m: [39m[0m[39m[pid=3][tid=3][id=257][SYS_OPENAT][0m
[32m[     5.179][0m [34mINFO  [0m: [39m[0m[39m[pid=3][tid=3][id=262][SYS_FSTATAT][0m
[32m[     5.180][0m [34mINFO  [0m: [39m[0m[39m[pid=3][tid=3][id=257][SYS_OPENAT][0m
[32m[     5.181][0m [34mINFO  [0m: [39m[0m[39m[pid=3][tid=3][id=262][SYS_FSTATAT][0m
[32m[     5.182][0m [34mINFO  [0m: [39m[0m[39m[pid=3][tid=3][id=257][SYS_OPENAT][0m
[32m[     5.183][0m [34mINFO  [0m: [39m[0m[39m[pid=3][tid=3][id=0][SYS_READ][0m
[32m[     5.184][0m [34mINFO  [0m: [39m[0m[39m[pid=3][tid=3][id=5][SYS_FSTAT][0m
[32m[     5.185][0m [34mINFO  [0m: [39m[0m[39m[pid=3][tid=3][id=9][SYS_MMAP][0m
[32m[     5.186][0m [34mINFO  [0m: [39m[0m[39m[pid=3][tid=3][id=9][SYS_MMAP][0m
[32m[     5.187][0m [34mINFO  [0m: [39m[0m[39m[pid=3][tid=3][id=9][SYS_MMAP][0m
[32m[     5.188][0m [34mINFO  [0m: [39m[0m[39m[pid=3][tid=3][id=9][SYS_MMAP][0m
[32m[     5.189][0m [34mINFO  [0m: [39m[0m[39m[pid=3][tid=3][id=3][SYS_CLOSE][0m
[32m[     5.190][0m [34mINFO  [0m: [39m[0m[39m[pid=3][tid=3][id=257][SYS_OPENAT][0m
[32m[     5.191][0m [34mINFO  [0m: [39m[0m[39m[pid=3][tid=3][id=0][SYS_READ][0m
[32m[     5.192][0m [34mINFO  [0m: [39m[0m[39m[pid=3][tid=3][id=5][SYS_FSTAT][0m
[32m[     5.193][0m [34mINFO  [0m: [39m[0m[39m[pid=3][tid=3][id=9][SYS_MMAP][0m
[32m[     5.194][0m [34mINFO  [0m: [39m[0m[39m[pid=3][tid=3][id=9][SYS_MMAP][0m
[32m[     5.195][0m [34mINFO  [0m: [39m[0m[39m[pid=3][tid=3][id=9][SYS_MMAP][0m
[32m[     5.196][0m [34mINFO  [0m: [39m[0m[39m[pid=3][tid=3][id=9][SYS_MMAP][0m
[32m[     5.197][0m [34mINFO  [0m: [39m[0m[39m[pid=3][tid=3][id=9][SYS_MMAP][0m
[32m[     5.198][0m [34mINFO  [0m: [39m[0m[39m[pid=3][tid=3][id=3][SYS_CLOSE][0m
[32m[     5.199][0m [34mINFO  [0m: [39m[0m[39m[pid=3][tid=3][id=257][SYS_OPENAT][0m
[32m[     5.200][0m [34mINFO  [0m: [39m[0m[39m[pid=3][tid=3][id=0][SYS_READ][0m
[32m[     5.201][0m [34mINFO  [0m: [39m[0m[39m[pid=3][tid=3][id=17][SYS_PREAD64][0m
[32m[     5.202][0m [34mINFO  [0m: [39m[0m[39m[pid=3][tid=3][id=5][SYS_FSTAT][0m
[32m[     5.203][0m [34mINFO  [0m: [39m[0m[39m[pid=3][tid=3][id=17][SYS_PREAD64][0m
[32m[     5.204][0m [34mINFO  [0m: [39m[0m[39m[pid=3][tid=3][id=9][SYS_MMAP][0m
[32m[     5.205][0m [34mINFO  [0m: [39m[0m[39m[pid=3][tid=3][id=9][SYS_MMAP][0m
[32m[     5.206][0m [34mINFO  [0m: [39m[0m[39m[pid=3][tid=3][id=9][SYS_MMAP][0m
[32m[     5.207][0m [34mINFO  [0m: [39m[0m[39m[pid=3][tid=3][id=9][SYS_MMAP][0m
[32m[     5.208][0m [34mINFO  [0m: [39m[0m[39m[pid=3][tid=3][id=9][SYS_MMAP][0m
[32m[     5.209][0m [34mINFO  [0m: [39m[0m[39m[pid=3][tid=3][id=3][SYS_CLOSE][0m
[32m[     5.210][0m [34mINFO  [0m: [39m[0m[39m[pid=3][tid=3][id=9][SYS_MMAP][0m
[32m[     5.211][0m [34mINFO  [0m: [39m[0m[39m[pid=3][tid=3][id=158][SYS_ARCH_PRCTL][0m
[32m[     5.212][0m [34mINFO  [0m: [39m[0m[39m[pid=3][tid=3][id=218][SYS_SET_TID_ADDRESS][0m
[32m[     5.213][0m [34mINFO  [0m: [39m[0m[39m[pid=3][tid=3][id=273][SYS_SET_ROBUST_LIST][0m
[32m[     5.214][0m [93mWARN  [0m: [39m[0m[39mUnimplemented syscall number: 334[0m
[32m[     5.215][0m [34mINFO  [0m: [39m[0m[39m[pid=3][tid=3][id=10][SYS_MPROTECT][0m
[32m[     5.216][0m [34mINFO  [0m: [39m[0m[39m[pid=3][tid=3][id=10][SYS_MPROTECT][0m
[32m[     5.217][0m [34mINFO  [0m: [39m[0m[39m[pid=3][tid=3][id=10][SYS_MPROTECT][0m
[32m[     5.218][0m [34mINFO  [0m: [39m[0m[39m[pid=3][tid=3][id=10][SYS_MPROTECT][0m
[32m[     5.219][0m [34mINFO  [0m: [39m[0m[39m[pid=3][tid=3][id=10][SYS_MPROTECT][0m
[32m[     5.220][0m [34mINFO  [0m: [39m[0m[39m[pid=3][tid=3][id=302][SYS_PRLIMIT64][0m
[32m[     5.222][0m [34mINFO  [0m: [39m[0m[39m[pid=3][tid=3][id=318][SYS_GETRANDOM][0m
[32m[     5.223][0m [34mINFO  [0m: [39m[0m[39m[pid=3][tid=3][id=102][SYS_GETUID][0m
[32m[     5.224][0m [34mINFO  [0m: [39m[0m[39m[pid=3][tid=3][id=12][SYS_BRK][0m
[32m[     5.225][0m [34mINFO  [0m: [39m[0m[39m[pid=3][tid=3][id=12][SYS_BRK][0m
[32m[     5.226][0m [34mINFO  [0m: [39m[0m[39m[pid=3][tid=3][id=102][SYS_GETUID][0m
[32m[     5.227][0m [34mINFO  [0m: [39m[0m[39m[pid=3][tid=3][id=107][SYS_GETEUID][0m
[32m[     5.228][0m [34mINFO  [0m: [39m[0m[39m[pid=3][tid=3][id=262][SYS_FSTATAT][0m
[32m[     5.229][0m [34mINFO  [0m: [39m[0m[39m[pid=3][tid=3][id=165][SYS_MOUNT][0m
[32m[     5.230][0m [34mINFO  [0m: [39m[0m[39m[pid=3][tid=3][id=231][SYS_EXIT_GROUP][0m
[32m[     5.232][0m [34mINFO  [0m: [39m[0m[39m[pid=1][tid=1][id=15][SYS_RT_SIGRETURN][0m
[32m[     5.233][0m [34mINFO  [0m: [39m[0m[39m[pid=1][tid=1][id=61][SYS_WAIT4][0m
[32m[     5.234][0m [34mINFO  [0m: [39m[0m[39m[pid=1][tid=1][id=56][SYS_CLONE][0m
[32m[     5.238][0m [34mINFO  [0m: [39m[0m[39m[pid=1][tid=1][id=61][SYS_WAIT4][0m
[32m[     5.239][0m [34mINFO  [0m: [39m[0m[39m[pid=4][tid=4][id=273][SYS_SET_ROBUST_LIST][0m
[32m[     5.240][0m [34mINFO  [0m: [39m[0m[39m[pid=4][tid=4][id=3][SYS_CLOSE][0m
[32m[     5.241][0m [34mINFO  [0m: [39m[0m[39m[pid=4][tid=4][id=13][SYS_RT_SIGACTION][0m
[32m[     5.242][0m [34mINFO  [0m: [39m[0m[39m[pid=4][tid=4][id=59][SYS_EXECVE][0m
[32m[     5.245][0m [34mINFO  [0m: [39m[0m[39m[pid=4][tid=4][id=12][SYS_BRK][0m
[32m[     5.246][0m [34mINFO  [0m: [39m[0m[39m[pid=4][tid=4][id=9][SYS_MMAP][0m
[32m[     5.247][0m [34mINFO  [0m: [39m[0m[39m[pid=4][tid=4][id=21][SYS_ACCESS][0m
[32m[     5.248][0m [34mINFO  [0m: [39m[0m[39m[pid=4][tid=4][id=257][SYS_OPENAT][0m
[32m[     5.249][0m [34mINFO  [0m: [39m[0m[39m[pid=4][tid=4][id=262][SYS_FSTATAT][0m
[32m[     5.250][0m [34mINFO  [0m: [39m[0m[39m[pid=4][tid=4][id=257][SYS_OPENAT][0m
[32m[     5.251][0m [34mINFO  [0m: [39m[0m[39m[pid=4][tid=4][id=262][SYS_FSTATAT][0m
[32m[     5.252][0m [34mINFO  [0m: [39m[0m[39m[pid=4][tid=4][id=257][SYS_OPENAT][0m
[32m[     5.253][0m [34mINFO  [0m: [39m[0m[39m[pid=4][tid=4][id=0][SYS_READ][0m
[32m[     5.254][0m [34mINFO  [0m: [39m[0m[39m[pid=4][tid=4][id=5][SYS_FSTAT][0m
[32m[     5.255][0m [34mINFO  [0m: [39m[0m[39m[pid=4][tid=4][id=9][SYS_MMAP][0m
[32m[     5.256][0m [34mINFO  [0m: [39m[0m[39m[pid=4][tid=4][id=9][SYS_MMAP][0m
[32m[     5.257][0m [34mINFO  [0m: [39m[0m[39m[pid=4][tid=4][id=9][SYS_MMAP][0m
[32m[     5.258][0m [34mINFO  [0m: [39m[0m[39m[pid=4][tid=4][id=9][SYS_MMAP][0m
[32m[     5.259][0m [34mINFO  [0m: [39m[0m[39m[pid=4][tid=4][id=3][SYS_CLOSE][0m
[32m[     5.260][0m [34mINFO  [0m: [39m[0m[39m[pid=4][tid=4][id=257][SYS_OPENAT][0m
[32m[     5.261][0m [34mINFO  [0m: [39m[0m[39m[pid=4][tid=4][id=0][SYS_READ][0m
[32m[     5.262][0m [34mINFO  [0m: [39m[0m[39m[pid=4][tid=4][id=5][SYS_FSTAT][0m
[32m[     5.263][0m [34mINFO  [0m: [39m[0m[39m[pid=4][tid=4][id=9][SYS_MMAP][0m
[32m[     5.264][0m [34mINFO  [0m: [39m[0m[39m[pid=4][tid=4][id=9][SYS_MMAP][0m
[32m[     5.265][0m [34mINFO  [0m: [39m[0m[39m[pid=4][tid=4][id=9][SYS_MMAP][0m
[32m[     5.266][0m [34mINFO  [0m: [39m[0m[39m[pid=4][tid=4][id=9][SYS_MMAP][0m
[32m[     5.267][0m [34mINFO  [0m: [39m[0m[39m[pid=4][tid=4][id=9][SYS_MMAP][0m
[32m[     5.268][0m [34mINFO  [0m: [39m[0m[39m[pid=4][tid=4][id=3][SYS_CLOSE][0m
[32m[     5.269][0m [34mINFO  [0m: [39m[0m[39m[pid=4][tid=4][id=257][SYS_OPENAT][0m
[32m[     5.270][0m [34mINFO  [0m: [39m[0m[39m[pid=4][tid=4][id=0][SYS_READ][0m
[32m[     5.271][0m [34mINFO  [0m: [39m[0m[39m[pid=4][tid=4][id=17][SYS_PREAD64][0m
[32m[     5.272][0m [34mINFO  [0m: [39m[0m[39m[pid=4][tid=4][id=5][SYS_FSTAT][0m
[32m[     5.273][0m [34mINFO  [0m: [39m[0m[39m[pid=4][tid=4][id=17][SYS_PREAD64][0m
[32m[     5.274][0m [34mINFO  [0m: [39m[0m[39m[pid=4][tid=4][id=9][SYS_MMAP][0m
[32m[     5.275][0m [34mINFO  [0m: [39m[0m[39m[pid=4][tid=4][id=9][SYS_MMAP][0m
[32m[     5.276][0m [34mINFO  [0m: [39m[0m[39m[pid=4][tid=4][id=9][SYS_MMAP][0m
[32m[     5.277][0m [34mINFO  [0m: [39m[0m[39m[pid=4][tid=4][id=9][SYS_MMAP][0m
[32m[     5.278][0m [34mINFO  [0m: [39m[0m[39m[pid=4][tid=4][id=9][SYS_MMAP][0m
[32m[     5.279][0m [34mINFO  [0m: [39m[0m[39m[pid=4][tid=4][id=3][SYS_CLOSE][0m
[32m[     5.280][0m [34mINFO  [0m: [39m[0m[39m[pid=4][tid=4][id=9][SYS_MMAP][0m
[32m[     5.281][0m [34mINFO  [0m: [39m[0m[39m[pid=4][tid=4][id=158][SYS_ARCH_PRCTL][0m
[32m[     5.282][0m [34mINFO  [0m: [39m[0m[39m[pid=4][tid=4][id=218][SYS_SET_TID_ADDRESS][0m
[32m[     5.283][0m [34mINFO  [0m: [39m[0m[39m[pid=4][tid=4][id=273][SYS_SET_ROBUST_LIST][0m
[32m[     5.284][0m [93mWARN  [0m: [39m[0m[39mUnimplemented syscall number: 334[0m
[32m[     5.285][0m [34mINFO  [0m: [39m[0m[39m[pid=4][tid=4][id=10][SYS_MPROTECT][0m
[32m[     5.286][0m [34mINFO  [0m: [39m[0m[39m[pid=4][tid=4][id=10][SYS_MPROTECT][0m
[32m[     5.287][0m [34mINFO  [0m: [39m[0m[39m[pid=4][tid=4][id=10][SYS_MPROTECT][0m
[32m[     5.288][0m [34mINFO  [0m: [39m[0m[39m[pid=4][tid=4][id=10][SYS_MPROTECT][0m
[32m[     5.289][0m [34mINFO  [0m: [39m[0m[39m[pid=4][tid=4][id=10][SYS_MPROTECT][0m
[32m[     5.290][0m [34mINFO  [0m: [39m[0m[39m[pid=4][tid=4][id=302][SYS_PRLIMIT64][0m
[32m[     5.291][0m [34mINFO  [0m: [39m[0m[39m[pid=4][tid=4][id=318][SYS_GETRANDOM][0m
[32m[     5.292][0m [34mINFO  [0m: [39m[0m[39m[pid=4][tid=4][id=102][SYS_GETUID][0m
[32m[     5.293][0m [34mINFO  [0m: [39m[0m[39m[pid=4][tid=4][id=12][SYS_BRK][0m
[32m[     5.294][0m [34mINFO  [0m: [39m[0m[39m[pid=4][tid=4][id=12][SYS_BRK][0m
[32m[     5.295][0m [34mINFO  [0m: [39m[0m[39m[pid=4][tid=4][id=102][SYS_GETUID][0m
[32m[     5.296][0m [34mINFO  [0m: [39m[0m[39m[pid=4][tid=4][id=107][SYS_GETEUID][0m
[32m[     5.297][0m [34mINFO  [0m: [39m[0m[39m[pid=4][tid=4][id=262][SYS_FSTATAT][0m
[32m[     5.298][0m [34mINFO  [0m: [39m[0m[39m[pid=4][tid=4][id=165][SYS_MOUNT][0m
[32m[     5.299][0m [34mINFO  [0m: [39m[0m[39m[pid=4][tid=4][id=231][SYS_EXIT_GROUP][0m
[32m[     5.301][0m [34mINFO  [0m: [39m[0m[39m[pid=1][tid=1][id=15][SYS_RT_SIGRETURN][0m
[32m[     5.302][0m [34mINFO  [0m: [39m[0m[39m[pid=1][tid=1][id=61][SYS_WAIT4][0m
[32m[     5.303][0m [34mINFO  [0m: [39m[0m[39m[pid=1][tid=1][id=56][SYS_CLONE][0m
[32m[     5.307][0m [34mINFO  [0m: [39m[0m[39m[pid=1][tid=1][id=61][SYS_WAIT4][0m
[32m[     5.309][0m [34mINFO  [0m: [39m[0m[39m[pid=5][tid=5][id=273][SYS_SET_ROBUST_LIST][0m
[32m[     5.310][0m [34mINFO  [0m: [39m[0m[39m[pid=5][tid=5][id=3][SYS_CLOSE][0m
[32m[     5.311][0m [34mINFO  [0m: [39m[0m[39m[pid=5][tid=5][id=13][SYS_RT_SIGACTION][0m
[32m[     5.312][0m [34mINFO  [0m: [39m[0m[39m[pid=5][tid=5][id=59][SYS_EXECVE][0m
[32m[     5.315][0m [34mINFO  [0m: [39m[0m[39m[pid=5][tid=5][id=12][SYS_BRK][0m
[32m[     5.316][0m [34mINFO  [0m: [39m[0m[39m[pid=5][tid=5][id=9][SYS_MMAP][0m
[32m[     5.317][0m [34mINFO  [0m: [39m[0m[39m[pid=5][tid=5][id=21][SYS_ACCESS][0m
[32m[     5.318][0m [34mINFO  [0m: [39m[0m[39m[pid=5][tid=5][id=257][SYS_OPENAT][0m
[32m[     5.319][0m [34mINFO  [0m: [39m[0m[39m[pid=5][tid=5][id=262][SYS_FSTATAT][0m
[32m[     5.320][0m [34mINFO  [0m: [39m[0m[39m[pid=5][tid=5][id=257][SYS_OPENAT][0m
[32m[     5.321][0m [34mINFO  [0m: [39m[0m[39m[pid=5][tid=5][id=262][SYS_FSTATAT][0m
[32m[     5.322][0m [34mINFO  [0m: [39m[0m[39m[pid=5][tid=5][id=257][SYS_OPENAT][0m
[32m[     5.323][0m [34mINFO  [0m: [39m[0m[39m[pid=5][tid=5][id=0][SYS_READ][0m
[32m[     5.324][0m [34mINFO  [0m: [39m[0m[39m[pid=5][tid=5][id=5][SYS_FSTAT][0m
[32m[     5.325][0m [34mINFO  [0m: [39m[0m[39m[pid=5][tid=5][id=9][SYS_MMAP][0m
[32m[     5.326][0m [34mINFO  [0m: [39m[0m[39m[pid=5][tid=5][id=9][SYS_MMAP][0m
[32m[     5.327][0m [34mINFO  [0m: [39m[0m[39m[pid=5][tid=5][id=9][SYS_MMAP][0m
[32m[     5.328][0m [34mINFO  [0m: [39m[0m[39m[pid=5][tid=5][id=9][SYS_MMAP][0m
[32m[     5.329][0m [34mINFO  [0m: [39m[0m[39m[pid=5][tid=5][id=3][SYS_CLOSE][0m
[32m[     5.330][0m [34mINFO  [0m: [39m[0m[39m[pid=5][tid=5][id=257][SYS_OPENAT][0m
[32m[     5.331][0m [34mINFO  [0m: [39m[0m[39m[pid=5][tid=5][id=0][SYS_READ][0m
[32m[     5.332][0m [34mINFO  [0m: [39m[0m[39m[pid=5][tid=5][id=5][SYS_FSTAT][0m
[32m[     5.333][0m [34mINFO  [0m: [39m[0m[39m[pid=5][tid=5][id=9][SYS_MMAP][0m
[32m[     5.334][0m [34mINFO  [0m: [39m[0m[39m[pid=5][tid=5][id=9][SYS_MMAP][0m
[32m[     5.335][0m [34mINFO  [0m: [39m[0m[39m[pid=5][tid=5][id=9][SYS_MMAP][0m
[32m[     5.336][0m [34mINFO  [0m: [39m[0m[39m[pid=5][tid=5][id=9][SYS_MMAP][0m
[32m[     5.337][0m [34mINFO  [0m: [39m[0m[39m[pid=5][tid=5][id=9][SYS_MMAP][0m
[32m[     5.338][0m [34mINFO  [0m: [39m[0m[39m[pid=5][tid=5][id=3][SYS_CLOSE][0m
[32m[     5.339][0m [34mINFO  [0m: [39m[0m[39m[pid=5][tid=5][id=257][SYS_OPENAT][0m
[32m[     5.340][0m [34mINFO  [0m: [39m[0m[39m[pid=5][tid=5][id=0][SYS_READ][0m
[32m[     5.341][0m [34mINFO  [0m: [39m[0m[39m[pid=5][tid=5][id=17][SYS_PREAD64][0m
[32m[     5.342][0m [34mINFO  [0m: [39m[0m[39m[pid=5][tid=5][id=5][SYS_FSTAT][0m
[32m[     5.343][0m [34mINFO  [0m: [39m[0m[39m[pid=5][tid=5][id=17][SYS_PREAD64][0m
[32m[     5.344][0m [34mINFO  [0m: [39m[0m[39m[pid=5][tid=5][id=9][SYS_MMAP][0m
[32m[     5.345][0m [34mINFO  [0m: [39m[0m[39m[pid=5][tid=5][id=9][SYS_MMAP][0m
[32m[     5.346][0m [34mINFO  [0m: [39m[0m[39m[pid=5][tid=5][id=9][SYS_MMAP][0m
[32m[     5.347][0m [34mINFO  [0m: [39m[0m[39m[pid=5][tid=5][id=9][SYS_MMAP][0m
[32m[     5.348][0m [34mINFO  [0m: [39m[0m[39m[pid=5][tid=5][id=9][SYS_MMAP][0m
[32m[     5.349][0m [34mINFO  [0m: [39m[0m[39m[pid=5][tid=5][id=3][SYS_CLOSE][0m
[32m[     5.350][0m [34mINFO  [0m: [39m[0m[39m[pid=5][tid=5][id=9][SYS_MMAP][0m
[32m[     5.351][0m [34mINFO  [0m: [39m[0m[39m[pid=5][tid=5][id=158][SYS_ARCH_PRCTL][0m
[32m[     5.352][0m [34mINFO  [0m: [39m[0m[39m[pid=5][tid=5][id=218][SYS_SET_TID_ADDRESS][0m
[32m[     5.353][0m [34mINFO  [0m: [39m[0m[39m[pid=5][tid=5][id=273][SYS_SET_ROBUST_LIST][0m
[32m[     5.354][0m [93mWARN  [0m: [39m[0m[39mUnimplemented syscall number: 334[0m
[32m[     5.355][0m [34mINFO  [0m: [39m[0m[39m[pid=5][tid=5][id=10][SYS_MPROTECT][0m
[32m[     5.356][0m [34mINFO  [0m: [39m[0m[39m[pid=5][tid=5][id=10][SYS_MPROTECT][0m
[32m[     5.357][0m [34mINFO  [0m: [39m[0m[39m[pid=5][tid=5][id=10][SYS_MPROTECT][0m
[32m[     5.358][0m [34mINFO  [0m: [39m[0m[39m[pid=5][tid=5][id=10][SYS_MPROTECT][0m
[32m[     5.359][0m [34mINFO  [0m: [39m[0m[39m[pid=5][tid=5][id=10][SYS_MPROTECT][0m
[32m[     5.360][0m [34mINFO  [0m: [39m[0m[39m[pid=5][tid=5][id=302][SYS_PRLIMIT64][0m
[32m[     5.361][0m [34mINFO  [0m: [39m[0m[39m[pid=5][tid=5][id=318][SYS_GETRANDOM][0m
[32m[     5.362][0m [34mINFO  [0m: [39m[0m[39m[pid=5][tid=5][id=102][SYS_GETUID][0m
[32m[     5.363][0m [34mINFO  [0m: [39m[0m[39m[pid=5][tid=5][id=12][SYS_BRK][0m
[32m[     5.364][0m [34mINFO  [0m: [39m[0m[39m[pid=5][tid=5][id=12][SYS_BRK][0m
[32m[     5.365][0m [34mINFO  [0m: [39m[0m[39m[pid=5][tid=5][id=102][SYS_GETUID][0m
[32m[     5.366][0m [34mINFO  [0m: [39m[0m[39m[pid=5][tid=5][id=107][SYS_GETEUID][0m
[32m[     5.367][0m [34mINFO  [0m: [39m[0m[39m[pid=5][tid=5][id=262][SYS_FSTATAT][0m
[32m[     5.368][0m [34mINFO  [0m: [39m[0m[39m[pid=5][tid=5][id=165][SYS_MOUNT][0m
[32m[     5.369][0m [34mINFO  [0m: [39m[0m[39m[pid=5][tid=5][id=231][SYS_EXIT_GROUP][0m
[32m[     5.371][0m [34mINFO  [0m: [39m[0m[39m[pid=1][tid=1][id=15][SYS_RT_SIGRETURN][0m
[32m[     5.372][0m [34mINFO  [0m: [39m[0m[39m[pid=1][tid=1][id=61][SYS_WAIT4][0m
[32m[     5.373][0m [34mINFO  [0m: [39m[0m[39m[pid=1][tid=1][id=56][SYS_CLONE][0m
[32m[     5.377][0m [34mINFO  [0m: [39m[0m[39m[pid=1][tid=1][id=61][SYS_WAIT4][0m
[32m[     5.378][0m [34mINFO  [0m: [39m[0m[39m[pid=6][tid=6][id=273][SYS_SET_ROBUST_LIST][0m
[32m[     5.379][0m [34mINFO  [0m: [39m[0m[39m[pid=6][tid=6][id=3][SYS_CLOSE][0m
[32m[     5.380][0m [34mINFO  [0m: [39m[0m[39m[pid=6][tid=6][id=13][SYS_RT_SIGACTION][0m
[32m[     5.381][0m [34mINFO  [0m: [39m[0m[39m[pid=6][tid=6][id=59][SYS_EXECVE][0m
[32m[     5.384][0m [34mINFO  [0m: [39m[0m[39m[pid=6][tid=6][id=12][SYS_BRK][0m
[32m[     5.385][0m [34mINFO  [0m: [39m[0m[39m[pid=6][tid=6][id=9][SYS_MMAP][0m
[32m[     5.386][0m [34mINFO  [0m: [39m[0m[39m[pid=6][tid=6][id=21][SYS_ACCESS][0m
[32m[     5.387][0m [34mINFO  [0m: [39m[0m[39m[pid=6][tid=6][id=257][SYS_OPENAT][0m
[32m[     5.388][0m [34mINFO  [0m: [39m[0m[39m[pid=6][tid=6][id=262][SYS_FSTATAT][0m
[32m[     5.389][0m [34mINFO  [0m: [39m[0m[39m[pid=6][tid=6][id=257][SYS_OPENAT][0m
[32m[     5.390][0m [34mINFO  [0m: [39m[0m[39m[pid=6][tid=6][id=262][SYS_FSTATAT][0m
[32m[     5.391][0m [34mINFO  [0m: [39m[0m[39m[pid=6][tid=6][id=257][SYS_OPENAT][0m
[32m[     5.392][0m [34mINFO  [0m: [39m[0m[39m[pid=6][tid=6][id=0][SYS_READ][0m
[32m[     5.393][0m [34mINFO  [0m: [39m[0m[39m[pid=6][tid=6][id=5][SYS_FSTAT][0m
[32m[     5.394][0m [34mINFO  [0m: [39m[0m[39m[pid=6][tid=6][id=9][SYS_MMAP][0m
[32m[     5.395][0m [34mINFO  [0m: [39m[0m[39m[pid=6][tid=6][id=9][SYS_MMAP][0m
[32m[     5.396][0m [34mINFO  [0m: [39m[0m[39m[pid=6][tid=6][id=9][SYS_MMAP][0m
[32m[     5.397][0m [34mINFO  [0m: [39m[0m[39m[pid=6][tid=6][id=9][SYS_MMAP][0m
[32m[     5.398][0m [34mINFO  [0m: [39m[0m[39m[pid=6][tid=6][id=3][SYS_CLOSE][0m
[32m[     5.399][0m [34mINFO  [0m: [39m[0m[39m[pid=6][tid=6][id=257][SYS_OPENAT][0m
[32m[     5.400][0m [34mINFO  [0m: [39m[0m[39m[pid=6][tid=6][id=0][SYS_READ][0m
[32m[     5.401][0m [34mINFO  [0m: [39m[0m[39m[pid=6][tid=6][id=5][SYS_FSTAT][0m
[32m[     5.402][0m [34mINFO  [0m: [39m[0m[39m[pid=6][tid=6][id=9][SYS_MMAP][0m
[32m[     5.403][0m [34mINFO  [0m: [39m[0m[39m[pid=6][tid=6][id=9][SYS_MMAP][0m
[32m[     5.404][0m [34mINFO  [0m: [39m[0m[39m[pid=6][tid=6][id=9][SYS_MMAP][0m
[32m[     5.405][0m [34mINFO  [0m: [39m[0m[39m[pid=6][tid=6][id=9][SYS_MMAP][0m
[32m[     5.406][0m [34mINFO  [0m: [39m[0m[39m[pid=6][tid=6][id=9][SYS_MMAP][0m
[32m[     5.407][0m [34mINFO  [0m: [39m[0m[39m[pid=6][tid=6][id=3][SYS_CLOSE][0m
[32m[     5.408][0m [34mINFO  [0m: [39m[0m[39m[pid=6][tid=6][id=257][SYS_OPENAT][0m
[32m[     5.409][0m [34mINFO  [0m: [39m[0m[39m[pid=6][tid=6][id=0][SYS_READ][0m
[32m[     5.410][0m [34mINFO  [0m: [39m[0m[39m[pid=6][tid=6][id=17][SYS_PREAD64][0m
[32m[     5.411][0m [34mINFO  [0m: [39m[0m[39m[pid=6][tid=6][id=5][SYS_FSTAT][0m
[32m[     5.412][0m [34mINFO  [0m: [39m[0m[39m[pid=6][tid=6][id=17][SYS_PREAD64][0m
[32m[     5.413][0m [34mINFO  [0m: [39m[0m[39m[pid=6][tid=6][id=9][SYS_MMAP][0m
[32m[     5.414][0m [34mINFO  [0m: [39m[0m[39m[pid=6][tid=6][id=9][SYS_MMAP][0m
[32m[     5.415][0m [34mINFO  [0m: [39m[0m[39m[pid=6][tid=6][id=9][SYS_MMAP][0m
[32m[     5.416][0m [34mINFO  [0m: [39m[0m[39m[pid=6][tid=6][id=9][SYS_MMAP][0m
[32m[     5.417][0m [34mINFO  [0m: [39m[0m[39m[pid=6][tid=6][id=9][SYS_MMAP][0m
[32m[     5.418][0m [34mINFO  [0m: [39m[0m[39m[pid=6][tid=6][id=3][SYS_CLOSE][0m
[32m[     5.419][0m [34mINFO  [0m: [39m[0m[39m[pid=6][tid=6][id=9][SYS_MMAP][0m
[32m[     5.420][0m [34mINFO  [0m: [39m[0m[39m[pid=6][tid=6][id=158][SYS_ARCH_PRCTL][0m
[32m[     5.421][0m [34mINFO  [0m: [39m[0m[39m[pid=6][tid=6][id=218][SYS_SET_TID_ADDRESS][0m
[32m[     5.422][0m [34mINFO  [0m: [39m[0m[39m[pid=6][tid=6][id=273][SYS_SET_ROBUST_LIST][0m
[32m[     5.423][0m [93mWARN  [0m: [39m[0m[39mUnimplemented syscall number: 334[0m
[32m[     5.424][0m [34mINFO  [0m: [39m[0m[39m[pid=6][tid=6][id=10][SYS_MPROTECT][0m
[32m[     5.425][0m [34mINFO  [0m: [39m[0m[39m[pid=6][tid=6][id=10][SYS_MPROTECT][0m
[32m[     5.426][0m [34mINFO  [0m: [39m[0m[39m[pid=6][tid=6][id=10][SYS_MPROTECT][0m
[32m[     5.427][0m [34mINFO  [0m: [39m[0m[39m[pid=6][tid=6][id=10][SYS_MPROTECT][0m
[32m[     5.428][0m [34mINFO  [0m: [39m[0m[39m[pid=6][tid=6][id=10][SYS_MPROTECT][0m
[32m[     5.429][0m [34mINFO  [0m: [39m[0m[39m[pid=6][tid=6][id=302][SYS_PRLIMIT64][0m
[32m[     5.430][0m [34mINFO  [0m: [39m[0m[39m[pid=6][tid=6][id=318][SYS_GETRANDOM][0m
[32m[     5.431][0m [34mINFO  [0m: [39m[0m[39m[pid=6][tid=6][id=102][SYS_GETUID][0m
[32m[     5.432][0m [34mINFO  [0m: [39m[0m[39m[pid=6][tid=6][id=12][SYS_BRK][0m
[32m[     5.433][0m [34mINFO  [0m: [39m[0m[39m[pid=6][tid=6][id=12][SYS_BRK][0m
[32m[     5.434][0m [34mINFO  [0m: [39m[0m[39m[pid=6][tid=6][id=102][SYS_GETUID][0m
[32m[     5.435][0m [34mINFO  [0m: [39m[0m[39m[pid=6][tid=6][id=107][SYS_GETEUID][0m
[32m[     5.436][0m [34mINFO  [0m: [39m[0m[39m[pid=6][tid=6][id=262][SYS_FSTATAT][0m
[32m[     5.437][0m [34mINFO  [0m: [39m[0m[39m[pid=6][tid=6][id=165][SYS_MOUNT][0m
[32m[     5.438][0m [34mINFO  [0m: [39m[0m[39m[pid=6][tid=6][id=58][SYS_VFORK][0m
[32m[     5.439][0m [34mINFO  [0m: [39m[0m[39m[pid=7][tid=7][id=59][SYS_EXECVE][0m
[32m[     5.440][0m [34mINFO  [0m: [39m[0m[39m[pid=7][tid=7][id=59][SYS_EXECVE][0m
[32m[     5.441][0m [34mINFO  [0m: [39m[0m[39m[pid=7][tid=7][id=231][SYS_EXIT_GROUP][0m
[32m[     5.442][0m [34mINFO  [0m: [39m[0m[39m[pid=6][tid=6][id=61][SYS_WAIT4][0m
[32m[     5.443][0m [34mINFO  [0m: [39m[0m[39m[pid=6][tid=6][id=1][SYS_WRITE][0m
mount: mounting /dev/vda on /ext2 failed: No such file or directory
[32m[     5.445][0m [34mINFO  [0m: [39m[0m[39m[pid=6][tid=6][id=231][SYS_EXIT_GROUP][0m
[32m[     5.447][0m [34mINFO  [0m: [39m[0m[39m[pid=1][tid=1][id=15][SYS_RT_SIGRETURN][0m
[32m[     5.448][0m [34mINFO  [0m: [39m[0m[39m[pid=1][tid=1][id=61][SYS_WAIT4][0m
[32m[     5.449][0m [34mINFO  [0m: [39m[0m[39m[pid=1][tid=1][id=56][SYS_CLONE][0m
[32m[     5.453][0m [34mINFO  [0m: [39m[0m[39m[pid=1][tid=1][id=61][SYS_WAIT4][0m
[32m[     5.455][0m [34mINFO  [0m: [39m[0m[39m[pid=8][tid=8][id=273][SYS_SET_ROBUST_LIST][0m
[32m[     5.456][0m [34mINFO  [0m: [39m[0m[39m[pid=8][tid=8][id=3][SYS_CLOSE][0m
[32m[     5.457][0m [34mINFO  [0m: [39m[0m[39m[pid=8][tid=8][id=13][SYS_RT_SIGACTION][0m
[32m[     5.458][0m [34mINFO  [0m: [39m[0m[39m[pid=8][tid=8][id=59][SYS_EXECVE][0m
[32m[     5.461][0m [34mINFO  [0m: [39m[0m[39m[pid=8][tid=8][id=12][SYS_BRK][0m
[32m[     5.462][0m [34mINFO  [0m: [39m[0m[39m[pid=8][tid=8][id=9][SYS_MMAP][0m
[32m[     5.463][0m [34mINFO  [0m: [39m[0m[39m[pid=8][tid=8][id=21][SYS_ACCESS][0m
[32m[     5.464][0m [34mINFO  [0m: [39m[0m[39m[pid=8][tid=8][id=257][SYS_OPENAT][0m
[32m[     5.465][0m [34mINFO  [0m: [39m[0m[39m[pid=8][tid=8][id=262][SYS_FSTATAT][0m
[32m[     5.466][0m [34mINFO  [0m: [39m[0m[39m[pid=8][tid=8][id=257][SYS_OPENAT][0m
[32m[     5.467][0m [34mINFO  [0m: [39m[0m[39m[pid=8][tid=8][id=262][SYS_FSTATAT][0m
[32m[     5.468][0m [34mINFO  [0m: [39m[0m[39m[pid=8][tid=8][id=257][SYS_OPENAT][0m
[32m[     5.469][0m [34mINFO  [0m: [39m[0m[39m[pid=8][tid=8][id=0][SYS_READ][0m
[32m[     5.470][0m [34mINFO  [0m: [39m[0m[39m[pid=8][tid=8][id=5][SYS_FSTAT][0m
[32m[     5.471][0m [34mINFO  [0m: [39m[0m[39m[pid=8][tid=8][id=9][SYS_MMAP][0m
[32m[     5.472][0m [34mINFO  [0m: [39m[0m[39m[pid=8][tid=8][id=9][SYS_MMAP][0m
[32m[     5.473][0m [34mINFO  [0m: [39m[0m[39m[pid=8][tid=8][id=9][SYS_MMAP][0m
[32m[     5.474][0m [34mINFO  [0m: [39m[0m[39m[pid=8][tid=8][id=9][SYS_MMAP][0m
[32m[     5.475][0m [34mINFO  [0m: [39m[0m[39m[pid=8][tid=8][id=3][SYS_CLOSE][0m
[32m[     5.476][0m [34mINFO  [0m: [39m[0m[39m[pid=8][tid=8][id=257][SYS_OPENAT][0m
[32m[     5.477][0m [34mINFO  [0m: [39m[0m[39m[pid=8][tid=8][id=0][SYS_READ][0m
[32m[     5.478][0m [34mINFO  [0m: [39m[0m[39m[pid=8][tid=8][id=5][SYS_FSTAT][0m
[32m[     5.479][0m [34mINFO  [0m: [39m[0m[39m[pid=8][tid=8][id=9][SYS_MMAP][0m
[32m[     5.480][0m [34mINFO  [0m: [39m[0m[39m[pid=8][tid=8][id=9][SYS_MMAP][0m
[32m[     5.481][0m [34mINFO  [0m: [39m[0m[39m[pid=8][tid=8][id=9][SYS_MMAP][0m
[32m[     5.482][0m [34mINFO  [0m: [39m[0m[39m[pid=8][tid=8][id=9][SYS_MMAP][0m
[32m[     5.483][0m [34mINFO  [0m: [39m[0m[39m[pid=8][tid=8][id=9][SYS_MMAP][0m
[32m[     5.484][0m [34mINFO  [0m: [39m[0m[39m[pid=8][tid=8][id=3][SYS_CLOSE][0m
[32m[     5.485][0m [34mINFO  [0m: [39m[0m[39m[pid=8][tid=8][id=257][SYS_OPENAT][0m
[32m[     5.486][0m [34mINFO  [0m: [39m[0m[39m[pid=8][tid=8][id=0][SYS_READ][0m
[32m[     5.487][0m [34mINFO  [0m: [39m[0m[39m[pid=8][tid=8][id=17][SYS_PREAD64][0m
[32m[     5.488][0m [34mINFO  [0m: [39m[0m[39m[pid=8][tid=8][id=5][SYS_FSTAT][0m
[32m[     5.489][0m [34mINFO  [0m: [39m[0m[39m[pid=8][tid=8][id=17][SYS_PREAD64][0m
[32m[     5.490][0m [34mINFO  [0m: [39m[0m[39m[pid=8][tid=8][id=9][SYS_MMAP][0m
[32m[     5.491][0m [34mINFO  [0m: [39m[0m[39m[pid=8][tid=8][id=9][SYS_MMAP][0m
[32m[     5.492][0m [34mINFO  [0m: [39m[0m[39m[pid=8][tid=8][id=9][SYS_MMAP][0m
[32m[     5.493][0m [34mINFO  [0m: [39m[0m[39m[pid=8][tid=8][id=9][SYS_MMAP][0m
[32m[     5.494][0m [34mINFO  [0m: [39m[0m[39m[pid=8][tid=8][id=9][SYS_MMAP][0m
[32m[     5.495][0m [34mINFO  [0m: [39m[0m[39m[pid=8][tid=8][id=3][SYS_CLOSE][0m
[32m[     5.496][0m [34mINFO  [0m: [39m[0m[39m[pid=8][tid=8][id=9][SYS_MMAP][0m
[32m[     5.497][0m [34mINFO  [0m: [39m[0m[39m[pid=8][tid=8][id=158][SYS_ARCH_PRCTL][0m
[32m[     5.498][0m [34mINFO  [0m: [39m[0m[39m[pid=8][tid=8][id=218][SYS_SET_TID_ADDRESS][0m
[32m[     5.499][0m [34mINFO  [0m: [39m[0m[39m[pid=8][tid=8][id=273][SYS_SET_ROBUST_LIST][0m
[32m[     5.500][0m [93mWARN  [0m: [39m[0m[39mUnimplemented syscall number: 334[0m
[32m[     5.501][0m [34mINFO  [0m: [39m[0m[39m[pid=8][tid=8][id=10][SYS_MPROTECT][0m
[32m[     5.502][0m [34mINFO  [0m: [39m[0m[39m[pid=8][tid=8][id=10][SYS_MPROTECT][0m
[32m[     5.503][0m [34mINFO  [0m: [39m[0m[39m[pid=8][tid=8][id=10][SYS_MPROTECT][0m
[32m[     5.504][0m [34mINFO  [0m: [39m[0m[39m[pid=8][tid=8][id=10][SYS_MPROTECT][0m
[32m[     5.505][0m [34mINFO  [0m: [39m[0m[39m[pid=8][tid=8][id=10][SYS_MPROTECT][0m
[32m[     5.506][0m [34mINFO  [0m: [39m[0m[39m[pid=8][tid=8][id=302][SYS_PRLIMIT64][0m
[32m[     5.507][0m [34mINFO  [0m: [39m[0m[39m[pid=8][tid=8][id=318][SYS_GETRANDOM][0m
[32m[     5.508][0m [34mINFO  [0m: [39m[0m[39m[pid=8][tid=8][id=102][SYS_GETUID][0m
[32m[     5.509][0m [34mINFO  [0m: [39m[0m[39m[pid=8][tid=8][id=12][SYS_BRK][0m
[32m[     5.510][0m [34mINFO  [0m: [39m[0m[39m[pid=8][tid=8][id=12][SYS_BRK][0m
[32m[     5.511][0m [34mINFO  [0m: [39m[0m[39m[pid=8][tid=8][id=102][SYS_GETUID][0m
[32m[     5.512][0m [34mINFO  [0m: [39m[0m[39m[pid=8][tid=8][id=107][SYS_GETEUID][0m
[32m[     5.513][0m [34mINFO  [0m: [39m[0m[39m[pid=8][tid=8][id=262][SYS_FSTATAT][0m
[32m[     5.514][0m [34mINFO  [0m: [39m[0m[39m[pid=8][tid=8][id=165][SYS_MOUNT][0m
[32m[     5.515][0m [34mINFO  [0m: [39m[0m[39m[pid=8][tid=8][id=58][SYS_VFORK][0m
[32m[     5.516][0m [34mINFO  [0m: [39m[0m[39m[pid=9][tid=9][id=59][SYS_EXECVE][0m
[32m[     5.517][0m [34mINFO  [0m: [39m[0m[39m[pid=9][tid=9][id=59][SYS_EXECVE][0m
[32m[     5.518][0m [34mINFO  [0m: [39m[0m[39m[pid=9][tid=9][id=231][SYS_EXIT_GROUP][0m
[32m[     5.519][0m [34mINFO  [0m: [39m[0m[39m[pid=8][tid=8][id=61][SYS_WAIT4][0m
[32m[     5.520][0m [34mINFO  [0m: [39m[0m[39m[pid=8][tid=8][id=1][SYS_WRITE][0m
mount: mounting /dev/vdb on /exfat failed: No such file or directory
[32m[     5.522][0m [34mINFO  [0m: [39m[0m[39m[pid=8][tid=8][id=231][SYS_EXIT_GROUP][0m
[32m[     5.524][0m [34mINFO  [0m: [39m[0m[39m[pid=1][tid=1][id=15][SYS_RT_SIGRETURN][0m
[32m[     5.525][0m [34mINFO  [0m: [39m[0m[39m[pid=1][tid=1][id=61][SYS_WAIT4][0m
[32m[     5.526][0m [34mINFO  [0m: [39m[0m[39m[pid=1][tid=1][id=0][SYS_READ][0m
[32m[     5.527][0m [34mINFO  [0m: [39m[0m[39m[pid=1][tid=1][id=262][SYS_FSTATAT][0m
[32m[     5.528][0m [34mINFO  [0m: [39m[0m[39m[pid=1][tid=1][id=56][SYS_CLONE][0m
[32m[     5.532][0m [34mINFO  [0m: [39m[0m[39m[pid=1][tid=1][id=61][SYS_WAIT4][0m
[32m[     5.533][0m [34mINFO  [0m: [39m[0m[39m[pid=10][tid=10][id=273][SYS_SET_ROBUST_LIST][0m
[32m[     5.534][0m [34mINFO  [0m: [39m[0m[39m[pid=10][tid=10][id=3][SYS_CLOSE][0m
[32m[     5.535][0m [34mINFO  [0m: [39m[0m[39m[pid=10][tid=10][id=13][SYS_RT_SIGACTION][0m
[32m[     5.536][0m [34mINFO  [0m: [39m[0m[39m[pid=10][tid=10][id=59][SYS_EXECVE][0m
[32m[     5.539][0m [34mINFO  [0m: [39m[0m[39m[pid=10][tid=10][id=12][SYS_BRK][0m
[32m[     5.540][0m [34mINFO  [0m: [39m[0m[39m[pid=10][tid=10][id=9][SYS_MMAP][0m
[32m[     5.541][0m [34mINFO  [0m: [39m[0m[39m[pid=10][tid=10][id=21][SYS_ACCESS][0m
[32m[     5.542][0m [34mINFO  [0m: [39m[0m[39m[pid=10][tid=10][id=257][SYS_OPENAT][0m
[32m[     5.543][0m [34mINFO  [0m: [39m[0m[39m[pid=10][tid=10][id=262][SYS_FSTATAT][0m
[32m[     5.544][0m [34mINFO  [0m: [39m[0m[39m[pid=10][tid=10][id=257][SYS_OPENAT][0m
[32m[     5.545][0m [34mINFO  [0m: [39m[0m[39m[pid=10][tid=10][id=262][SYS_FSTATAT][0m
[32m[     5.546][0m [34mINFO  [0m: [39m[0m[39m[pid=10][tid=10][id=257][SYS_OPENAT][0m
[32m[     5.547][0m [34mINFO  [0m: [39m[0m[39m[pid=10][tid=10][id=0][SYS_READ][0m
[32m[     5.548][0m [34mINFO  [0m: [39m[0m[39m[pid=10][tid=10][id=5][SYS_FSTAT][0m
[32m[     5.549][0m [34mINFO  [0m: [39m[0m[39m[pid=10][tid=10][id=9][SYS_MMAP][0m
[32m[     5.550][0m [34mINFO  [0m: [39m[0m[39m[pid=10][tid=10][id=9][SYS_MMAP][0m
[32m[     5.551][0m [34mINFO  [0m: [39m[0m[39m[pid=10][tid=10][id=9][SYS_MMAP][0m
[32m[     5.552][0m [34mINFO  [0m: [39m[0m[39m[pid=10][tid=10][id=9][SYS_MMAP][0m
[32m[     5.553][0m [34mINFO  [0m: [39m[0m[39m[pid=10][tid=10][id=3][SYS_CLOSE][0m
[32m[     5.554][0m [34mINFO  [0m: [39m[0m[39m[pid=10][tid=10][id=257][SYS_OPENAT][0m
[32m[     5.555][0m [34mINFO  [0m: [39m[0m[39m[pid=10][tid=10][id=0][SYS_READ][0m
[32m[     5.556][0m [34mINFO  [0m: [39m[0m[39m[pid=10][tid=10][id=5][SYS_FSTAT][0m
[32m[     5.557][0m [34mINFO  [0m: [39m[0m[39m[pid=10][tid=10][id=9][SYS_MMAP][0m
[32m[     5.558][0m [34mINFO  [0m: [39m[0m[39m[pid=10][tid=10][id=9][SYS_MMAP][0m
[32m[     5.559][0m [34mINFO  [0m: [39m[0m[39m[pid=10][tid=10][id=9][SYS_MMAP][0m
[32m[     5.560][0m [34mINFO  [0m: [39m[0m[39m[pid=10][tid=10][id=9][SYS_MMAP][0m
[32m[     5.561][0m [34mINFO  [0m: [39m[0m[39m[pid=10][tid=10][id=9][SYS_MMAP][0m
[32m[     5.562][0m [34mINFO  [0m: [39m[0m[39m[pid=10][tid=10][id=3][SYS_CLOSE][0m
[32m[     5.563][0m [34mINFO  [0m: [39m[0m[39m[pid=10][tid=10][id=257][SYS_OPENAT][0m
[32m[     5.564][0m [34mINFO  [0m: [39m[0m[39m[pid=10][tid=10][id=0][SYS_READ][0m
[32m[     5.565][0m [34mINFO  [0m: [39m[0m[39m[pid=10][tid=10][id=17][SYS_PREAD64][0m
[32m[     5.566][0m [34mINFO  [0m: [39m[0m[39m[pid=10][tid=10][id=5][SYS_FSTAT][0m
[32m[     5.567][0m [34mINFO  [0m: [39m[0m[39m[pid=10][tid=10][id=17][SYS_PREAD64][0m
[32m[     5.568][0m [34mINFO  [0m: [39m[0m[39m[pid=10][tid=10][id=9][SYS_MMAP][0m
[32m[     5.569][0m [34mINFO  [0m: [39m[0m[39m[pid=10][tid=10][id=9][SYS_MMAP][0m
[32m[     5.570][0m [34mINFO  [0m: [39m[0m[39m[pid=10][tid=10][id=9][SYS_MMAP][0m
[32m[     5.571][0m [34mINFO  [0m: [39m[0m[39m[pid=10][tid=10][id=9][SYS_MMAP][0m
[32m[     5.572][0m [34mINFO  [0m: [39m[0m[39m[pid=10][tid=10][id=9][SYS_MMAP][0m
[32m[     5.573][0m [34mINFO  [0m: [39m[0m[39m[pid=10][tid=10][id=3][SYS_CLOSE][0m
[32m[     5.574][0m [34mINFO  [0m: [39m[0m[39m[pid=10][tid=10][id=9][SYS_MMAP][0m
[32m[     5.575][0m [34mINFO  [0m: [39m[0m[39m[pid=10][tid=10][id=158][SYS_ARCH_PRCTL][0m
[32m[     5.576][0m [34mINFO  [0m: [39m[0m[39m[pid=10][tid=10][id=218][SYS_SET_TID_ADDRESS][0m
[32m[     5.577][0m [34mINFO  [0m: [39m[0m[39m[pid=10][tid=10][id=273][SYS_SET_ROBUST_LIST][0m
[32m[     5.578][0m [93mWARN  [0m: [39m[0m[39mUnimplemented syscall number: 334[0m
[32m[     5.579][0m [34mINFO  [0m: [39m[0m[39m[pid=10][tid=10][id=10][SYS_MPROTECT][0m
[32m[     5.580][0m [34mINFO  [0m: [39m[0m[39m[pid=10][tid=10][id=10][SYS_MPROTECT][0m
[32m[     5.581][0m [34mINFO  [0m: [39m[0m[39m[pid=10][tid=10][id=10][SYS_MPROTECT][0m
[32m[     5.582][0m [34mINFO  [0m: [39m[0m[39m[pid=10][tid=10][id=10][SYS_MPROTECT][0m
[32m[     5.583][0m [34mINFO  [0m: [39m[0m[39m[pid=10][tid=10][id=10][SYS_MPROTECT][0m
[32m[     5.584][0m [34mINFO  [0m: [39m[0m[39m[pid=10][tid=10][id=302][SYS_PRLIMIT64][0m
[32m[     5.585][0m [34mINFO  [0m: [39m[0m[39m[pid=10][tid=10][id=318][SYS_GETRANDOM][0m
[32m[     5.586][0m [34mINFO  [0m: [39m[0m[39m[pid=10][tid=10][id=102][SYS_GETUID][0m
[32m[     5.587][0m [34mINFO  [0m: [39m[0m[39m[pid=10][tid=10][id=257][SYS_OPENAT][0m
[32m[     5.588][0m [34mINFO  [0m: [39m[0m[39m[pid=10][tid=10][id=3][SYS_CLOSE][0m
[32m[     5.589][0m [34mINFO  [0m: [39m[0m[39m[pid=10][tid=10][id=257][SYS_OPENAT][0m
[32m[     5.590][0m [34mINFO  [0m: [39m[0m[39m[pid=10][tid=10][id=16][SYS_IOCTL][0m
[32m[     5.591][0m [34mINFO  [0m: [39m[0m[39m[pid=10][tid=10][id=16][SYS_IOCTL][0m
[32m[     5.592][0m [34mINFO  [0m: [39m[0m[39m[pid=10][tid=10][id=16][SYS_IOCTL][0m
[32m[     5.593][0m [34mINFO  [0m: [39m[0m[39m[pid=10][tid=10][id=16][SYS_IOCTL][0m
[32m[     5.594][0m [34mINFO  [0m: [39m[0m[39m[pid=10][tid=10][id=16][SYS_IOCTL][0m
[32m[     5.595][0m [34mINFO  [0m: [39m[0m[39m[pid=10][tid=10][id=16][SYS_IOCTL][0m
[32m[     5.596][0m [34mINFO  [0m: [39m[0m[39m[pid=10][tid=10][id=13][SYS_RT_SIGACTION][0m
[32m[     5.597][0m [34mINFO  [0m: [39m[0m[39m[pid=10][tid=10][id=58][SYS_VFORK][0m
[32m[     5.598][0m [34mINFO  [0m: [39m[0m[39m[pid=11][tid=11][id=3][SYS_CLOSE][0m
[32m[     5.599][0m [34mINFO  [0m: [39m[0m[39m[pid=11][tid=11][id=3][SYS_CLOSE][0m
[32m[     5.600][0m [34mINFO  [0m: [39m[0m[39m[pid=11][tid=11][id=257][SYS_OPENAT][0m
[32m[     5.601][0m [34mINFO  [0m: [39m[0m[39m[pid=11][tid=11][id=33][SYS_DUP2][0m
[32m[     5.602][0m [34mINFO  [0m: [39m[0m[39m[pid=11][tid=11][id=33][SYS_DUP2][0m
[32m[     5.603][0m [34mINFO  [0m: [39m[0m[39m[pid=11][tid=11][id=16][SYS_IOCTL][0m
[32m[     5.604][0m [34mINFO  [0m: [39m[0m[39m[pid=11][tid=11][id=16][SYS_IOCTL][0m
[32m[     5.605][0m [34mINFO  [0m: [39m[0m[39m[pid=11][tid=11][id=112][SYS_SETSID][0m
[32m[     5.606][0m [34mINFO  [0m: [39m[0m[39m[pid=11][tid=11][id=16][SYS_IOCTL][0m
[32m[     5.607][0m [34mINFO  [0m: [39m[0m[39m[pid=11][tid=11][id=59][SYS_EXECVE][0m
[32m[     5.609][0m [34mINFO  [0m: [39m[0m[39m[pid=11][tid=11][id=12][SYS_BRK][0m
[32m[     5.610][0m [34mINFO  [0m: [39m[0m[39m[pid=10][tid=10][id=257][SYS_OPENAT][0m
[32m[     5.611][0m [34mINFO  [0m: [39m[0m[39m[pid=11][tid=11][id=9][SYS_MMAP][0m
[32m[     5.612][0m [34mINFO  [0m: [39m[0m[39m[pid=10][tid=10][id=72][SYS_FCNTL][0m
[32m[     5.613][0m [34mINFO  [0m: [39m[0m[39m[pid=11][tid=11][id=21][SYS_ACCESS][0m
[32m[     5.614][0m [34mINFO  [0m: [39m[0m[39m[pid=10][tid=10][id=72][SYS_FCNTL][0m
[32m[     5.615][0m [34mINFO  [0m: [39m[0m[39m[pid=11][tid=11][id=257][SYS_OPENAT][0m
[32m[     5.616][0m [34mINFO  [0m: [39m[0m[39m[pid=10][tid=10][id=7][SYS_POLL][0m
[32m[     5.617][0m [34mINFO  [0m: [39m[0m[39m[pid=11][tid=11][id=262][SYS_FSTATAT][0m
[32m[     5.618][0m [34mINFO  [0m: [39m[0m[39m[pid=11][tid=11][id=257][SYS_OPENAT][0m
[32m[     5.619][0m [34mINFO  [0m: [39m[0m[39m[pid=11][tid=11][id=262][SYS_FSTATAT][0m
[32m[     5.620][0m [34mINFO  [0m: [39m[0m[39m[pid=11][tid=11][id=257][SYS_OPENAT][0m
[32m[     5.621][0m [34mINFO  [0m: [39m[0m[39m[pid=11][tid=11][id=0][SYS_READ][0m
[32m[     5.622][0m [34mINFO  [0m: [39m[0m[39m[pid=11][tid=11][id=5][SYS_FSTAT][0m
[32m[     5.623][0m [34mINFO  [0m: [39m[0m[39m[pid=11][tid=11][id=9][SYS_MMAP][0m
[32m[     5.624][0m [34mINFO  [0m: [39m[0m[39m[pid=11][tid=11][id=9][SYS_MMAP][0m
[32m[     5.625][0m [34mINFO  [0m: [39m[0m[39m[pid=11][tid=11][id=9][SYS_MMAP][0m
[32m[     5.626][0m [34mINFO  [0m: [39m[0m[39m[pid=11][tid=11][id=9][SYS_MMAP][0m
[32m[     5.627][0m [34mINFO  [0m: [39m[0m[39m[pid=11][tid=11][id=3][SYS_CLOSE][0m
[32m[     5.628][0m [34mINFO  [0m: [39m[0m[39m[pid=11][tid=11][id=257][SYS_OPENAT][0m
[32m[     5.629][0m [34mINFO  [0m: [39m[0m[39m[pid=11][tid=11][id=0][SYS_READ][0m
[32m[     5.630][0m [34mINFO  [0m: [39m[0m[39m[pid=11][tid=11][id=5][SYS_FSTAT][0m
[32m[     5.631][0m [34mINFO  [0m: [39m[0m[39m[pid=11][tid=11][id=9][SYS_MMAP][0m
[32m[     5.632][0m [34mINFO  [0m: [39m[0m[39m[pid=11][tid=11][id=9][SYS_MMAP][0m
[32m[     5.633][0m [34mINFO  [0m: [39m[0m[39m[pid=11][tid=11][id=9][SYS_MMAP][0m
[32m[     5.634][0m [34mINFO  [0m: [39m[0m[39m[pid=11][tid=11][id=9][SYS_MMAP][0m
[32m[     5.635][0m [34mINFO  [0m: [39m[0m[39m[pid=11][tid=11][id=9][SYS_MMAP][0m
[32m[     5.636][0m [34mINFO  [0m: [39m[0m[39m[pid=11][tid=11][id=3][SYS_CLOSE][0m
[32m[     5.637][0m [34mINFO  [0m: [39m[0m[39m[pid=11][tid=11][id=257][SYS_OPENAT][0m
[32m[     5.638][0m [34mINFO  [0m: [39m[0m[39m[pid=11][tid=11][id=0][SYS_READ][0m
[32m[     5.639][0m [34mINFO  [0m: [39m[0m[39m[pid=11][tid=11][id=17][SYS_PREAD64][0m
[32m[     5.640][0m [34mINFO  [0m: [39m[0m[39m[pid=11][tid=11][id=5][SYS_FSTAT][0m
[32m[     5.641][0m [34mINFO  [0m: [39m[0m[39m[pid=11][tid=11][id=17][SYS_PREAD64][0m
[32m[     5.642][0m [34mINFO  [0m: [39m[0m[39m[pid=11][tid=11][id=9][SYS_MMAP][0m
[32m[     5.643][0m [34mINFO  [0m: [39m[0m[39m[pid=11][tid=11][id=9][SYS_MMAP][0m
[32m[     5.644][0m [34mINFO  [0m: [39m[0m[39m[pid=11][tid=11][id=9][SYS_MMAP][0m
[32m[     5.645][0m [34mINFO  [0m: [39m[0m[39m[pid=11][tid=11][id=9][SYS_MMAP][0m
[32m[     5.646][0m [34mINFO  [0m: [39m[0m[39m[pid=11][tid=11][id=9][SYS_MMAP][0m
[32m[     5.647][0m [34mINFO  [0m: [39m[0m[39m[pid=11][tid=11][id=3][SYS_CLOSE][0m
[32m[     5.648][0m [34mINFO  [0m: [39m[0m[39m[pid=11][tid=11][id=9][SYS_MMAP][0m
[32m[     5.649][0m [34mINFO  [0m: [39m[0m[39m[pid=11][tid=11][id=158][SYS_ARCH_PRCTL][0m
[32m[     5.650][0m [34mINFO  [0m: [39m[0m[39m[pid=11][tid=11][id=218][SYS_SET_TID_ADDRESS][0m
[32m[     5.651][0m [34mINFO  [0m: [39m[0m[39m[pid=11][tid=11][id=273][SYS_SET_ROBUST_LIST][0m
[32m[     5.652][0m [93mWARN  [0m: [39m[0m[39mUnimplemented syscall number: 334[0m
[32m[     5.653][0m [34mINFO  [0m: [39m[0m[39m[pid=11][tid=11][id=10][SYS_MPROTECT][0m
[32m[     5.654][0m [34mINFO  [0m: [39m[0m[39m[pid=11][tid=11][id=10][SYS_MPROTECT][0m
[32m[     5.655][0m [34mINFO  [0m: [39m[0m[39m[pid=11][tid=11][id=10][SYS_MPROTECT][0m
[32m[     5.656][0m [34mINFO  [0m: [39m[0m[39m[pid=11][tid=11][id=10][SYS_MPROTECT][0m
[32m[     5.657][0m [34mINFO  [0m: [39m[0m[39m[pid=11][tid=11][id=10][SYS_MPROTECT][0m
[32m[     5.658][0m [34mINFO  [0m: [39m[0m[39m[pid=11][tid=11][id=302][SYS_PRLIMIT64][0m
[32m[     5.659][0m [34mINFO  [0m: [39m[0m[39m[pid=11][tid=11][id=318][SYS_GETRANDOM][0m
[32m[     5.660][0m [34mINFO  [0m: [39m[0m[39m[pid=11][tid=11][id=102][SYS_GETUID][0m
[32m[     5.661][0m [34mINFO  [0m: [39m[0m[39m[pid=11][tid=11][id=12][SYS_BRK][0m
[32m[     5.662][0m [34mINFO  [0m: [39m[0m[39m[pid=11][tid=11][id=12][SYS_BRK][0m
[32m[     5.663][0m [34mINFO  [0m: [39m[0m[39m[pid=11][tid=11][id=39][SYS_GETPID][0m
[32m[     5.664][0m [34mINFO  [0m: [39m[0m[39m[pid=11][tid=11][id=13][SYS_RT_SIGACTION][0m
[32m[     5.665][0m [34mINFO  [0m: [39m[0m[39m[pid=11][tid=11][id=110][SYS_GETPPID][0m
[32m[     5.666][0m [34mINFO  [0m: [39m[0m[39m[pid=11][tid=11][id=63][SYS_UNAME][0m
[32m[     5.667][0m [34mINFO  [0m: [39m[0m[39m[pid=11][tid=11][id=262][SYS_FSTATAT][0m
[32m[     5.668][0m [34mINFO  [0m: [39m[0m[39m[pid=11][tid=11][id=262][SYS_FSTATAT][0m
[32m[     5.669][0m [34mINFO  [0m: [39m[0m[39m[pid=11][tid=11][id=13][SYS_RT_SIGACTION][0m
[32m[     5.670][0m [34mINFO  [0m: [39m[0m[39m[pid=11][tid=11][id=13][SYS_RT_SIGACTION][0m
[32m[     5.671][0m [34mINFO  [0m: [39m[0m[39m[pid=11][tid=11][id=13][SYS_RT_SIGACTION][0m
[32m[     5.672][0m [34mINFO  [0m: [39m[0m[39m[pid=11][tid=11][id=13][SYS_RT_SIGACTION][0m
[32m[     5.673][0m [34mINFO  [0m: [39m[0m[39m[pid=11][tid=11][id=13][SYS_RT_SIGACTION][0m
[32m[     5.674][0m [34mINFO  [0m: [39m[0m[39m[pid=11][tid=11][id=262][SYS_FSTATAT][0m
[32m[     5.675][0m [34mINFO  [0m: [39m[0m[39m[pid=11][tid=11][id=59][SYS_EXECVE][0m
[32m[     5.678][0m [34mINFO  [0m: [39m[0m[39m[pid=11][tid=11][id=12][SYS_BRK][0m
[32m[     5.679][0m [34mINFO  [0m: [39m[0m[39m[pid=11][tid=11][id=9][SYS_MMAP][0m
[32m[     5.680][0m [34mINFO  [0m: [39m[0m[39m[pid=11][tid=11][id=21][SYS_ACCESS][0m
[32m[     5.681][0m [34mINFO  [0m: [39m[0m[39m[pid=11][tid=11][id=257][SYS_OPENAT][0m
[32m[     5.682][0m [34mINFO  [0m: [39m[0m[39m[pid=11][tid=11][id=262][SYS_FSTATAT][0m
[32m[     5.683][0m [34mINFO  [0m: [39m[0m[39m[pid=11][tid=11][id=257][SYS_OPENAT][0m
[32m[     5.684][0m [34mINFO  [0m: [39m[0m[39m[pid=11][tid=11][id=262][SYS_FSTATAT][0m
[32m[     5.685][0m [34mINFO  [0m: [39m[0m[39m[pid=11][tid=11][id=257][SYS_OPENAT][0m
[32m[     5.686][0m [34mINFO  [0m: [39m[0m[39m[pid=11][tid=11][id=0][SYS_READ][0m
[32m[     5.687][0m [34mINFO  [0m: [39m[0m[39m[pid=11][tid=11][id=5][SYS_FSTAT][0m
[32m[     5.688][0m [34mINFO  [0m: [39m[0m[39m[pid=11][tid=11][id=9][SYS_MMAP][0m
[32m[     5.689][0m [34mINFO  [0m: [39m[0m[39m[pid=11][tid=11][id=9][SYS_MMAP][0m
[32m[     5.690][0m [34mINFO  [0m: [39m[0m[39m[pid=11][tid=11][id=9][SYS_MMAP][0m
[32m[     5.691][0m [34mINFO  [0m: [39m[0m[39m[pid=11][tid=11][id=9][SYS_MMAP][0m
[32m[     5.692][0m [34mINFO  [0m: [39m[0m[39m[pid=11][tid=11][id=3][SYS_CLOSE][0m
[32m[     5.693][0m [34mINFO  [0m: [39m[0m[39m[pid=11][tid=11][id=257][SYS_OPENAT][0m
[32m[     5.694][0m [34mINFO  [0m: [39m[0m[39m[pid=11][tid=11][id=0][SYS_READ][0m
[32m[     5.695][0m [34mINFO  [0m: [39m[0m[39m[pid=11][tid=11][id=5][SYS_FSTAT][0m
[32m[     5.696][0m [34mINFO  [0m: [39m[0m[39m[pid=11][tid=11][id=9][SYS_MMAP][0m
[32m[     5.697][0m [34mINFO  [0m: [39m[0m[39m[pid=11][tid=11][id=9][SYS_MMAP][0m
[32m[     5.698][0m [34mINFO  [0m: [39m[0m[39m[pid=11][tid=11][id=9][SYS_MMAP][0m
[32m[     5.699][0m [34mINFO  [0m: [39m[0m[39m[pid=11][tid=11][id=9][SYS_MMAP][0m
[32m[     5.700][0m [34mINFO  [0m: [39m[0m[39m[pid=11][tid=11][id=9][SYS_MMAP][0m
[32m[     5.701][0m [34mINFO  [0m: [39m[0m[39m[pid=11][tid=11][id=3][SYS_CLOSE][0m
[32m[     5.702][0m [34mINFO  [0m: [39m[0m[39m[pid=11][tid=11][id=257][SYS_OPENAT][0m
[32m[     5.703][0m [34mINFO  [0m: [39m[0m[39m[pid=11][tid=11][id=0][SYS_READ][0m
[32m[     5.704][0m [34mINFO  [0m: [39m[0m[39m[pid=11][tid=11][id=17][SYS_PREAD64][0m
[32m[     5.705][0m [34mINFO  [0m: [39m[0m[39m[pid=11][tid=11][id=5][SYS_FSTAT][0m
[32m[     5.706][0m [34mINFO  [0m: [39m[0m[39m[pid=11][tid=11][id=17][SYS_PREAD64][0m
[32m[     5.707][0m [34mINFO  [0m: [39m[0m[39m[pid=11][tid=11][id=9][SYS_MMAP][0m
[32m[     5.708][0m [34mINFO  [0m: [39m[0m[39m[pid=11][tid=11][id=9][SYS_MMAP][0m
[32m[     5.709][0m [34mINFO  [0m: [39m[0m[39m[pid=11][tid=11][id=9][SYS_MMAP][0m
[32m[     5.710][0m [34mINFO  [0m: [39m[0m[39m[pid=11][tid=11][id=9][SYS_MMAP][0m
[32m[     5.711][0m [34mINFO  [0m: [39m[0m[39m[pid=11][tid=11][id=9][SYS_MMAP][0m
[32m[     5.712][0m [34mINFO  [0m: [39m[0m[39m[pid=11][tid=11][id=3][SYS_CLOSE][0m
[32m[     5.713][0m [34mINFO  [0m: [39m[0m[39m[pid=11][tid=11][id=9][SYS_MMAP][0m
[32m[     5.714][0m [34mINFO  [0m: [39m[0m[39m[pid=11][tid=11][id=158][SYS_ARCH_PRCTL][0m
[32m[     5.715][0m [34mINFO  [0m: [39m[0m[39m[pid=11][tid=11][id=218][SYS_SET_TID_ADDRESS][0m
[32m[     5.716][0m [34mINFO  [0m: [39m[0m[39m[pid=11][tid=11][id=273][SYS_SET_ROBUST_LIST][0m
[32m[     5.717][0m [93mWARN  [0m: [39m[0m[39mUnimplemented syscall number: 334[0m
[32m[     5.718][0m [34mINFO  [0m: [39m[0m[39m[pid=11][tid=11][id=10][SYS_MPROTECT][0m
[32m[     5.719][0m [34mINFO  [0m: [39m[0m[39m[pid=11][tid=11][id=10][SYS_MPROTECT][0m
[32m[     5.720][0m [34mINFO  [0m: [39m[0m[39m[pid=11][tid=11][id=10][SYS_MPROTECT][0m
[32m[     5.721][0m [34mINFO  [0m: [39m[0m[39m[pid=11][tid=11][id=10][SYS_MPROTECT][0m
[32m[     5.722][0m [34mINFO  [0m: [39m[0m[39m[pid=11][tid=11][id=10][SYS_MPROTECT][0m
[32m[     5.723][0m [34mINFO  [0m: [39m[0m[39m[pid=11][tid=11][id=302][SYS_PRLIMIT64][0m
[32m[     5.724][0m [34mINFO  [0m: [39m[0m[39m[pid=11][tid=11][id=318][SYS_GETRANDOM][0m
[32m[     5.725][0m [34mINFO  [0m: [39m[0m[39m[pid=11][tid=11][id=102][SYS_GETUID][0m
[32m[     5.726][0m [34mINFO  [0m: [39m[0m[39m[pid=11][tid=11][id=12][SYS_BRK][0m
[32m[     5.727][0m [34mINFO  [0m: [39m[0m[39m[pid=11][tid=11][id=12][SYS_BRK][0m
[32m[     5.728][0m [34mINFO  [0m: [39m[0m[39m[pid=11][tid=11][id=39][SYS_GETPID][0m
[32m[     5.729][0m [34mINFO  [0m: [39m[0m[39m[pid=11][tid=11][id=13][SYS_RT_SIGACTION][0m
[32m[     5.730][0m [34mINFO  [0m: [39m[0m[39m[pid=11][tid=11][id=110][SYS_GETPPID][0m
[32m[     5.731][0m [34mINFO  [0m: [39m[0m[39m[pid=11][tid=11][id=63][SYS_UNAME][0m
[32m[     5.732][0m [34mINFO  [0m: [39m[0m[39m[pid=11][tid=11][id=262][SYS_FSTATAT][0m
[32m[     5.733][0m [34mINFO  [0m: [39m[0m[39m[pid=11][tid=11][id=262][SYS_FSTATAT][0m
[32m[     5.734][0m [34mINFO  [0m: [39m[0m[39m[pid=11][tid=11][id=16][SYS_IOCTL][0m
[32m[     5.735][0m [34mINFO  [0m: [39m[0m[39m[pid=11][tid=11][id=16][SYS_IOCTL][0m
[32m[     5.736][0m [34mINFO  [0m: [39m[0m[39m[pid=11][tid=11][id=13][SYS_RT_SIGACTION][0m
[32m[     5.737][0m [34mINFO  [0m: [39m[0m[39m[pid=11][tid=11][id=13][SYS_RT_SIGACTION][0m
[32m[     5.738][0m [34mINFO  [0m: [39m[0m[39m[pid=11][tid=11][id=13][SYS_RT_SIGACTION][0m
[32m[     5.739][0m [34mINFO  [0m: [39m[0m[39m[pid=11][tid=11][id=13][SYS_RT_SIGACTION][0m
[32m[     5.740][0m [34mINFO  [0m: [39m[0m[39m[pid=11][tid=11][id=13][SYS_RT_SIGACTION][0m
[32m[     5.741][0m [34mINFO  [0m: [39m[0m[39m[pid=11][tid=11][id=13][SYS_RT_SIGACTION][0m
[32m[     5.742][0m [34mINFO  [0m: [39m[0m[39m[pid=11][tid=11][id=257][SYS_OPENAT][0m
[32m[     5.743][0m [34mINFO  [0m: [39m[0m[39m[pid=11][tid=11][id=72][SYS_FCNTL][0m
[32m[     5.744][0m [34mINFO  [0m: [39m[0m[39m[pid=11][tid=11][id=3][SYS_CLOSE][0m
[32m[     5.745][0m [34mINFO  [0m: [39m[0m[39m[pid=11][tid=11][id=16][SYS_IOCTL][0m
[32m[     5.746][0m [34mINFO  [0m: [39m[0m[39m[pid=11][tid=11][id=111][SYS_GETPGRP][0m
[32m[     5.747][0m [34mINFO  [0m: [39m[0m[39m[pid=11][tid=11][id=13][SYS_RT_SIGACTION][0m
[32m[     5.748][0m [34mINFO  [0m: [39m[0m[39m[pid=11][tid=11][id=13][SYS_RT_SIGACTION][0m
[32m[     5.749][0m [34mINFO  [0m: [39m[0m[39m[pid=11][tid=11][id=13][SYS_RT_SIGACTION][0m
[32m[     5.750][0m [34mINFO  [0m: [39m[0m[39m[pid=11][tid=11][id=13][SYS_RT_SIGACTION][0m
[32m[     5.751][0m [34mINFO  [0m: [39m[0m[39m[pid=11][tid=11][id=13][SYS_RT_SIGACTION][0m
[32m[     5.752][0m [34mINFO  [0m: [39m[0m[39m[pid=11][tid=11][id=109][SYS_SETPGID][0m
[32m[     5.753][0m [34mINFO  [0m: [39m[0m[39m[pid=11][tid=11][id=16][SYS_IOCTL][0m
[32m[     5.754][0m [34mINFO  [0m: [39m[0m[39m[pid=11][tid=11][id=257][SYS_OPENAT][0m
[32m[     5.755][0m [34mINFO  [0m: [39m[0m[39m[pid=11][tid=11][id=72][SYS_FCNTL][0m
[32m[     5.756][0m [34mINFO  [0m: [39m[0m[39m[pid=11][tid=11][id=3][SYS_CLOSE][0m
[32m[     5.757][0m [34mINFO  [0m: [39m[0m[39m[pid=11][tid=11][id=0][SYS_READ][0m
[32m[     5.758][0m [34mINFO  [0m: [39m[0m[39m[pid=11][tid=11][id=262][SYS_FSTATAT][0m
[32m[     5.759][0m [34mINFO  [0m: [39m[0m[39m[pid=11][tid=11][id=0][SYS_READ][0m
[32m[     5.760][0m [34mINFO  [0m: [39m[0m[39m[pid=11][tid=11][id=3][SYS_CLOSE][0m
[32m[     5.761][0m [34mINFO  [0m: [39m[0m[39m[pid=11][tid=11][id=257][SYS_OPENAT][0m
[32m[     5.762][0m [34mINFO  [0m: [39m[0m[39m[pid=11][tid=11][id=262][SYS_FSTATAT][0m
[32m[     5.763][0m [34mINFO  [0m: [39m[0m[39m[pid=11][tid=11][id=16][SYS_IOCTL][0m
[32m[     5.764][0m [34mINFO  [0m: [39m[0m[39m[pid=11][tid=11][id=257][SYS_OPENAT][0m
[32m[     5.765][0m [34mINFO  [0m: [39m[0m[39m[pid=11][tid=11][id=16][SYS_IOCTL][0m
[32m[     5.766][0m [34mINFO  [0m: [39m[0m[39m[pid=11][tid=11][id=16][SYS_IOCTL][0m
[32m[     5.767][0m [34mINFO  [0m: [39m[0m[39m[pid=11][tid=11][id=107][SYS_GETEUID][0m
[32m[     5.768][0m [34mINFO  [0m: [39m[0m[39m[pid=11][tid=11][id=5][SYS_FSTAT][0m
[32m[     5.769][0m [34mINFO  [0m: [39m[0m[39m[pid=11][tid=11][id=13][SYS_RT_SIGACTION][0m
[32m[     5.770][0m [34mINFO  [0m: [39m[0m[39m[pid=11][tid=11][id=1][SYS_WRITE][0m
[32m[     5.771][0m [34mINFO  [0m: [39m[0m[39m[pid=11][tid=11][id=7][SYS_POLL][0m
[32m[     5.772][0m [34mINFO  [0m: [39m[0m[39m[pid=10][tid=10][id=0][SYS_READ][0m
[32m[     5.773][0m [34mINFO  [0m: [39m[0m[39m[pid=10][tid=10][id=1][SYS_WRITE][0m
~ # [32m[     5.77