[2J[01;01H[=3h[2J[01;01H[2J[01;01H[8;042;160t0[2J[01;01H[2J[01;01H[8;056;240t0[2J[01;01HBdsDxe: loading Boot0002 "UEFI QEMU DVD-ROM QM00005 " from PciRoot(0x0)/Pci(0x1F,0x2)/Sata(0x2,0xFFFF,0x0)
BdsDxe: starting Boot0002 "UEFI QEMU DVD-ROM QM00005 " from PciRoot(0x0)/Pci(0x1F,0x2)/Sata(0x2,0xFFFF,0x0)
WARNING: no console will be available to OS
error: no suitable video mode found.
INFO: Initializing frame metadata for physical memory up to 80000000
INFO: Adding free frames to the allocator: 0..3000
INFO: Adding free frames to the allocator: 4000..8000
INFO: Adding free frames to the allocator: 9000..a0000
INFO: Adding free frames to the allocator: 100000..800000
INFO: Adding free frames to the allocator: 808000..80b000
INFO: Adding free frames to the allocator: 80c000..811000
INFO: Adding free frames to the allocator: 900000..8000000
INFO: Adding free frames to the allocator: 91d2000..a244000
INFO: Adding free frames to the allocator: ce0c000..7f8ed000
INFO: Adding free frames to the allocator: 7fbff000..7fec0000
INFO: Adding free frames to the allocator: 7fec6000..7fef4000
INFO: Initializing the kernel page table
INFO: Creating new I/O memory allocator builder, ranges: [
    0x80000000..0x100000000,
    0x100000000..0x10000000000000,
]
INFO: x2APIC found!
INFO: irq: Initializing PIC as disabled
INFO: irq: IOAPIC found at 0xfec00000, ID 0, version 32, interrupt base 0, interrupt count 23
INFO: irq: IOAPIC override: ISA interrupt 0 for GSI 2
INFO: irq: IOAPIC override: ISA interrupt 5 for GSI 5
INFO: irq: IOAPIC override: ISA interrupt 9 for GSI 9
INFO: irq: IOAPIC override: ISA interrupt 10 for GSI 10
INFO: irq: IOAPIC override: ISA interrupt 11 for GSI 11
INFO: x2APIC ID: 0, Version: 14, Max LVT: 5
INFO: TSC frequency: 2442554030 Hz
INFO: timer: Enable APIC TSC deadline mode
WARN: IOMMU initialization error: NoIommu
INFO: acpi: Collected information AcpiInfo { century_register: Some(50), boot_flags: Some(IaPcBootArchFlags(2)), reset_port_and_val: Some((3321, 15)), pci_ecam_region: Some(PciEcamRegion { base_address: 3758096384, bus_start: 0, bus_end: 255 }) }
INFO: QEMU hypervisor detected, assuming that the isa-debug-exit device exists
OSTD initialized. Preparing components.
WARN: framebuffer: Framebuffer not found
INFO: pci: initializing the PCI bus with bus numbers `0..=255`
INFO: i8042: ACPI says i8042 controller is present
INFO: i8042: PS/2 keyboard device ID: 0xAB
INFO: input: registered device i8042_keyboard
INFO: i8042: PS/2 mouse device ID: 0x00
INFO: i8042: PS/2 mouse upgraded device ID: 0x03
INFO: input: registered device i8042_mouse
[32m[     0.694][0m [34mINFO  [0m: [39m[0m[39mComponent initialize complete[0m
[32m[     0.695][0m [34mINFO  [0m: [39m[0m[39mComponent initializing: ComponentInfo { name: "aster-uart", path: "/tmp/dpf-platform-baseline-20261003/kernel/core/comps/uart", priority: 1 }[0m
[32m[     0.696][0m [34mINFO  [0m: [39muart: [0m[39mRegistered NS16550A as a console[0m
[32m[     0.697][0m [34mINFO  [0m: [39m[0m[39mComponent initialize complete[0m
[32m[     0.698][0m [34mINFO  [0m: [39m[0m[39mComponent initializing: ComponentInfo { name: "aster-virtio", path: "/tmp/dpf-platform-baseline-20261003/kernel/core/comps/virtio", priority: 2 }[0m
[32m[     0.702][0m [34mINFO  [0m: [39m[0m[39mComponent initialize complete[0m
[32m[     0.703][0m [34mINFO  [0m: [39m[0m[39mAll components initialization in Bootstrap stage completed[0m
[32m[     0.704][0m [34mINFO  [0m: [39m[0m[39muse randomness generated by hardware[0m
[32m[     0.705][0m [34mINFO  [0m: [39m[0m[39mFound an input device, name: i8042_keyboard[0m
[32m[     0.706][0m [34mINFO  [0m: [39m[0m[39mFound an input device, name: i8042_mouse[0m
[32m[     0.720][0m [34mINFO  [0m: [39m[0m[39m[kernel] LSM module enabled: capability[0m
[32m[     0.721][0m [34mINFO  [0m: [39m[0m[39m[kernel] LSM module enabled: yama[0m
[32m[     0.722][0m [34mINFO  [0m: [39m[0m[39mIdle thread for CPU #0 started[0m
Spawn the first kernel thread
[32m[     0.724][0m [34mINFO  [0m: [39m[0m[39mExists components that are not initialized[0m
[32m[     0.725][0m [34mINFO  [0m: [39m[0m[39mComponents initializing in Kthread stage...[0m
[32m[     0.726][0m [34mINFO  [0m: [39m[0m[39mAll components initialization in Kthread stage completed[0m
[32m[     0.727][0m [34mINFO  [0m: [39minput: [0m[39msuccessfully connected handler class evdev to device i8042_keyboard[0m
[32m[     0.728][0m [34mINFO  [0m: [39minput: [0m[39msuccessfully connected handler class evdev to device i8042_mouse[0m
[32m[     0.729][0m [34mINFO  [0m: [39minput: [0m[39mregistered handler class evdev[0m
[32m[     0.730][0m [34mINFO  [0m: [39m[0m[39mEvdev device support initialized[0m
[kernel] unpacking initramfs.cpio.gz to rootfs ...
[kernel] initramfs is ready

                                  [38;2;87;180;249m.[39m[38;2;89;185;249m.[39m[38;2;91;189;250m.[39m[38;2;93;193;250m.[39m[38;2;94;197;250m.[39m[38;2;96;201;250m.[39m
                                [38;2;83;172;249m.[39m[38;2;85;176;249m-[39m[38;2;87;180;249m+[39m[38;2;89;185;249m+[39m[38;2;91;189;250m+[39m[38;2;93;193;250m+[39m[38;2;94;197;250m=[39m[38;2;96;201;250m:[39m
                               [38;2;82;168;249m.[39m[38;2;83;172;249m=[39m[38;2;85;176;249m+[39m[38;2;87;180;249m+[39m[38;2;89;185;249m+[39m[38;2;91;189;250m+[39m[38;2;93;193;250m+[39m[38;2;94;197;250m=[39m[38;2;96;201;250m:[39m
                              [38;2;80;163;249m:[39m[38;2;82;168;249m+[39m[38;2;83;172;249m+[39m[38;2;85;176;249m+[39m[38;2;87;180;249m+[39m[38;2;89;185;249m+[39m[38;2;91;189;250m+[39m[38;2;93;193;250m+[39m[38;2;94;197;250m=[39m[38;2;96;201;250m:[39m
                            [38;2;76;155;248m.[39m[38;2;78;159;248m-[39m[38;2;80;163;249m+[39m[38;2;82;168;249m+[39m[38;2;83;172;249m+[39m[38;2;85;176;249m+[39m[38;2;87;180;249m+[39m[38;2;89;185;249m+[39m[38;2;91;189;250m+[39m[38;2;93;193;250m+[39m[38;2;94;197;250m=[39m[38;2;96;201;250m.[39m
                           [38;2;74;151;248m.[39m[38;2;76;155;248m=[39m[38;2;78;159;248m*[39m[38;2;80;163;249m*[39m[38;2;82;168;249m+[39m[38;2;83;172;249m+[39m[38;2;85;176;249m=[39m[38;2;87;180;249m=[39m[38;2;89;185;249m+[39m[38;2;91;189;250m+[39m[38;2;93;193;250m+[39m[38;2;94;197;250m=[39m[38;2;96;201;250m.[39m
                          [38;2;73;147;248m:[39m[38;2;74;151;248m*[39m[38;2;76;155;248m*[39m[38;2;78;159;248m*[39m[38;2;80;163;249m*[39m[38;2;82;168;249m+[39m[38;2;83;172;249m-[39m[38;2;85;176;249m.[39m[38;2;87;180;249m=[39m[38;2;89;185;249m+[39m[38;2;91;189;250m+[39m[38;2;93;193;250m+[39m[38;2;94;197;250m=[39m[38;2;96;201;250m.[39m
                        [38;2;69;138;248m.[39m[38;2;71;142;248m=[39m[38;2;73;147;248m*[39m[38;2;74;151;248m*[39m[38;2;76;155;248m*[39m[38;2;78;159;248m*[39m[38;2;80;163;249m+[39m[38;2;82;168;249m:[39m [38;2;85;176;249m.[39m[38;2;87;180;249m+[39m[38;2;89;185;249m+[39m[38;2;91;189;250m+[39m[38;2;93;193;250m+[39m[38;2;94;197;250m=[39m[38;2;96;201;250m.[39m
                       [38;2;67;134;248m.[39m[38;2;69;138;248m+[39m[38;2;71;142;248m*[39m[38;2;73;147;248m*[39m[38;2;74;151;248m*[39m[38;2;76;155;248m*[39m[38;2;78;159;248m=[39m[38;2;80;163;249m.[39m  [38;2;85;176;249m.[39m[38;2;87;180;249m+[39m[38;2;89;185;249m+[39m[38;2;91;189;250m+[39m[38;2;93;193;250m+[39m[38;2;94;197;250m-[39m
                     [38;2;63;125;247m.[39m[38;2;65;130;247m-[39m[38;2;67;134;248m*[39m[38;2;69;138;248m*[39m[38;2;71;142;248m*[39m[38;2;73;147;248m*[39m[38;2;74;151;248m*[39m[38;2;76;155;248m=[39m[38;2;78;159;248m.[39m   [38;2;85;176;249m:[39m[38;2;87;180;249m+[39m[38;2;89;185;249m+[39m[38;2;91;189;250m+[39m[38;2;93;193;250m+[39m[38;2;94;197;250m-[39m
    [38;2;33;54;245m.[39m[38;2;34;58;245m:[39m[38;2;36;62;245m:[39m[38;2;38;66;245m-[39m[38;2;40;70;245m=[39m[38;2;42;75;245m=[39m[38;2;43;79;245m=[39m[38;2;45;83;246m=[39m[38;2;47;87;246m=[39m[38;2;49;92;246m=[39m[38;2;51;96;246m=[39m[38;2;53;100;246m=[39m[38;2;54;104;246m=[39m[38;2;56;108;247m=[39m[38;2;58;113;247m=[39m[38;2;60;117;247m=[39m[38;2;62;121;247m=[39m[38;2;63;125;247m+[39m[38;2;65;130;247m*[39m[38;2;67;134;248m*[39m[38;2;69;138;248m*[39m[38;2;71;142;248m*[39m[38;2;73;147;248m*[39m[38;2;74;151;248m+[39m[38;2;76;155;248m-[39m[38;2;78;159;248m-[39m[38;2;80;163;249m-[39m[38;2;82;168;249m-[39m[38;2;83;172;249m-[39m[38;2;85;176;249m=[39m[38;2;87;180;249m+[39m[38;2;89;185;249m+[39m[38;2;91;189;250m+[39m[38;2;93;193;250m+[39m[38;2;94;197;250m=[39m[38;2;96;201;250m-[39m[38;2;98;206;250m:[39m[38;2;100;210;250m:[39m[38;2;102;214;251m:[39m[38;2;103;218;251m:[39m[38;2;105;223;251m:[39m[38;2;107;227;251m:[39m[38;2;109;231;251m:[39m[38;2;111;235;251m.[39m
        [38;2;40;70;245m.[39m[38;2;42;75;245m.[39m[38;2;43;79;245m:[39m[38;2;45;83;246m-[39m[38;2;47;87;246m*[39m[38;2;49;92;246m#[39m[38;2;51;96;246m#[39m[38;2;53;100;246m#[39m[38;2;54;104;246m#[39m[38;2;56;108;247m#[39m[38;2;58;113;247m#[39m[38;2;60;117;247m#[39m[38;2;62;121;247m#[39m[38;2;63;125;247m#[39m[38;2;65;130;247m*[39m[38;2;67;134;248m*[39m[38;2;69;138;248m*[39m[38;2;71;142;248m*[39m[38;2;73;147;248m*[39m[38;2;74;151;248m*[39m[38;2;76;155;248m*[39m[38;2;78;159;248m*[39m[38;2;80;163;249m*[39m[38;2;82;168;249m+[39m[38;2;83;172;249m+[39m[38;2;85;176;249m+[39m[38;2;87;180;249m+[39m[38;2;89;185;249m+[39m[38;2;91;189;250m+[39m[38;2;93;193;250m+[39m[38;2;94;197;250m=[39m[38;2;96;201;250m=[39m[38;2;98;206;250m=[39m[38;2;100;210;250m=[39m[38;2;102;214;251m=[39m[38;2;103;218;251m=[39m[38;2;105;223;251m=[39m[38;2;107;227;251m:[39m[38;2;109;231;251m.[39m
              [38;2;51;96;246m.[39m[38;2;53;100;246m:[39m[38;2;54;104;246m+[39m[38;2;56;108;247m*[39m[38;2;58;113;247m#[39m[38;2;60;117;247m#[39m[38;2;62;121;247m#[39m[38;2;63;125;247m#[39m[38;2;65;130;247m#[39m[38;2;67;134;248m*[39m[38;2;69;138;248m*[39m[38;2;71;142;248m*[39m[38;2;73;147;248m*[39m[38;2;74;151;248m+[39m[38;2;76;155;248m+[39m[38;2;78;159;248m+[39m[38;2;80;163;249m+[39m[38;2;82;168;249m+[39m[38;2;83;172;249m+[39m[38;2;85;176;249m+[39m[38;2;87;180;249m+[39m[38;2;89;185;249m+[39m[38;2;91;189;250m+[39m[38;2;93;193;250m+[39m[38;2;94;197;250m=[39m[38;2;96;201;250m=[39m[38;2;98;206;250m=[39m[38;2;100;210;250m=[39m[38;2;102;214;251m=[39m[38;2;103;218;251m-[39m[38;2;105;223;251m.[39m[38;2;107;227;251m.[39m
                 [38;2;56;108;247m.[39m[38;2;58;113;247m.[39m[38;2;60;117;247m-[39m[38;2;62;121;247m+[39m[38;2;63;125;247m#[39m[38;2;65;130;247m*[39m[38;2;67;134;248m*[39m[38;2;69;138;248m*[39m[38;2;71;142;248m*[39m[38;2;73;147;248m*[39m[38;2;74;151;248m*[39m[38;2;76;155;248m=[39m[38;2;78;159;248m.[39m[38;2;80;163;249m.[39m  [38;2;85;176;249m-[39m[38;2;87;180;249m+[39m[38;2;89;185;249m+[39m[38;2;91;189;250m+[39m[38;2;93;193;250m+[39m[38;2;94;197;250m.[39m
                [38;2;54;104;246m-[39m[38;2;56;108;247m+[39m[38;2;58;113;247m=[39m[38;2;60;117;247m.[39m[38;2;62;121;247m.[39m[38;2;63;125;247m.[39m[38;2;65;130;247m:[39m[38;2;67;134;248m*[39m[38;2;69;138;248m*[39m[38;2;71;142;248m*[39m[38;2;73;147;248m*[39m[38;2;74;151;248m*[39m[38;2;76;155;248m*[39m[38;2;78;159;248m*[39m[38;2;80;163;249m=[39m[38;2;82;168;249m.[39m[38;2;83;172;249m.[39m[38;2;85;176;249m=[39m[38;2;87;180;249m+[39m[38;2;89;185;249m+[39m[38;2;91;189;250m+[39m[38;2;93;193;250m+[39m[38;2;94;197;250m.[39m
              [38;2;51;96;246m.[39m[38;2;53;100;246m+[39m[38;2;54;104;246m*[39m[38;2;56;108;247m+[39m[38;2;58;113;247m+[39m[38;2;60;117;247m+[39m[38;2;62;121;247m=[39m[38;2;63;125;247m.[39m [38;2;67;134;248m.[39m[38;2;69;138;248m.[39m[38;2;71;142;248m=[39m[38;2;73;147;248m*[39m[38;2;74;151;248m*[39m[38;2;76;155;248m*[39m[38;2;78;159;248m*[39m[38;2;80;163;249m*[39m[38;2;82;168;249m+[39m[38;2;83;172;249m-[39m[38;2;85;176;249m=[39m[38;2;87;180;249m+[39m[38;2;89;185;249m+[39m[38;2;91;189;250m+[39m[38;2;93;193;250m+[39m[38;2;94;197;250m.[39m
            [38;2;47;87;246m.[39m[38;2;49;92;246m:[39m[38;2;51;96;246m*[39m[38;2;53;100;246m*[39m[38;2;54;104;246m*[39m[38;2;56;108;247m+[39m[38;2;58;113;247m=[39m[38;2;60;117;247m.[39m[38;2;62;121;247m.[39m     [38;2;73;147;248m.[39m[38;2;74;151;248m-[39m[38;2;76;155;248m+[39m[38;2;78;159;248m*[39m[38;2;80;163;249m*[39m[38;2;82;168;249m+[39m[38;2;83;172;249m+[39m[38;2;85;176;249m+[39m[38;2;87;180;249m+[39m[38;2;89;185;249m+[39m[38;2;91;189;250m+[39m[38;2;93;193;250m=[39m[38;2;94;197;250m.[39m
           [38;2;45;83;246m.[39m[38;2;47;87;246m-[39m[38;2;49;92;246m*[39m[38;2;51;96;246m*[39m[38;2;53;100;246m*[39m[38;2;54;104;246m+[39m[38;2;56;108;247m:[39m          [38;2;76;155;248m.[39m[38;2;78;159;248m-[39m[38;2;80;163;249m+[39m[38;2;82;168;249m+[39m[38;2;83;172;249m+[39m[38;2;85;176;249m+[39m[38;2;87;180;249m+[39m[38;2;89;185;249m+[39m[38;2;91;189;250m+[39m[38;2;93;193;250m=[39m
          [38;2;43;79;245m.[39m[38;2;45;83;246m*[39m[38;2;47;87;246m#[39m[38;2;49;92;246m*[39m[38;2;51;96;246m=[39m[38;2;53;100;246m.[39m              [38;2;80;163;249m.[39m[38;2;82;168;249m=[39m[38;2;83;172;249m+[39m[38;2;85;176;249m+[39m[38;2;87;180;249m+[39m[38;2;89;185;249m+[39m[38;2;91;189;250m+[39m[38;2;93;193;250m=[39m
        [38;2;40;70;245m.[39m[38;2;42;75;245m-[39m[38;2;43;79;245m*[39m[38;2;45;83;246m#[39m[38;2;47;87;246m+[39m[38;2;49;92;246m.[39m[38;2;51;96;246m.[39m                [38;2;82;168;249m.[39m[38;2;83;172;249m:[39m[38;2;85;176;249m=[39m[38;2;87;180;249m+[39m[38;2;89;185;249m+[39m[38;2;91;189;250m+[39m[38;2;93;193;250m-[39m
       [38;2;38;66;245m.[39m[38;2;40;70;245m=[39m[38;2;42;75;245m#[39m[38;2;43;79;245m=[39m[38;2;45;83;246m.[39m                     [38;2;85;176;249m.[39m[38;2;87;180;249m=[39m[38;2;89;185;249m+[39m[38;2;91;189;250m+[39m[38;2;93;193;250m-[39m
      [38;2;36;62;245m:[39m[38;2;38;66;245m*[39m[38;2;40;70;245m=[39m[38;2;42;75;245m.[39m                         [38;2;89;185;249m.[39m[38;2;91;189;250m.[39m[38;2;93;193;250m.[39m
    [38;2;33;54;245m.[39m[38;2;34;58;245m:[39m[38;2;36;62;245m-[39m[38;2;38;66;245m.[39m [38;2;42;75;245mP[39m[38;2;43;79;245mr[39m[38;2;45;83;246me[39m[38;2;47;87;246ms[39m[38;2;49;92;246me[39m[38;2;51;96;246mn[39m[38;2;53;100;246mt[39m[38;2;54;104;246me[39m[38;2;56;108;247md[39m [38;2;60;117;247mb[39m[38;2;62;121;247my[39m [38;2;65;130;247mt[39m[38;2;67;134;248mh[39m[38;2;69;138;248me[39m [38;2;73;147;248mA[39m[38;2;74;151;248ms[39m[38;2;76;155;248mt[39m[38;2;78;159;248me[39m[38;2;80;163;249mr[39m[38;2;82;168;249mi[39m[38;2;83;172;249mn[39m[38;2;85;176;249ma[39m[38;2;87;180;249ms[39m [38;2;91;189;250md[39m[38;2;93;193;250me[39m[38;2;94;197;250mv[39m[38;2;96;201;250me[39m[38;2;98;206;250ml[39m[38;2;100;210;250mo[39m[38;2;102;214;251mp[39m[38;2;103;218;251me[39m[38;2;105;223;251mr[39m[38;2;107;227;251ms[39m
    [38;2;33;54;245m.[39m[38;2;34;58;245m.[39m [38;2;38;66;245mR[39m[38;2;40;70;245me[39m[38;2;42;75;245ml[39m[38;2;43;79;245me[39m[38;2;45;83;246ma[39m[38;2;47;87;246ms[39m[38;2;49;92;246me[39m[38;2;51;96;246md[39m [38;2;54;104;246mu[39m[38;2;56;108;247mn[39m[38;2;58;113;247md[39m[38;2;60;117;247me[39m[38;2;62;121;247mr[39m [38;2;65;130;247mM[39m[38;2;67;134;248mo[39m[38;2;69;138;248mz[39m[38;2;71;142;248mi[39m[38;2;73;147;248ml[39m[38;2;74;151;248ml[39m[38;2;76;155;248ma[39m [38;2;80;163;249mP[39m[38;2;82;168;249mu[39m[38;2;83;172;249mb[39m[38;2;85;176;249ml[39m[38;2;87;180;249mi[39m[38;2;89;185;249mc[39m [38;2;93;193;250mL[39m[38;2;94;197;250mi[39m[38;2;96;201;250mc[39m[38;2;98;206;250me[39m[38;2;100;210;250mn[39m[38;2;102;214;251ms[39m[38;2;103;218;251me[39m [38;2;107;227;251mv[39m[38;2;109;231;251m2[39m[38;2;111;235;251m.[39m[38;2;113;240;252m0[39m

[kernel] running /init as the init process
[32m[     6.155][0m [34mINFO  [0m: [39m[0m[39mExists components that are not initialized[0m
[32m[     6.156][0m [34mINFO  [0m: [39m[0m[39mComponents initializing in Process stage...[0m
[32m[     6.157][0m [34mINFO  [0m: [39m[0m[39mAll components initialization in Process stage completed[0m
[32m[     6.164][0m [34mINFO  [0m: [39m[0m[39m[pid=1][tid=1][id=12][SYS_BRK][0m
[32m[     6.165][0m [34mINFO  [0m: [39m[0m[39m[pid=1][tid=1][id=9][SYS_MMAP][0m
[32m[     6.166][0m [34mINFO  [0m: [39m[0m[39m[pid=1][tid=1][id=21][SYS_ACCESS][0m
[32m[     6.167][0m [34mINFO  [0m: [39m[0m[39m[pid=1][tid=1][id=257][SYS_OPENAT][0m
[32m[     6.168][0m [34mINFO  [0m: [39m[0m[39m[pid=1][tid=1][id=262][SYS_FSTATAT][0m
[32m[     6.169][0m [34mINFO  [0m: [39m[0m[39m[pid=1][tid=1][id=257][SYS_OPENAT][0m
[32m[     6.170][0m [34mINFO  [0m: [39m[0m[39m[pid=1][tid=1][id=262][SYS_FSTATAT][0m
[32m[     6.171][0m [34mINFO  [0m: [39m[0m[39m[pid=1][tid=1][id=257][SYS_OPENAT][0m
[32m[     6.172][0m [34mINFO  [0m: [39m[0m[39m[pid=1][tid=1][id=0][SYS_READ][0m
[32m[     6.173][0m [34mINFO  [0m: [39m[0m[39m[pid=1][tid=1][id=5][SYS_FSTAT][0m
[32m[     6.174][0m [34mINFO  [0m: [39m[0m[39m[pid=1][tid=1][id=9][SYS_MMAP][0m
[32m[     6.175][0m [34mINFO  [0m: [39m[0m[39m[pid=1][tid=1][id=9][SYS_MMAP][0m
[32m[     6.176][0m [34mINFO  [0m: [39m[0m[39m[pid=1][tid=1][id=9][SYS_MMAP][0m
[32m[     6.177][0m [34mINFO  [0m: [39m[0m[39m[pid=1][tid=1][id=9][SYS_MMAP][0m
[32m[     6.178][0m [34mINFO  [0m: [39m[0m[39m[pid=1][tid=1][id=3][SYS_CLOSE][0m
[32m[     6.179][0m [34mINFO  [0m: [39m[0m[39m[pid=1][tid=1][id=257][SYS_OPENAT][0m
[32m[     6.180][0m [34mINFO  [0m: [39m[0m[39m[pid=1][tid=1][id=0][SYS_READ][0m
[32m[     6.181][0m [34mINFO  [0m: [39m[0m[39m[pid=1][tid=1][id=5][SYS_FSTAT][0m
[32m[     6.182][0m [34mINFO  [0m: [39m[0m[39m[pid=1][tid=1][id=9][SYS_MMAP][0m
[32m[     6.183][0m [34mINFO  [0m: [39m[0m[39m[pid=1][tid=1][id=9][SYS_MMAP][0m
[32m[     6.184][0m [34mINFO  [0m: [39m[0m[39m[pid=1][tid=1][id=9][SYS_MMAP][0m
[32m[     6.185][0m [34mINFO  [0m: [39m[0m[39m[pid=1][tid=1][id=9][SYS_MMAP][0m
[32m[     6.186][0m [34mINFO  [0m: [39m[0m[39m[pid=1][tid=1][id=9][SYS_MMAP][0m
[32m[     6.187][0m [34mINFO  [0m: [39m[0m[39m[pid=1][tid=1][id=3][SYS_CLOSE][0m
[32m[     6.188][0m [34mINFO  [0m: [39m[0m[39m[pid=1][tid=1][id=257][SYS_OPENAT][0m
[32m[     6.189][0m [34mINFO  [0m: [39m[0m[39m[pid=1][tid=1][id=0][SYS_READ][0m
[32m[     6.190][0m [34mINFO  [0m: [39m[0m[39m[pid=1][tid=1][id=17][SYS_PREAD64][0m
[32m[     6.191][0m [34mINFO  [0m: [39m[0m[39m[pid=1][tid=1][id=5][SYS_FSTAT][0m
[32m[     6.192][0m [34mINFO  [0m: [39m[0m[39m[pid=1][tid=1][id=17][SYS_PREAD64][0m
[32m[     6.193][0m [34mINFO  [0m: [39m[0m[39m[pid=1][tid=1][id=9][SYS_MMAP][0m
[32m[     6.194][0m [34mINFO  [0m: [39m[0m[39m[pid=1][tid=1][id=9][SYS_MMAP][0m
[32m[     6.195][0m [34mINFO  [0m: [39m[0m[39m[pid=1][tid=1][id=9][SYS_MMAP][0m
[32m[     6.196][0m [34mINFO  [0m: [39m[0m[39m[pid=1][tid=1][id=9][SYS_MMAP][0m
[32m[     6.197][0m [34mINFO  [0m: [39m[0m[39m[pid=1][tid=1][id=9][SYS_MMAP][0m
[32m[     6.198][0m [34mINFO  [0m: [39m[0m[39m[pid=1][tid=1][id=3][SYS_CLOSE][0m
[32m[     6.199][0m [34mINFO  [0m: [39m[0m[39m[pid=1][tid=1][id=9][SYS_MMAP][0m
[32m[     6.200][0m [34mINFO  [0m: [39m[0m[39m[pid=1][tid=1][id=158][SYS_ARCH_PRCTL][0m
[32m[     6.201][0m [34mINFO  [0m: [39m[0m[39m[pid=1][tid=1][id=218][SYS_SET_TID_ADDRESS][0m
[32m[     6.202][0m [34mINFO  [0m: [39m[0m[39m[pid=1][tid=1][id=273][SYS_SET_ROBUST_LIST][0m
[32m[     6.203][0m [93mWARN  [0m: [39m[0m[39mUnimplemented syscall number: 334[0m
[32m[     6.204][0m [34mINFO  [0m: [39m[0m[39m[pid=1][tid=1][id=10][SYS_MPROTECT][0m
[32m[     6.205][0m [34mINFO  [0m: [39m[0m[39m[pid=1][tid=1][id=10][SYS_MPROTECT][0m
[32m[     6.206][0m [34mINFO  [0m: [39m[0m[39m[pid=1][tid=1][id=10][SYS_MPROTECT][0m
[32m[     6.207][0m [34mINFO  [0m: [39m[0m[39m[pid=1][tid=1][id=10][SYS_MPROTECT][0m
[32m[     6.208][0m [34mINFO  [0m: [39m[0m[39m[pid=1][tid=1][id=10][SYS_MPROTECT][0m
[32m[     6.209][0m [34mINFO  [0m: [39m[0m[39m[pid=1][tid=1][id=302][SYS_PRLIMIT64][0m
[32m[     6.210][0m [34mINFO  [0m: [39m[0m[39m[pid=1][tid=1][id=318][SYS_GETRANDOM][0m
[32m[     6.211][0m [34mINFO  [0m: [39m[0m[39m[pid=1][tid=1][id=102][SYS_GETUID][0m
[32m[     6.212][0m [34mINFO  [0m: [39m[0m[39m[pid=1][tid=1][id=12][SYS_BRK][0m
[32m[     6.213][0m [34mINFO  [0m: [39m[0m[39m[pid=1][tid=1][id=12][SYS_BRK][0m
[32m[     6.214][0m [34mINFO  [0m: [39m[0m[39m[pid=1][tid=1][id=39][SYS_GETPID][0m
[32m[     6.215][0m [34mINFO  [0m: [39m[0m[39m[pid=1][tid=1][id=13][SYS_RT_SIGACTION][0m
[32m[     6.216][0m [34mINFO  [0m: [39m[0m[39m[pid=1][tid=1][id=110][SYS_GETPPID][0m
[32m[     6.217][0m [34mINFO  [0m: [39m[0m[39m[pid=1][tid=1][id=63][SYS_UNAME][0m
[32m[     6.218][0m [34mINFO  [0m: [39m[0m[39m[pid=1][tid=1][id=79][SYS_GETCWD][0m
[32m[     6.219][0m [34mINFO  [0m: [39m[0m[39m[pid=1][tid=1][id=257][SYS_OPENAT][0m
[32m[     6.220][0m [34mINFO  [0m: [39m[0m[39m[pid=1][tid=1][id=72][SYS_FCNTL][0m
[32m[     6.221][0m [34mINFO  [0m: [39m[0m[39m[pid=1][tid=1][id=3][SYS_CLOSE][0m
[32m[     6.222][0m [34mINFO  [0m: [39m[0m[39m[pid=1][tid=1][id=13][SYS_RT_SIGACTION][0m
[32m[     6.223][0m [34mINFO  [0m: [39m[0m[39m[pid=1][tid=1][id=13][SYS_RT_SIGACTION][0m
[32m[     6.224][0m [34mINFO  [0m: [39m[0m[39m[pid=1][tid=1][id=13][SYS_RT_SIGACTION][0m
[32m[     6.225][0m [34mINFO  [0m: [39m[0m[39m[pid=1][tid=1][id=13][SYS_RT_SIGACTION][0m
[32m[     6.226][0m [34mINFO  [0m: [39m[0m[39m[pid=1][tid=1][id=13][SYS_RT_SIGACTION][0m
[32m[     6.227][0m [34mINFO  [0m: [39m[0m[39m[pid=1][tid=1][id=0][SYS_READ][0m
[32m[     6.228][0m [34mINFO  [0m: [39m[0m[39m[pid=1][tid=1][id=262][SYS_FSTATAT][0m
[32m[     6.229][0m [34mINFO  [0m: [39m[0m[39m[pid=1][tid=1][id=56][SYS_CLONE][0m
[32m[     6.233][0m [34mINFO  [0m: [39m[0m[39m[pid=1][tid=1][id=61][SYS_WAIT4][0m
[32m[     6.234][0m [34mINFO  [0m: [39m[0m[39m[pid=2][tid=2][id=273][SYS_SET_ROBUST_LIST][0m
[32m[     6.235][0m [34mINFO  [0m: [39m[0m[39m[pid=2][tid=2][id=3][SYS_CLOSE][0m
[32m[     6.236][0m [34mINFO  [0m: [39m[0m[39m[pid=2][tid=2][id=13][SYS_RT_SIGACTION][0m
[32m[     6.237][0m [34mINFO  [0m: [39m[0m[39m[pid=2][tid=2][id=59][SYS_EXECVE][0m
[32m[     6.240][0m [34mINFO  [0m: [39m[0m[39m[pid=2][tid=2][id=12][SYS_BRK][0m
[32m[     6.241][0m [34mINFO  [0m: [39m[0m[39m[pid=2][tid=2][id=9][SYS_MMAP][0m
[32m[     6.242][0m [34mINFO  [0m: [39m[0m[39m[pid=2][tid=2][id=21][SYS_ACCESS][0m
[32m[     6.243][0m [34mINFO  [0m: [39m[0m[39m[pid=2][tid=2][id=257][SYS_OPENAT][0m
[32m[     6.244][0m [34mINFO  [0m: [39m[0m[39m[pid=2][tid=2][id=262][SYS_FSTATAT][0m
[32m[     6.245][0m [34mINFO  [0m: [39m[0m[39m[pid=2][tid=2][id=257][SYS_OPENAT][0m
[32m[     6.246][0m [34mINFO  [0m: [39m[0m[39m[pid=2][tid=2][id=262][SYS_FSTATAT][0m
[32m[     6.247][0m [34mINFO  [0m: [39m[0m[39m[pid=2][tid=2][id=257][SYS_OPENAT][0m
[32m[     6.248][0m [34mINFO  [0m: [39m[0m[39m[pid=2][tid=2][id=0][SYS_READ][0m
[32m[     6.249][0m [34mINFO  [0m: [39m[0m[39m[pid=2][tid=2][id=5][SYS_FSTAT][0m
[32m[     6.250][0m [34mINFO  [0m: [39m[0m[39m[pid=2][tid=2][id=9][SYS_MMAP][0m
[32m[     6.251][0m [34mINFO  [0m: [39m[0m[39m[pid=2][tid=2][id=9][SYS_MMAP][0m
[32m[     6.252][0m [34mINFO  [0m: [39m[0m[39m[pid=2][tid=2][id=9][SYS_MMAP][0m
[32m[     6.253][0m [34mINFO  [0m: [39m[0m[39m[pid=2][tid=2][id=9][SYS_MMAP][0m
[32m[     6.254][0m [34mINFO  [0m: [39m[0m[39m[pid=2][tid=2][id=3][SYS_CLOSE][0m
[32m[     6.255][0m [34mINFO  [0m: [39m[0m[39m[pid=2][tid=2][id=257][SYS_OPENAT][0m
[32m[     6.256][0m [34mINFO  [0m: [39m[0m[39m[pid=2][tid=2][id=0][SYS_READ][0m
[32m[     6.257][0m [34mINFO  [0m: [39m[0m[39m[pid=2][tid=2][id=5][SYS_FSTAT][0m
[32m[     6.258][0m [34mINFO  [0m: [39m[0m[39m[pid=2][tid=2][id=9][SYS_MMAP][0m
[32m[     6.259][0m [34mINFO  [0m: [39m[0m[39m[pid=2][tid=2][id=9][SYS_MMAP][0m
[32m[     6.260][0m [34mINFO  [0m: [39m[0m[39m[pid=2][tid=2][id=9][SYS_MMAP][0m
[32m[     6.261][0m [34mINFO  [0m: [39m[0m[39m[pid=2][tid=2][id=9][SYS_MMAP][0m
[32m[     6.262][0m [34mINFO  [0m: [39m[0m[39m[pid=2][tid=2][id=9][SYS_MMAP][0m
[32m[     6.263][0m [34mINFO  [0m: [39m[0m[39m[pid=2][tid=2][id=3][SYS_CLOSE][0m
[32m[     6.264][0m [34mINFO  [0m: [39m[0m[39m[pid=2][tid=2][id=257][SYS_OPENAT][0m
[32m[     6.265][0m [34mINFO  [0m: [39m[0m[39m[pid=2][tid=2][id=0][SYS_READ][0m
[32m[     6.266][0m [34mINFO  [0m: [39m[0m[39m[pid=2][tid=2][id=17][SYS_PREAD64][0m
[32m[     6.267][0m [34mINFO  [0m: [39m[0m[39m[pid=2][tid=2][id=5][SYS_FSTAT][0m
[32m[     6.268][0m [34mINFO  [0m: [39m[0m[39m[pid=2][tid=2][id=17][SYS_PREAD64][0m
[32m[     6.269][0m [34mINFO  [0m: [39m[0m[39m[pid=2][tid=2][id=9][SYS_MMAP][0m
[32m[     6.270][0m [34mINFO  [0m: [39m[0m[39m[pid=2][tid=2][id=9][SYS_MMAP][0m
[32m[     6.271][0m [34mINFO  [0m: [39m[0m[39m[pid=2][tid=2][id=9][SYS_MMAP][0m
[32m[     6.272][0m [34mINFO  [0m: [39m[0m[39m[pid=2][tid=2][id=9][SYS_MMAP][0m
[32m[     6.273][0m [34mINFO  [0m: [39m[0m[39m[pid=2][tid=2][id=9][SYS_MMAP][0m
[32m[     6.274][0m [34mINFO  [0m: [39m[0m[39m[pid=2][tid=2][id=3][SYS_CLOSE][0m
[32m[     6.275][0m [34mINFO  [0m: [39m[0m[39m[pid=2][tid=2][id=9][SYS_MMAP][0m
[32m[     6.276][0m [34mINFO  [0m: [39m[0m[39m[pid=2][tid=2][id=158][SYS_ARCH_PRCTL][0m
[32m[     6.277][0m [34mINFO  [0m: [39m[0m[39m[pid=2][tid=2][id=218][SYS_SET_TID_ADDRESS][0m
[32m[     6.278][0m [34mINFO  [0m: [39m[0m[39m[pid=2][tid=2][id=273][SYS_SET_ROBUST_LIST][0m
[32m[     6.280][0m [93mWARN  [0m: [39m[0m[39mUnimplemented syscall number: 334[0m
[32m[     6.281][0m [34mINFO  [0m: [39m[0m[39m[pid=2][tid=2][id=10][SYS_MPROTECT][0m
[32m[     6.282][0m [34mINFO  [0m: [39m[0m[39m[pid=2][tid=2][id=10][SYS_MPROTECT][0m
[32m[     6.283][0m [34mINFO  [0m: [39m[0m[39m[pid=2][tid=2][id=10][SYS_MPROTECT][0m
[32m[     6.284][0m [34mINFO  [0m: [39m[0m[39m[pid=2][tid=2][id=10][SYS_MPROTECT][0m
[32m[     6.285][0m [34mINFO  [0m: [39m[0m[39m[pid=2][tid=2][id=10][SYS_MPROTECT][0m
[32m[     6.286][0m [34mINFO  [0m: [39m[0m[39m[pid=2][tid=2][id=302][SYS_PRLIMIT64][0m
[32m[     6.287][0m [34mINFO  [0m: [39m[0m[39m[pid=2][tid=2][id=318][SYS_GETRANDOM][0m
[32m[     6.288][0m [34mINFO  [0m: [39m[0m[39m[pid=2][tid=2][id=102][SYS_GETUID][0m
[32m[     6.289][0m [34mINFO  [0m: [39m[0m[39m[pid=2][tid=2][id=12][SYS_BRK][0m
[32m[     6.290][0m [34mINFO  [0m: [39m[0m[39m[pid=2][tid=2][id=12][SYS_BRK][0m
[32m[     6.291][0m [34mINFO  [0m: [39m[0m[39m[pid=2][tid=2][id=102][SYS_GETUID][0m
[32m[     6.292][0m [34mINFO  [0m: [39m[0m[39m[pid=2][tid=2][id=107][SYS_GETEUID][0m
[32m[     6.293][0m [34mINFO  [0m: [39m[0m[39m[pid=2][tid=2][id=262][SYS_FSTATAT][0m
[32m[     6.294][0m [34mINFO  [0m: [39m[0m[39m[pid=2][tid=2][id=165][SYS_MOUNT][0m
[32m[     6.295][0m [34mINFO  [0m: [39m[0m[39m[pid=2][tid=2][id=231][SYS_EXIT_GROUP][0m
[32m[     6.297][0m [34mINFO  [0m: [39m[0m[39m[pid=1][tid=1][id=15][SYS_RT_SIGRETURN][0m
[32m[     6.298][0m [34mINFO  [0m: [39m[0m[39m[pid=1][tid=1][id=61][SYS_WAIT4][0m
[32m[     6.299][0m [34mINFO  [0m: [39m[0m[39m[pid=1][tid=1][id=56][SYS_CLONE][0m
[32m[     6.303][0m [34mINFO  [0m: [39m[0m[39m[pid=1][tid=1][id=61][SYS_WAIT4][0m
[32m[     6.304][0m [34mINFO  [0m: [39m[0m[39m[pid=3][tid=3][id=273][SYS_SET_ROBUST_LIST][0m
[32m[     6.305][0m [34mINFO  [0m: [39m[0m[39m[pid=3][tid=3][id=3][SYS_CLOSE][0m
[32m[     6.306][0m [34mINFO  [0m: [39m[0m[39m[pid=3][tid=3][id=13][SYS_RT_SIGACTION][0m
[32m[     6.307][0m [34mINFO  [0m: [39m[0m[39m[pid=3][tid=3][id=59][SYS_EXECVE][0m
[32m[     6.310][0m [34mINFO  [0m: [39m[0m[39m[pid=3][tid=3][id=12][SYS_BRK][0m
[32m[     6.311][0m [34mINFO  [0m: [39m[0m[39m[pid=3][tid=3][id=9][SYS_MMAP][0m
[32m[     6.312][0m [34mINFO  [0m: [39m[0m[39m[pid=3][tid=3][id=21][SYS_ACCESS][0m
[32m[     6.313][0m [34mINFO  [0m: [39m[0m[39m[pid=3][tid=3][id=257][SYS_OPENAT][0m
[32m[     6.314][0m [34mINFO  [0m: [39m[0m[39m[pid=3][tid=3][id=262][SYS_FSTATAT][0m
[32m[     6.315][0m [34mINFO  [0m: [39m[0m[39m[pid=3][tid=3][id=257][SYS_OPENAT][0m
[32m[     6.316][0m [34mINFO  [0m: [39m[0m[39m[pid=3][tid=3][id=262][SYS_FSTATAT][0m
[32m[     6.317][0m [34mINFO  [0m: [39m[0m[39m[pid=3][tid=3][id=257][SYS_OPENAT][0m
[32m[     6.318][0m [34mINFO  [0m: [39m[0m[39m[pid=3][tid=3][id=0][SYS_READ][0m
[32m[     6.319][0m [34mINFO  [0m: [39m[0m[39m[pid=3][tid=3][id=5][SYS_FSTAT][0m
[32m[     6.320][0m [34mINFO  [0m: [39m[0m[39m[pid=3][tid=3][id=9][SYS_MMAP][0m
[32m[     6.321][0m [34mINFO  [0m: [39m[0m[39m[pid=3][tid=3][id=9][SYS_MMAP][0m
[32m[     6.322][0m [34mINFO  [0m: [39m[0m[39m[pid=3][tid=3][id=9][SYS_MMAP][0m
[32m[     6.323][0m [34mINFO  [0m: [39m[0m[39m[pid=3][tid=3][id=9][SYS_MMAP][0m
[32m[     6.324][0m [34mINFO  [0m: [39m[0m[39m[pid=3][tid=3][id=3][SYS_CLOSE][0m
[32m[     6.325][0m [34mINFO  [0m: [39m[0m[39m[pid=3][tid=3][id=257][SYS_OPENAT][0m
[32m[     6.326][0m [34mINFO  [0m: [39m[0m[39m[pid=3][tid=3][id=0][SYS_READ][0m
[32m[     6.327][0m [34mINFO  [0m: [39m[0m[39m[pid=3][tid=3][id=5][SYS_FSTAT][0m
[32m[     6.328][0m [34mINFO  [0m: [39m[0m[39m[pid=3][tid=3][id=9][SYS_MMAP][0m
[32m[     6.329][0m [34mINFO  [0m: [39m[0m[39m[pid=3][tid=3][id=9][SYS_MMAP][0m
[32m[     6.330][0m [34mINFO  [0m: [39m[0m[39m[pid=3][tid=3][id=9][SYS_MMAP][0m
[32m[     6.331][0m [34mINFO  [0m: [39m[0m[39m[pid=3][tid=3][id=9][SYS_MMAP][0m
[32m[     6.332][0m [34mINFO  [0m: [39m[0m[39m[pid=3][tid=3][id=9][SYS_MMAP][0m
[32m[     6.333][0m [34mINFO  [0m: [39m[0m[39m[pid=3][tid=3][id=3][SYS_CLOSE][0m
[32m[     6.334][0m [34mINFO  [0m: [39m[0m[39m[pid=3][tid=3][id=257][SYS_OPENAT][0m
[32m[     6.335][0m [34mINFO  [0m: [39m[0m[39m[pid=3][tid=3][id=0][SYS_READ][0m
[32m[     6.336][0m [34mINFO  [0m: [39m[0m[39m[pid=3][tid=3][id=17][SYS_PREAD64][0m
[32m[     6.337][0m [34mINFO  [0m: [39m[0m[39m[pid=3][tid=3][id=5][SYS_FSTAT][0m
[32m[     6.338][0m [34mINFO  [0m: [39m[0m[39m[pid=3][tid=3][id=17][SYS_PREAD64][0m
[32m[     6.339][0m [34mINFO  [0m: [39m[0m[39m[pid=3][tid=3][id=9][SYS_MMAP][0m
[32m[     6.340][0m [34mINFO  [0m: [39m[0m[39m[pid=3][tid=3][id=9][SYS_MMAP][0m
[32m[     6.341][0m [34mINFO  [0m: [39m[0m[39m[pid=3][tid=3][id=9][SYS_MMAP][0m
[32m[     6.342][0m [34mINFO  [0m: [39m[0m[39m[pid=3][tid=3][id=9][SYS_MMAP][0m
[32m[     6.343][0m [34mINFO  [0m: [39m[0m[39m[pid=3][tid=3][id=9][SYS_MMAP][0m
[32m[     6.344][0m [34mINFO  [0m: [39m[0m[39m[pid=3][tid=3][id=3][SYS_CLOSE][0m
[32m[     6.345][0m [34mINFO  [0m: [39m[0m[39m[pid=3][tid=3][id=9][SYS_MMAP][0m
[32m[     6.346][0m [34mINFO  [0m: [39m[0m[39m[pid=3][tid=3][id=158][SYS_ARCH_PRCTL][0m
[32m[     6.347][0m [34mINFO  [0m: [39m[0m[39m[pid=3][tid=3][id=218][SYS_SET_TID_ADDRESS][0m
[32m[     6.348][0m [34mINFO  [0m: [39m[0m[39m[pid=3][tid=3][id=273][SYS_SET_ROBUST_LIST][0m
[32m[     6.349][0m [93mWARN  [0m: [39m[0m[39mUnimplemented syscall number: 334[0m
[32m[     6.350][0m [34mINFO  [0m: [39m[0m[39m[pid=3][tid=3][id=10][SYS_MPROTECT][0m
[32m[     6.351][0m [34mINFO  [0m: [39m[0m[39m[pid=3][tid=3][id=10][SYS_MPROTECT][0m
[32m[     6.352][0m [34mINFO  [0m: [39m[0m[39m[pid=3][tid=3][id=10][SYS_MPROTECT][0m
[32m[     6.353][0m [34mINFO  [0m: [39m[0m[39m[pid=3][tid=3][id=10][SYS_MPROTECT][0m
[32m[     6.354][0m [34mINFO  [0m: [39m[0m[39m[pid=3][tid=3][id=10][SYS_MPROTECT][0m
[32m[     6.356][0m [34mINFO  [0m: [39m[0m[39m[pid=3][tid=3][id=302][SYS_PRLIMIT64][0m
[32m[     6.357][0m [34mINFO  [0m: [39m[0m[39m[pid=3][tid=3][id=318][SYS_GETRANDOM][0m
[32m[     6.358][0m [34mINFO  [0m: [39m[0m[39m[pid=3][tid=3][id=102][SYS_GETUID][0m
[32m[     6.359][0m [34mINFO  [0m: [39m[0m[39m[pid=3][tid=3][id=12][SYS_BRK][0m
[32m[     6.360][0m [34mINFO  [0m: [39m[0m[39m[pid=3][tid=3][id=12][SYS_BRK][0m
[32m[     6.361][0m [34mINFO  [0m: [39m[0m[39m[pid=3][tid=3][id=102][SYS_GETUID][0m
[32m[     6.362][0m [34mINFO  [0m: [39m[0m[39m[pid=3][tid=3][id=107][SYS_GETEUID][0m
[32m[     6.363][0m [34mINFO  [0m: [39m[0m[39m[pid=3][tid=3][id=262][SYS_FSTATAT][0m
[32m[     6.364][0m [34mINFO  [0m: [39m[0m[39m[pid=3][tid=3][id=165][SYS_MOUNT][0m
[32m[     6.365][0m [34mINFO  [0m: [39m[0m[39m[pid=3][tid=3][id=231][SYS_EXIT_GROUP][0m
[32m[     6.367][0m [34mINFO  [0m: [39m[0m[39m[pid=1][tid=1][id=15][SYS_RT_SIGRETURN][0m
[32m[     6.368][0m [34mINFO  [0m: [39m[0m[39m[pid=1][tid=1][id=61][SYS_WAIT4][0m
[32m[     6.369][0m [34mINFO  [0m: [39m[0m[39m[pid=1][tid=1][id=56][SYS_CLONE][0m
[32m[     6.373][0m [34mINFO  [0m: [39m[0m[39m[pid=1][tid=1][id=61][SYS_WAIT4][0m
[32m[     6.375][0m [34mINFO  [0m: [39m[0m[39m[pid=4][tid=4][id=273][SYS_SET_ROBUST_LIST][0m
[32m[     6.376][0m [34mINFO  [0m: [39m[0m[39m[pid=4][tid=4][id=3][SYS_CLOSE][0m
[32m[     6.377][0m [34mINFO  [0m: [39m[0m[39m[pid=4][tid=4][id=13][SYS_RT_SIGACTION][0m
[32m[     6.378][0m [34mINFO  [0m: [39m[0m[39m[pid=4][tid=4][id=59][SYS_EXECVE][0m
[32m[     6.381][0m [34mINFO  [0m: [39m[0m[39m[pid=4][tid=4][id=12][SYS_BRK][0m
[32m[     6.382][0m [34mINFO  [0m: [39m[0m[39m[pid=4][tid=4][id=9][SYS_MMAP][0m
[32m[     6.383][0m [34mINFO  [0m: [39m[0m[39m[pid=4][tid=4][id=21][SYS_ACCESS][0m
[32m[     6.384][0m [34mINFO  [0m: [39m[0m[39m[pid=4][tid=4][id=257][SYS_OPENAT][0m
[32m[     6.385][0m [34mINFO  [0m: [39m[0m[39m[pid=4][tid=4][id=262][SYS_FSTATAT][0m
[32m[     6.386][0m [34mINFO  [0m: [39m[0m[39m[pid=4][tid=4][id=257][SYS_OPENAT][0m
[32m[     6.387][0m [34mINFO  [0m: [39m[0m[39m[pid=4][tid=4][id=262][SYS_FSTATAT][0m
[32m[     6.388][0m [34mINFO  [0m: [39m[0m[39m[pid=4][tid=4][id=257][SYS_OPENAT][0m
[32m[     6.389][0m [34mINFO  [0m: [39m[0m[39m[pid=4][tid=4][id=0][SYS_READ][0m
[32m[     6.390][0m [34mINFO  [0m: [39m[0m[39m[pid=4][tid=4][id=5][SYS_FSTAT][0m
[32m[     6.391][0m [34mINFO  [0m: [39m[0m[39m[pid=4][tid=4][id=9][SYS_MMAP][0m
[32m[     6.392][0m [34mINFO  [0m: [39m[0m[39m[pid=4][tid=4][id=9][SYS_MMAP][0m
[32m[     6.393][0m [34mINFO  [0m: [39m[0m[39m[pid=4][tid=4][id=9][SYS_MMAP][0m
[32m[     6.394][0m [34mINFO  [0m: [39m[0m[39m[pid=4][tid=4][id=9][SYS_MMAP][0m
[32m[     6.395][0m [34mINFO  [0m: [39m[0m[39m[pid=4][tid=4][id=3][SYS_CLOSE][0m
[32m[     6.396][0m [34mINFO  [0m: [39m[0m[39m[pid=4][tid=4][id=257][SYS_OPENAT][0m
[32m[     6.397][0m [34mINFO  [0m: [39m[0m[39m[pid=4][tid=4][id=0][SYS_READ][0m
[32m[     6.398][0m [34mINFO  [0m: [39m[0m[39m[pid=4][tid=4][id=5][SYS_FSTAT][0m
[32m[     6.399][0m [34mINFO  [0m: [39m[0m[39m[pid=4][tid=4][id=9][SYS_MMAP][0m
[32m[     6.400][0m [34mINFO  [0m: [39m[0m[39m[pid=4][tid=4][id=9][SYS_MMAP][0m
[32m[     6.401][0m [34mINFO  [0m: [39m[0m[39m[pid=4][tid=4][id=9][SYS_MMAP][0m
[32m[     6.402][0m [34mINFO  [0m: [39m[0m[39m[pid=4][tid=4][id=9][SYS_MMAP][0m
[32m[     6.403][0m [34mINFO  [0m: [39m[0m[39m[pid=4][tid=4][id=9][SYS_MMAP][0m
[32m[     6.404][0m [34mINFO  [0m: [39m[0m[39m[pid=4][tid=4][id=3][SYS_CLOSE][0m
[32m[     6.405][0m [34mINFO  [0m: [39m[0m[39m[pid=4][tid=4][id=257][SYS_OPENAT][0m
[32m[     6.406][0m [34mINFO  [0m: [39m[0m[39m[pid=4][tid=4][id=0][SYS_READ][0m
[32m[     6.407][0m [34mINFO  [0m: [39m[0m[39m[pid=4][tid=4][id=17][SYS_PREAD64][0m
[32m[     6.408][0m [34mINFO  [0m: [39m[0m[39m[pid=4][tid=4][id=5][SYS_FSTAT][0m
[32m[     6.409][0m [34mINFO  [0m: [39m[0m[39m[pid=4][tid=4][id=17][SYS_PREAD64][0m
[32m[     6.410][0m [34mINFO  [0m: [39m[0m[39m[pid=4][tid=4][id=9][SYS_MMAP][0m
[32m[     6.411][0m [34mINFO  [0m: [39m[0m[39m[pid=4][tid=4][id=9][SYS_MMAP][0m
[32m[     6.412][0m [34mINFO  [0m: [39m[0m[39m[pid=4][tid=4][id=9][SYS_MMAP][0m
[32m[     6.413][0m [34mINFO  [0m: [39m[0m[39m[pid=4][tid=4][id=9][SYS_MMAP][0m
[32m[     6.414][0m [34mINFO  [0m: [39m[0m[39m[pid=4][tid=4][id=9][SYS_MMAP][0m
[32m[     6.415][0m [34mINFO  [0m: [39m[0m[39m[pid=4][tid=4][id=3][SYS_CLOSE][0m
[32m[     6.416][0m [34mINFO  [0m: [39m[0m[39m[pid=4][tid=4][id=9][SYS_MMAP][0m
[32m[     6.417][0m [34mINFO  [0m: [39m[0m[39m[pid=4][tid=4][id=158][SYS_ARCH_PRCTL][0m
[32m[     6.418][0m [34mINFO  [0m: [39m[0m[39m[pid=4][tid=4][id=218][SYS_SET_TID_ADDRESS][0m
[32m[     6.419][0m [34mINFO  [0m: [39m[0m[39m[pid=4][tid=4][id=273][SYS_SET_ROBUST_LIST][0m
[32m[     6.420][0m [93mWARN  [0m: [39m[0m[39mUnimplemented syscall number: 334[0m
[32m[     6.421][0m [34mINFO  [0m: [39m[0m[39m[pid=4][tid=4][id=10][SYS_MPROTECT][0m
[32m[     6.422][0m [34mINFO  [0m: [39m[0m[39m[pid=4][tid=4][id=10][SYS_MPROTECT][0m
[32m[     6.423][0m [34mINFO  [0m: [39m[0m[39m[pid=4][tid=4][id=10][SYS_MPROTECT][0m
[32m[     6.424][0m [34mINFO  [0m: [39m[0m[39m[pid=4][tid=4][id=10][SYS_MPROTECT][0m
[32m[     6.425][0m [34mINFO  [0m: [39m[0m[39m[pid=4][tid=4][id=10][SYS_MPROTECT][0m
[32m[     6.426][0m [34mINFO  [0m: [39m[0m[39m[pid=4][tid=4][id=302][SYS_PRLIMIT64][0m
[32m[     6.427][0m [34mINFO  [0m: [39m[0m[39m[pid=4][tid=4][id=318][SYS_GETRANDOM][0m
[32m[     6.428][0m [34mINFO  [0m: [39m[0m[39m[pid=4][tid=4][id=102][SYS_GETUID][0m
[32m[     6.429][0m [34mINFO  [0m: [39m[0m[39m[pid=4][tid=4][id=12][SYS_BRK][0m
[32m[     6.430][0m [34mINFO  [0m: [39m[0m[39m[pid=4][tid=4][id=12][SYS_BRK][0m
[32m[     6.431][0m [34mINFO  [0m: [39m[0m[39m[pid=4][tid=4][id=102][SYS_GETUID][0m
[32m[     6.432][0m [34mINFO  [0m: [39m[0m[39m[pid=4][tid=4][id=107][SYS_GETEUID][0m
[32m[     6.433][0m [34mINFO  [0m: [39m[0m[39m[pid=4][tid=4][id=262][SYS_FSTATAT][0m
[32m[     6.434][0m [34mINFO  [0m: [39m[0m[39m[pid=4][tid=4][id=165][SYS_MOUNT][0m
[32m[     6.435][0m [34mINFO  [0m: [39m[0m[39m[pid=4][tid=4][id=231][SYS_EXIT_GROUP][0m
[32m[     6.437][0m [34mINFO  [0m: [39m[0m[39m[pid=1][tid=1][id=15][SYS_RT_SIGRETURN][0m
[32m[     6.438][0m [34mINFO  [0m: [39m[0m[39m[pid=1][tid=1][id=61][SYS_WAIT4][0m
[32m[     6.439][0m [34mINFO  [0m: [39m[0m[39m[pid=1][tid=1][id=56][SYS_CLONE][0m
[32m[     6.443][0m [34mINFO  [0m: [39m[0m[39m[pid=1][tid=1][id=61][SYS_WAIT4][0m
[32m[     6.445][0m [34mINFO  [0m: [39m[0m[39m[pid=5][tid=5][id=273][SYS_SET_ROBUST_LIST][0m
[32m[     6.446][0m [34mINFO  [0m: [39m[0m[39m[pid=5][tid=5][id=3][SYS_CLOSE][0m
[32m[     6.447][0m [34mINFO  [0m: [39m[0m[39m[pid=5][tid=5][id=13][SYS_RT_SIGACTION][0m
[32m[     6.448][0m [34mINFO  [0m: [39m[0m[39m[pid=5][tid=5][id=59][SYS_EXECVE][0m
[32m[     6.451][0m [34mINFO  [0m: [39m[0m[39m[pid=5][tid=5][id=12][SYS_BRK][0m
[32m[     6.452][0m [34mINFO  [0m: [39m[0m[39m[pid=5][tid=5][id=9][SYS_MMAP][0m
[32m[     6.453][0m [34mINFO  [0m: [39m[0m[39m[pid=5][tid=5][id=21][SYS_ACCESS][0m
[32m[     6.454][0m [34mINFO  [0m: [39m[0m[39m[pid=5][tid=5][id=257][SYS_OPENAT][0m
[32m[     6.455][0m [34mINFO  [0m: [39m[0m[39m[pid=5][tid=5][id=262][SYS_FSTATAT][0m
[32m[     6.456][0m [34mINFO  [0m: [39m[0m[39m[pid=5][tid=5][id=257][SYS_OPENAT][0m
[32m[     6.457][0m [34mINFO  [0m: [39m[0m[39m[pid=5][tid=5][id=262][SYS_FSTATAT][0m
[32m[     6.458][0m [34mINFO  [0m: [39m[0m[39m[pid=5][tid=5][id=257][SYS_OPENAT][0m
[32m[     6.459][0m [34mINFO  [0m: [39m[0m[39m[pid=5][tid=5][id=0][SYS_READ][0m
[32m[     6.460][0m [34mINFO  [0m: [39m[0m[39m[pid=5][tid=5][id=5][SYS_FSTAT][0m
[32m[     6.461][0m [34mINFO  [0m: [39m[0m[39m[pid=5][tid=5][id=9][SYS_MMAP][0m
[32m[     6.462][0m [34mINFO  [0m: [39m[0m[39m[pid=5][tid=5][id=9][SYS_MMAP][0m
[32m[     6.463][0m [34mINFO  [0m: [39m[0m[39m[pid=5][tid=5][id=9][SYS_MMAP][0m
[32m[     6.464][0m [34mINFO  [0m: [39m[0m[39m[pid=5][tid=5][id=9][SYS_MMAP][0m
[32m[     6.465][0m [34mINFO  [0m: [39m[0m[39m[pid=5][tid=5][id=3][SYS_CLOSE][0m
[32m[     6.466][0m [34mINFO  [0m: [39m[0m[39m[pid=5][tid=5][id=257][SYS_OPENAT][0m
[32m[     6.467][0m [34mINFO  [0m: [39m[0m[39m[pid=5][tid=5][id=0][SYS_READ][0m
[32m[     6.468][0m [34mINFO  [0m: [39m[0m[39m[pid=5][tid=5][id=5][SYS_FSTAT][0m
[32m[     6.469][0m [34mINFO  [0m: [39m[0m[39m[pid=5][tid=5][id=9][SYS_MMAP][0m
[32m[     6.470][0m [34mINFO  [0m: [39m[0m[39m[pid=5][tid=5][id=9][SYS_MMAP][0m
[32m[     6.471][0m [34mINFO  [0m: [39m[0m[39m[pid=5][tid=5][id=9][SYS_MMAP][0m
[32m[     6.472][0m [34mINFO  [0m: [39m[0m[39m[pid=5][tid=5][id=9][SYS_MMAP][0m
[32m[     6.473][0m [34mINFO  [0m: [39m[0m[39m[pid=5][tid=5][id=9][SYS_MMAP][0m
[32m[     6.474][0m [34mINFO  [0m: [39m[0m[39m[pid=5][tid=5][id=3][SYS_CLOSE][0m
[32m[     6.475][0m [34mINFO  [0m: [39m[0m[39m[pid=5][tid=5][id=257][SYS_OPENAT][0m
[32m[     6.476][0m [34mINFO  [0m: [39m[0m[39m[pid=5][tid=5][id=0][SYS_READ][0m
[32m[     6.477][0m [34mINFO  [0m: [39m[0m[39m[pid=5][tid=5][id=17][SYS_PREAD64][0m
[32m[     6.478][0m [34mINFO  [0m: [39m[0m[39m[pid=5][tid=5][id=5][SYS_FSTAT][0m
[32m[     6.479][0m [34mINFO  [0m: [39m[0m[39m[pid=5][tid=5][id=17][SYS_PREAD64][0m
[32m[     6.480][0m [34mINFO  [0m: [39m[0m[39m[pid=5][tid=5][id=9][SYS_MMAP][0m
[32m[     6.481][0m [34mINFO  [0m: [39m[0m[39m[pid=5][tid=5][id=9][SYS_MMAP][0m
[32m[     6.482][0m [34mINFO  [0m: [39m[0m[39m[pid=5][tid=5][id=9][SYS_MMAP][0m
[32m[     6.483][0m [34mINFO  [0m: [39m[0m[39m[pid=5][tid=5][id=9][SYS_MMAP][0m
[32m[     6.484][0m [34mINFO  [0m: [39m[0m[39m[pid=5][tid=5][id=9][SYS_MMAP][0m
[32m[     6.485][0m [34mINFO  [0m: [39m[0m[39m[pid=5][tid=5][id=3][SYS_CLOSE][0m
[32m[     6.486][0m [34mINFO  [0m: [39m[0m[39m[pid=5][tid=5][id=9][SYS_MMAP][0m
[32m[     6.487][0m [34mINFO  [0m: [39m[0m[39m[pid=5][tid=5][id=158][SYS_ARCH_PRCTL][0m
[32m[     6.488][0m [34mINFO  [0m: [39m[0m[39m[pid=5][tid=5][id=218][SYS_SET_TID_ADDRESS][0m
[32m[     6.489][0m [34mINFO  [0m: [39m[0m[39m[pid=5][tid=5][id=273][SYS_SET_ROBUST_LIST][0m
[32m[     6.490][0m [93mWARN  [0m: [39m[0m[39mUnimplemented syscall number: 334[0m
[32m[     6.491][0m [34mINFO  [0m: [39m[0m[39m[pid=5][tid=5][id=10][SYS_MPROTECT][0m
[32m[     6.492][0m [34mINFO  [0m: [39m[0m[39m[pid=5][tid=5][id=10][SYS_MPROTECT][0m
[32m[     6.493][0m [34mINFO  [0m: [39m[0m[39m[pid=5][tid=5][id=10][SYS_MPROTECT][0m
[32m[     6.494][0m [34mINFO  [0m: [39m[0m[39m[pid=5][tid=5][id=10][SYS_MPROTECT][0m
[32m[     6.495][0m [34mINFO  [0m: [39m[0m[39m[pid=5][tid=5][id=10][SYS_MPROTECT][0m
[32m[     6.496][0m [34mINFO  [0m: [39m[0m[39m[pid=5][tid=5][id=302][SYS_PRLIMIT64][0m
[32m[     6.497][0m [34mINFO  [0m: [39m[0m[39m[pid=5][tid=5][id=318][SYS_GETRANDOM][0m
[32m[     6.498][0m [34mINFO  [0m: [39m[0m[39m[pid=5][tid=5][id=102][SYS_GETUID][0m
[32m[     6.499][0m [34mINFO  [0m: [39m[0m[39m[pid=5][tid=5][id=12][SYS_BRK][0m
[32m[     6.500][0m [34mINFO  [0m: [39m[0m[39m[pid=5][tid=5][id=12][SYS_BRK][0m
[32m[     6.501][0m [34mINFO  [0m: [39m[0m[39m[pid=5][tid=5][id=102][SYS_GETUID][0m
[32m[     6.502][0m [34mINFO  [0m: [39m[0m[39m[pid=5][tid=5][id=107][SYS_GETEUID][0m
[32m[     6.503][0m [34mINFO  [0m: [39m[0m[39m[pid=5][tid=5][id=262][SYS_FSTATAT][0m
[32m[     6.504][0m [34mINFO  [0m: [39m[0m[39m[pid=5][tid=5][id=165][SYS_MOUNT][0m
[32m[     6.505][0m [34mINFO  [0m: [39m[0m[39m[pid=5][tid=5][id=231][SYS_EXIT_GROUP][0m
[32m[     6.507][0m [34mINFO  [0m: [39m[0m[39m[pid=1][tid=1][id=15][SYS_RT_SIGRETURN][0m
[32m[     6.508][0m [34mINFO  [0m: [39m[0m[39m[pid=1][tid=1][id=61][SYS_WAIT4][0m
[32m[     6.509][0m [34mINFO  [0m: [39m[0m[39m[pid=1][tid=1][id=56][SYS_CLONE][0m
[32m[     6.513][0m [34mINFO  [0m: [39m[0m[39m[pid=1][tid=1][id=61][SYS_WAIT4][0m
[32m[     6.514][0m [34mINFO  [0m: [39m[0m[39m[pid=6][tid=6][id=273][SYS_SET_ROBUST_LIST][0m
[32m[     6.515][0m [34mINFO  [0m: [39m[0m[39m[pid=6][tid=6][id=3][SYS_CLOSE][0m
[32m[     6.516][0m [34mINFO  [0m: [39m[0m[39m[pid=6][tid=6][id=13][SYS_RT_SIGACTION][0m
[32m[     6.517][0m [34mINFO  [0m: [39m[0m[39m[pid=6][tid=6][id=59][SYS_EXECVE][0m
[32m[     6.520][0m [34mINFO  [0m: [39m[0m[39m[pid=6][tid=6][id=12][SYS_BRK][0m
[32m[     6.521][0m [34mINFO  [0m: [39m[0m[39m[pid=6][tid=6][id=9][SYS_MMAP][0m
[32m[     6.522][0m [34mINFO  [0m: [39m[0m[39m[pid=6][tid=6][id=21][SYS_ACCESS][0m
[32m[     6.523][0m [34mINFO  [0m: [39m[0m[39m[pid=6][tid=6][id=257][SYS_OPENAT][0m
[32m[     6.524][0m [34mINFO  [0m: [39m[0m[39m[pid=6][tid=6][id=262][SYS_FSTATAT][0m
[32m[     6.525][0m [34mINFO  [0m: [39m[0m[39m[pid=6][tid=6][id=257][SYS_OPENAT][0m
[32m[     6.526][0m [34mINFO  [0m: [39m[0m[39m[pid=6][tid=6][id=262][SYS_FSTATAT][0m
[32m[     6.527][0m [34mINFO  [0m: [39m[0m[39m[pid=6][tid=6][id=257][SYS_OPENAT][0m
[32m[     6.528][0m [34mINFO  [0m: [39m[0m[39m[pid=6][tid=6][id=0][SYS_READ][0m
[32m[     6.529][0m [34mINFO  [0m: [39m[0m[39m[pid=6][tid=6][id=5][SYS_FSTAT][0m
[32m[     6.530][0m [34mINFO  [0m: [39m[0m[39m[pid=6][tid=6][id=9][SYS_MMAP][0m
[32m[     6.531][0m [34mINFO  [0m: [39m[0m[39m[pid=6][tid=6][id=9][SYS_MMAP][0m
[32m[     6.532][0m [34mINFO  [0m: [39m[0m[39m[pid=6][tid=6][id=9][SYS_MMAP][0m
[32m[     6.533][0m [34mINFO  [0m: [39m[0m[39m[pid=6][tid=6][id=9][SYS_MMAP][0m
[32m[     6.534][0m [34mINFO  [0m: [39m[0m[39m[pid=6][tid=6][id=3][SYS_CLOSE][0m
[32m[     6.535][0m [34mINFO  [0m: [39m[0m[39m[pid=6][tid=6][id=257][SYS_OPENAT][0m
[32m[     6.536][0m [34mINFO  [0m: [39m[0m[39m[pid=6][tid=6][id=0][SYS_READ][0m
[32m[     6.537][0m [34mINFO  [0m: [39m[0m[39m[pid=6][tid=6][id=5][SYS_FSTAT][0m
[32m[     6.538][0m [34mINFO  [0m: [39m[0m[39m[pid=6][tid=6][id=9][SYS_MMAP][0m
[32m[     6.539][0m [34mINFO  [0m: [39m[0m[39m[pid=6][tid=6][id=9][SYS_MMAP][0m
[32m[     6.540][0m [34mINFO  [0m: [39m[0m[39m[pid=6][tid=6][id=9][SYS_MMAP][0m
[32m[     6.541][0m [34mINFO  [0m: [39m[0m[39m[pid=6][tid=6][id=9][SYS_MMAP][0m
[32m[     6.542][0m [34mINFO  [0m: [39m[0m[39m[pid=6][tid=6][id=9][SYS_MMAP][0m
[32m[     6.543][0m [34mINFO  [0m: [39m[0m[39m[pid=6][tid=6][id=3][SYS_CLOSE][0m
[32m[     6.544][0m [34mINFO  [0m: [39m[0m[39m[pid=6][tid=6][id=257][SYS_OPENAT][0m
[32m[     6.545][0m [34mINFO  [0m: [39m[0m[39m[pid=6][tid=6][id=0][SYS_READ][0m
[32m[     6.546][0m [34mINFO  [0m: [39m[0m[39m[pid=6][tid=6][id=17][SYS_PREAD64][0m
[32m[     6.547][0m [34mINFO  [0m: [39m[0m[39m[pid=6][tid=6][id=5][SYS_FSTAT][0m
[32m[     6.548][0m [34mINFO  [0m: [39m[0m[39m[pid=6][tid=6][id=17][SYS_PREAD64][0m
[32m[     6.549][0m [34mINFO  [0m: [39m[0m[39m[pid=6][tid=6][id=9][SYS_MMAP][0m
[32m[     6.550][0m [34mINFO  [0m: [39m[0m[39m[pid=6][tid=6][id=9][SYS_MMAP][0m
[32m[     6.551][0m [34mINFO  [0m: [39m[0m[39m[pid=6][tid=6][id=9][SYS_MMAP][0m
[32m[     6.552][0m [34mINFO  [0m: [39m[0m[39m[pid=6][tid=6][id=9][SYS_MMAP][0m
[32m[     6.553][0m [34mINFO  [0m: [39m[0m[39m[pid=6][tid=6][id=9][SYS_MMAP][0m
[32m[     6.554][0m [34mINFO  [0m: [39m[0m[39m[pid=6][tid=6][id=3][SYS_CLOSE][0m
[32m[     6.555][0m [34mINFO  [0m: [39m[0m[39m[pid=6][tid=6][id=9][SYS_MMAP][0m
[32m[     6.556][0m [34mINFO  [0m: [39m[0m[39m[pid=6][tid=6][id=158][SYS_ARCH_PRCTL][0m
[32m[     6.557][0m [34mINFO  [0m: [39m[0m[39m[pid=6][tid=6][id=218][SYS_SET_TID_ADDRESS][0m
[32m[     6.558][0m [34mINFO  [0m: [39m[0m[39m[pid=6][tid=6][id=273][SYS_SET_ROBUST_LIST][0m
[32m[     6.559][0m [93mWARN  [0m: [39m[0m[39mUnimplemented syscall number: 334[0m
[32m[     6.560][0m [34mINFO  [0m: [39m[0m[39m[pid=6][tid=6][id=10][SYS_MPROTECT][0m
[32m[     6.561][0m [34mINFO  [0m: [39m[0m[39m[pid=6][tid=6][id=10][SYS_MPROTECT][0m
[32m[     6.562][0m [34mINFO  [0m: [39m[0m[39m[pid=6][tid=6][id=10][SYS_MPROTECT][0m
[32m[     6.563][0m [34mINFO  [0m: [39m[0m[39m[pid=6][tid=6][id=10][SYS_MPROTECT][0m
[32m[     6.564][0m [34mINFO  [0m: [39m[0m[39m[pid=6][tid=6][id=10][SYS_MPROTECT][0m
[32m[     6.565][0m [34mINFO  [0m: [39m[0m[39m[pid=6][tid=6][id=302][SYS_PRLIMIT64][0m
[32m[     6.566][0m [34mINFO  [0m: [39m[0m[39m[pid=6][tid=6][id=318][SYS_GETRANDOM][0m
[32m[     6.567][0m [34mINFO  [0m: [39m[0m[39m[pid=6][tid=6][id=102][SYS_GETUID][0m
[32m[     6.568][0m [34mINFO  [0m: [39m[0m[39m[pid=6][tid=6][id=12][SYS_BRK][0m
[32m[     6.569][0m [34mINFO  [0m: [39m[0m[39m[pid=6][tid=6][id=12][SYS_BRK][0m
[32m[     6.570][0m [34mINFO  [0m: [39m[0m[39m[pid=6][tid=6][id=102][SYS_GETUID][0m
[32m[     6.571][0m [34mINFO  [0m: [39m[0m[39m[pid=6][tid=6][id=107][SYS_GETEUID][0m
[32m[     6.572][0m [34mINFO  [0m: [39m[0m[39m[pid=6][tid=6][id=262][SYS_FSTATAT][0m
[32m[     6.573][0m [34mINFO  [0m: [39m[0m[39m[pid=6][tid=6][id=165][SYS_MOUNT][0m
[32m[     6.574][0m [34mINFO  [0m: [39m[0m[39m[pid=6][tid=6][id=58][SYS_VFORK][0m
[32m[     6.575][0m [34mINFO  [0m: [39m[0m[39m[pid=7][tid=7][id=59][SYS_EXECVE][0m
[32m[     6.576][0m [34mINFO  [0m: [39m[0m[39m[pid=7][tid=7][id=59][SYS_EXECVE][0m
[32m[     6.577][0m [34mINFO  [0m: [39m[0m[39m[pid=7][tid=7][id=231][SYS_EXIT_GROUP][0m
[32m[     6.578][0m [34mINFO  [0m: [39m[0m[39m[pid=6][tid=6][id=61][SYS_WAIT4][0m
[32m[     6.579][0m [34mINFO  [0m: [39m[0m[39m[pid=6][tid=6][id=1][SYS_WRITE][0m
mount: mounting /dev/vda on /ext2 failed: No such file or directory
[32m[     6.581][0m [34mINFO  [0m: [39m[0m[39m[pid=6][tid=6][id=231][SYS_EXIT_GROUP][0m
[32m[     6.583][0m [34mINFO  [0m: [39m[0m[39m[pid=1][tid=1][id=15][SYS_RT_SIGRETURN][0m
[32m[     6.584][0m [34mINFO  [0m: [39m[0m[39m[pid=1][tid=1][id=61][SYS_WAIT4][0m
[32m[     6.585][0m [34mINFO  [0m: [39m[0m[39m[pid=1][tid=1][id=56][SYS_CLONE][0m
[32m[     6.589][0m [34mINFO  [0m: [39m[0m[39m[pid=1][tid=1][id=61][SYS_WAIT4][0m
[32m[     6.591][0m [34mINFO  [0m: [39m[0m[39m[pid=8][tid=8][id=273][SYS_SET_ROBUST_LIST][0m
[32m[     6.592][0m [34mINFO  [0m: [39m[0m[39m[pid=8][tid=8][id=3][SYS_CLOSE][0m
[32m[     6.593][0m [34mINFO  [0m: [39m[0m[39m[pid=8][tid=8][id=13][SYS_RT_SIGACTION][0m
[32m[     6.594][0m [34mINFO  [0m: [39m[0m[39m[pid=8][tid=8][id=59][SYS_EXECVE][0m
[32m[     6.597][0m [34mINFO  [0m: [39m[0m[39m[pid=8][tid=8][id=12][SYS_BRK][0m
[32m[     6.598][0m [34mINFO  [0m: [39m[0m[39m[pid=8][tid=8][id=9][SYS_MMAP][0m
[32m[     6.599][0m [34mINFO  [0m: [39m[0m[39m[pid=8][tid=8][id=21][SYS_ACCESS][0m
[32m[     6.600][0m [34mINFO  [0m: [39m[0m[39m[pid=8][tid=8][id=257][SYS_OPENAT][0m
[32m[     6.601][0m [34mINFO  [0m: [39m[0m[39m[pid=8][tid=8][id=262][SYS_FSTATAT][0m
[32m[     6.602][0m [34mINFO  [0m: [39m[0m[39m[pid=8][tid=8][id=257][SYS_OPENAT][0m
[32m[     6.603][0m [34mINFO  [0m: [39m[0m[39m[pid=8][tid=8][id=262][SYS_FSTATAT][0m
[32m[     6.604][0m [34mINFO  [0m: [39m[0m[39m[pid=8][tid=8][id=257][SYS_OPENAT][0m
[32m[     6.605][0m [34mINFO  [0m: [39m[0m[39m[pid=8][tid=8][id=0][SYS_READ][0m
[32m[     6.606][0m [34mINFO  [0m: [39m[0m[39m[pid=8][tid=8][id=5][SYS_FSTAT][0m
[32m[     6.607][0m [34mINFO  [0m: [39m[0m[39m[pid=8][tid=8][id=9][SYS_MMAP][0m
[32m[     6.608][0m [34mINFO  [0m: [39m[0m[39m[pid=8][tid=8][id=9][SYS_MMAP][0m
[32m[     6.609][0m [34mINFO  [0m: [39m[0m[39m[pid=8][tid=8][id=9][SYS_MMAP][0m
[32m[     6.610][0m [34mINFO  [0m: [39m[0m[39m[pid=8][tid=8][id=9][SYS_MMAP][0m
[32m[     6.611][0m [34mINFO  [0m: [39m[0m[39m[pid=8][tid=8][id=3][SYS_CLOSE][0m
[32m[     6.612][0m [34mINFO  [0m: [39m[0m[39m[pid=8][tid=8][id=257][SYS_OPENAT][0m
[32m[     6.613][0m [34mINFO  [0m: [39m[0m[39m[pid=8][tid=8][id=0][SYS_READ][0m
[32m[     6.614][0m [34mINFO  [0m: [39m[0m[39m[pid=8][tid=8][id=5][SYS_FSTAT][0m
[32m[     6.615][0m [34mINFO  [0m: [39m[0m[39m[pid=8][tid=8][id=9][SYS_MMAP][0m
[32m[     6.616][0m [34mINFO  [0m: [39m[0m[39m[pid=8][tid=8][id=9][SYS_MMAP][0m
[32m[     6.617][0m [34mINFO  [0m: [39m[0m[39m[pid=8][tid=8][id=9][SYS_MMAP][0m
[32m[     6.618][0m [34mINFO  [0m: [39m[0m[39m[pid=8][tid=8][id=9][SYS_MMAP][0m
[32m[     6.619][0m [34mINFO  [0m: [39m[0m[39m[pid=8][tid=8][id=9][SYS_MMAP][0m
[32m[     6.620][0m [34mINFO  [0m: [39m[0m[39m[pid=8][tid=8][id=3][SYS_CLOSE][0m
[32m[     6.621][0m [34mINFO  [0m: [39m[0m[39m[pid=8][tid=8][id=257][SYS_OPENAT][0m
[32m[     6.622][0m [34mINFO  [0m: [39m[0m[39m[pid=8][tid=8][id=0][SYS_READ][0m
[32m[     6.623][0m [34mINFO  [0m: [39m[0m[39m[pid=8][tid=8][id=17][SYS_PREAD64][0m
[32m[     6.624][0m [34mINFO  [0m: [39m[0m[39m[pid=8][tid=8][id=5][SYS_FSTAT][0m
[32m[     6.625][0m [34mINFO  [0m: [39m[0m[39m[pid=8][tid=8][id=17][SYS_PREAD64][0m
[32m[     6.626][0m [34mINFO  [0m: [39m[0m[39m[pid=8][tid=8][id=9][SYS_MMAP][0m
[32m[     6.627][0m [34mINFO  [0m: [39m[0m[39m[pid=8][tid=8][id=9][SYS_MMAP][0m
[32m[     6.628][0m [34mINFO  [0m: [39m[0m[39m[pid=8][tid=8][id=9][SYS_MMAP][0m
[32m[     6.629][0m [34mINFO  [0m: [39m[0m[39m[pid=8][tid=8][id=9][SYS_MMAP][0m
[32m[     6.630][0m [34mINFO  [0m: [39m[0m[39m[pid=8][tid=8][id=9][SYS_MMAP][0m
[32m[     6.631][0m [34mINFO  [0m: [39m[0m[39m[pid=8][tid=8][id=3][SYS_CLOSE][0m
[32m[     6.632][0m [34mINFO  [0m: [39m[0m[39m[pid=8][tid=8][id=9][SYS_MMAP][0m
[32m[     6.633][0m [34mINFO  [0m: [39m[0m[39m[pid=8][tid=8][id=158][SYS_ARCH_PRCTL][0m
[32m[     6.634][0m [34mINFO  [0m: [39m[0m[39m[pid=8][tid=8][id=218][SYS_SET_TID_ADDRESS][0m
[32m[     6.635][0m [34mINFO  [0m: [39m[0m[39m[pid=8][tid=8][id=273][SYS_SET_ROBUST_LIST][0m
[32m[     6.636][0m [93mWARN  [0m: [39m[0m[39mUnimplemented syscall number: 334[0m
[32m[     6.637][0m [34mINFO  [0m: [39m[0m[39m[pid=8][tid=8][id=10][SYS_MPROTECT][0m
[32m[     6.638][0m [34mINFO  [0m: [39m[0m[39m[pid=8][tid=8][id=10][SYS_MPROTECT][0m
[32m[     6.639][0m [34mINFO  [0m: [39m[0m[39m[pid=8][tid=8][id=10][SYS_MPROTECT][0m
[32m[     6.640][0m [34mINFO  [0m: [39m[0m[39m[pid=8][tid=8][id=10][SYS_MPROTECT][0m
[32m[     6.641][0m [34mINFO  [0m: [39m[0m[39m[pid=8][tid=8][id=10][SYS_MPROTECT][0m
[32m[     6.642][0m [34mINFO  [0m: [39m[0m[39m[pid=8][tid=8][id=302][SYS_PRLIMIT64][0m
[32m[     6.643][0m [34mINFO  [0m: [39m[0m[39m[pid=8][tid=8][id=318][SYS_GETRANDOM][0m
[32m[     6.644][0m [34mINFO  [0m: [39m[0m[39m[pid=8][tid=8][id=102][SYS_GETUID][0m
[32m[     6.645][0m [34mINFO  [0m: [39m[0m[39m[pid=8][tid=8][id=12][SYS_BRK][0m
[32m[     6.646][0m [34mINFO  [0m: [39m[0m[39m[pid=8][tid=8][id=12][SYS_BRK][0m
[32m[     6.647][0m [34mINFO  [0m: [39m[0m[39m[pid=8][tid=8][id=102][SYS_GETUID][0m
[32m[     6.648][0m [34mINFO  [0m: [39m[0m[39m[pid=8][tid=8][id=107][SYS_GETEUID][0m
[32m[     6.649][0m [34mINFO  [0m: [39m[0m[39m[pid=8][tid=8][id=262][SYS_FSTATAT][0m
[32m[     6.650][0m [34mINFO  [0m: [39m[0m[39m[pid=8][tid=8][id=165][SYS_MOUNT][0m
[32m[     6.651][0m [34mINFO  [0m: [39m[0m[39m[pid=8][tid=8][id=58][SYS_VFORK][0m
[32m[     6.652][0m [34mINFO  [0m: [39m[0m[39m[pid=9][tid=9][id=59][SYS_EXECVE][0m
[32m[     6.653][0m [34mINFO  [0m: [39m[0m[39m[pid=9][tid=9][id=59][SYS_EXECVE][0m
[32m[     6.654][0m [34mINFO  [0m: [39m[0m[39m[pid=9][tid=9][id=231][SYS_EXIT_GROUP][0m
[32m[     6.655][0m [34mINFO  [0m: [39m[0m[39m[pid=8][tid=8][id=61][SYS_WAIT4][0m
[32m[     6.656][0m [34mINFO  [0m: [39m[0m[39m[pid=8][tid=8][id=1][SYS_WRITE][0m
mount: mounting /dev/vdb on /exfat failed: No such file or directory
[32m[     6.658][0m [34mINFO  [0m: [39m[0m[39m[pid=8][tid=8][id=231][SYS_EXIT_GROUP][0m
[32m[     6.660][0m [34mINFO  [0m: [39m[0m[39m[pid=1][tid=1][id=15][SYS_RT_SIGRETURN][0m
[32m[     6.661][0m [34mINFO  [0m: [39m[0m[39m[pid=1][tid=1][id=61][SYS_WAIT4][0m
[32m[     6.662][0m [34mINFO  [0m: [39m[0m[39m[pid=1][tid=1][id=0][SYS_READ][0m
[32m[     6.663][0m [34mINFO  [0m: [39m[0m[39m[pid=1][tid=1][id=262][SYS_FSTATAT][0m
[32m[     6.664][0m [34mINFO  [0m: [39m[0m[39m[pid=1][tid=1][id=56][SYS_CLONE][0m
[32m[     6.668][0m [34mINFO  [0m: [39m[0m[39m[pid=1][tid=1][id=61][SYS_WAIT4][0m
[32m[     6.669][0m [34mINFO  [0m: [39m[0m[39m[pid=10][tid=10][id=273][SYS_SET_ROBUST_LIST][0m
[32m[     6.670][0m [34mINFO  [0m: [39m[0m[39m[pid=10][tid=10][id=3][SYS_CLOSE][0m
[32m[     6.671][0m [34mINFO  [0m: [39m[0m[39m[pid=10][tid=10][id=13][SYS_RT_SIGACTION][0m
[32m[     6.672][0m [34mINFO  [0m: [39m[0m[39m[pid=10][tid=10][id=59][SYS_EXECVE][0m
[32m[     6.676][0m [34mINFO  [0m: [39m[0m[39m[pid=10][tid=10][id=12][SYS_BRK][0m
[32m[     6.677][0m [34mINFO  [0m: [39m[0m[39m[pid=10][tid=10][id=9][SYS_MMAP][0m
[32m[     6.678][0m [34mINFO  [0m: [39m[0m[39m[pid=10][tid=10][id=21][SYS_ACCESS][0m
[32m[     6.679][0m [34mINFO  [0m: [39m[0m[39m[pid=10][tid=10][id=257][SYS_OPENAT][0m
[32m[     6.680][0m [34mINFO  [0m: [39m[0m[39m[pid=10][tid=10][id=262][SYS_FSTATAT][0m
[32m[     6.681][0m [34mINFO  [0m: [39m[0m[39m[pid=10][tid=10][id=257][SYS_OPENAT][0m
[32m[     6.682][0m [34mINFO  [0m: [39m[0m[39m[pid=10][tid=10][id=262][SYS_FSTATAT][0m
[32m[     6.683][0m [34mINFO  [0m: [39m[0m[39m[pid=10][tid=10][id=257][SYS_OPENAT][0m
[32m[     6.684][0m [34mINFO  [0m: [39m[0m[39m[pid=10][tid=10][id=0][SYS_READ][0m
[32m[     6.685][0m [34mINFO  [0m: [39m[0m[39m[pid=10][tid=10][id=5][SYS_FSTAT][0m
[32m[     6.686][0m [34mINFO  [0m: [39m[0m[39m[pid=10][tid=10][id=9][SYS_MMAP][0m
[32m[     6.687][0m [34mINFO  [0m: [39m[0m[39m[pid=10][tid=10][id=9][SYS_MMAP][0m
[32m[     6.688][0m [34mINFO  [0m: [39m[0m[39m[pid=10][tid=10][id=9][SYS_MMAP][0m
[32m[     6.689][0m [34mINFO  [0m: [39m[0m[39m[pid=10][tid=10][id=9][SYS_MMAP][0m
[32m[     6.690][0m [34mINFO  [0m: [39m[0m[39m[pid=10][tid=10][id=3][SYS_CLOSE][0m
[32m[     6.691][0m [34mINFO  [0m: [39m[0m[39m[pid=10][tid=10][id=257][SYS_OPENAT][0m
[32m[     6.692][0m [34mINFO  [0m: [39m[0m[39m[pid=10][tid=10][id=0][SYS_READ][0m
[32m[     6.693][0m [34mINFO  [0m: [39m[0m[39m[pid=10][tid=10][id=5][SYS_FSTAT][0m
[32m[     6.694][0m [34mINFO  [0m: [39m[0m[39m[pid=10][tid=10][id=9][SYS_MMAP][0m
[32m[     6.695][0m [34mINFO  [0m: [39m[0m[39m[pid=10][tid=10][id=9][SYS_MMAP][0m
[32m[     6.696][0m [34mINFO  [0m: [39m[0m[39m[pid=10][tid=10][id=9][SYS_MMAP][0m
[32m[     6.697][0m [34mINFO  [0m: [39m[0m[39m[pid=10][tid=10][id=9][SYS_MMAP][0m
[32m[     6.698][0m [34mINFO  [0m: [39m[0m[39m[pid=10][tid=10][id=9][SYS_MMAP][0m
[32m[     6.699][0m [34mINFO  [0m: [39m[0m[39m[pid=10][tid=10][id=3][SYS_CLOSE][0m
[32m[     6.700][0m [34mINFO  [0m: [39m[0m[39m[pid=10][tid=10][id=257][SYS_OPENAT][0m
[32m[     6.701][0m [34mINFO  [0m: [39m[0m[39m[pid=10][tid=10][id=0][SYS_READ][0m
[32m[     6.702][0m [34mINFO  [0m: [39m[0m[39m[pid=10][tid=10][id=17][SYS_PREAD64][0m
[32m[     6.703][0m [34mINFO  [0m: [39m[0m[39m[pid=10][tid=10][id=5][SYS_FSTAT][0m
[32m[     6.704][0m [34mINFO  [0m: [39m[0m[39m[pid=10][tid=10][id=17][SYS_PREAD64][0m
[32m[     6.705][0m [34mINFO  [0m: [39m[0m[39m[pid=10][tid=10][id=9][SYS_MMAP][0m
[32m[     6.706][0m [34mINFO  [0m: [39m[0m[39m[pid=10][tid=10][id=9][SYS_MMAP][0m
[32m[     6.707][0m [34mINFO  [0m: [39m[0m[39m[pid=10][tid=10][id=9][SYS_MMAP][0m
[32m[     6.708][0m [34mINFO  [0m: [39m[0m[39m[pid=10][tid=10][id=9][SYS_MMAP][0m
[32m[     6.709][0m [34mINFO  [0m: [39m[0m[39m[pid=10][tid=10][id=9][SYS_MMAP][0m
[32m[     6.710][0m [34mINFO  [0m: [39m[0m[39m[pid=10][tid=10][id=3][SYS_CLOSE][0m
[32m[     6.711][0m [34mINFO  [0m: [39m[0m[39m[pid=10][tid=10][id=9][SYS_MMAP][0m
[32m[     6.712][0m [34mINFO  [0m: [39m[0m[39m[pid=10][tid=10][id=158][SYS_ARCH_PRCTL][0m
[32m[     6.713][0m [34mINFO  [0m: [39m[0m[39m[pid=10][tid=10][id=218][SYS_SET_TID_ADDRESS][0m
[32m[     6.714][0m [34mINFO  [0m: [39m[0m[39m[pid=10][tid=10][id=273][SYS_SET_ROBUST_LIST][0m
[32m[     6.715][0m [93mWARN  [0m: [39m[0m[39mUnimplemented syscall number: 334[0m
[32m[     6.716][0m [34mINFO  [0m: [39m[0m[39m[pid=10][tid=10][id=10][SYS_MPROTECT][0m
[32m[     6.717][0m [34mINFO  [0m: [39m[0m[39m[pid=10][tid=10][id=10][SYS_MPROTECT][0m
[32m[     6.718][0m [34mINFO  [0m: [39m[0m[39m[pid=10][tid=10][id=10][SYS_MPROTECT][0m
[32m[     6.719][0m [34mINFO  [0m: [39m[0m[39m[pid=10][tid=10][id=10][SYS_MPROTECT][0m
[32m[     6.720][0m [34mINFO  [0m: [39m[0m[39m[pid=10][tid=10][id=10][SYS_MPROTECT][0m
[32m[     6.721][0m [34mINFO  [0m: [39m[0m[39m[pid=10][tid=10][id=302][SYS_PRLIMIT64][0m
[32m[     6.722][0m [34mINFO  [0m: [39m[0m[39m[pid=10][tid=10][id=318][SYS_GETRANDOM][0m
[32m[     6.723][0m [34mINFO  [0m: [39m[0m[39m[pid=10][tid=10][id=102][SYS_GETUID][0m
[32m[     6.724][0m [34mINFO  [0m: [39m[0m[39m[pid=10][tid=10][id=257][SYS_OPENAT][0m
[32m[     6.725][0m [34mINFO  [0m: [39m[0m[39m[pid=10][tid=10][id=3][SYS_CLOSE][0m
[32m[     6.726][0m [34mINFO  [0m: [39m[0m[39m[pid=10][tid=10][id=257][SYS_OPENAT][0m
[32m[     6.727][0m [34mINFO  [0m: [39m[0m[39m[pid=10][tid=10][id=16][SYS_IOCTL][0m
[32m[     6.728][0m [34mINFO  [0m: [39m[0m[39m[pid=10][tid=10][id=16][SYS_IOCTL][0m
[32m[     6.729][0m [34mINFO  [0m: [39m[0m[39m[pid=10][tid=10][id=16][SYS_IOCTL][0m
[32m[     6.730][0m [34mINFO  [0m: [39m[0m[39m[pid=10][tid=10][id=16][SYS_IOCTL][0m
[32m[     6.731][0m [34mINFO  [0m: [39m[0m[39m[pid=10][tid=10][id=16][SYS_IOCTL][0m
[32m[     6.732][0m [34mINFO  [0m: [39m[0m[39m[pid=10][tid=10][id=16][SYS_IOCTL][0m
[32m[     6.733][0m [34mINFO  [0m: [39m[0m[39m[pid=10][tid=10][id=13][SYS_RT_SIGACTION][0m
[32m[     6.734][0m [34mINFO  [0m: [39m[0m[39m[pid=10][tid=10][id=58][SYS_VFORK][0m
[32m[     6.736][0m [34mINFO  [0m: [39m[0m[39m[pid=11][tid=11][id=3][SYS_CLOSE][0m
[32m[     6.737][0m [34mINFO  [0m: [39m[0m[39m[pid=11][tid=11][id=3][SYS_CLOSE][0m
[32m[     6.738][0m [34mINFO  [0m: [39m[0m[39m[pid=11][tid=11][id=257][SYS_OPENAT][0m
[32m[     6.739][0m [34mINFO  [0m: [39m[0m[39m[pid=11][tid=11][id=33][SYS_DUP2][0m
[32m[     6.740][0m [34mINFO  [0m: [39m[0m[39m[pid=11][tid=11][id=33][SYS_DUP2][0m
[32m[     6.741][0m [34mINFO  [0m: [39m[0m[39m[pid=11][tid=11][id=16][SYS_IOCTL][0m
[32m[     6.742][0m [34mINFO  [0m: [39m[0m[39m[pid=11][tid=11][id=16][SYS_IOCTL][0m
[32m[     6.743][0m [34mINFO  [0m: [39m[0m[39m[pid=11][tid=11][id=112][SYS_SETSID][0m
[32m[     6.744][0m [34mINFO  [0m: [39m[0m[39m[pid=11][tid=11][id=16][SYS_IOCTL][0m
[32m[     6.745][0m [34mINFO  [0m: [39m[0m[39m[pid=11][tid=11][id=59][SYS_EXECVE][0m
[32m[     6.747][0m [34mINFO  [0m: [39m[0m[39m[pid=11][tid=11][id=12][SYS_BRK][0m
[32m[     6.748][0m [34mINFO  [0m: [39m[0m[39m[pid=10][tid=10][id=257][SYS_OPENAT][0m
[32m[     6.749][0m [34mINFO  [0m: [39m[0m[39m[pid=11][tid=11][id=9][SYS_MMAP][0m
[32m[     6.750][0m [34mINFO  [0m: [39m[0m[39m[pid=10][tid=10][id=72][SYS_FCNTL][0m
[32m[     6.751][0m [34mINFO  [0m: [39m[0m[39m[pid=11][tid=11][id=21][SYS_ACCESS][0m
[32m[     6.752][0m [34mINFO  [0m: [39m[0m[39m[pid=10][tid=10][id=72][SYS_FCNTL][0m
[32m[     6.753][0m [34mINFO  [0m: [39m[0m[39m[pid=11][tid=11][id=257][SYS_OPENAT][0m
[32m[     6.754][0m [34mINFO  [0m: [39m[0m[39m[pid=10][tid=10][id=7][SYS_POLL][0m
[32m[     6.755][0m [34mINFO  [0m: [39m[0m[39m[pid=11][tid=11][id=262][SYS_FSTATAT][0m
[32m[     6.756][0m [34mINFO  [0m: [39m[0m[39m[pid=11][tid=11][id=257][SYS_OPENAT][0m
[32m[     6.757][0m [34mINFO  [0m: [39m[0m[39m[pid=11][tid=11][id=262][SYS_FSTATAT][0m
[32m[     6.758][0m [34mINFO  [0m: [39m[0m[39m[pid=11][tid=11][id=257][SYS_OPENAT][0m
[32m[     6.759][0m [34mINFO  [0m: [39m[0m[39m[pid=11][tid=11][id=0][SYS_READ][0m
[32m[     6.760][0m [34mINFO  [0m: [39m[0m[39m[pid=11][tid=11][id=5][SYS_FSTAT][0m
[32m[     6.761][0m [34mINFO  [0m: [39m[0m[39m[pid=11][tid=11][id=9][SYS_MMAP][0m
[32m[     6.762][0m [34mINFO  [0m: [39m[0m[39m[pid=11][tid=11][id=9][SYS_MMAP][0m
[32m[     6.763][0m [34mINFO  [0m: [39m[0m[39m[pid=11][tid=11][id=9][SYS_MMAP][0m
[32m[     6.764][0m [34mINFO  [0m: [39m[0m[39m[pid=11][tid=11][id=9][SYS_MMAP][0m
[32m[     6.765][0m [34mINFO  [0m: [39m[0m[39m[pid=11][tid=11][id=3][SYS_CLOSE][0m
[32m[     6.766][0m [34mINFO  [0m: [39m[0m[39m[pid=11][tid=11][id=257][SYS_OPENAT][0m
[32m[     6.767][0m [34mINFO  [0m: [39m[0m[39m[pid=11][tid=11][id=0][SYS_READ][0m
[32m[     6.768][0m [34mINFO  [0m: [39m[0m[39m[pid=11][tid=11][id=5][SYS_FSTAT][0m
[32m[     6.769][0m [34mINFO  [0m: [39m[0m[39m[pid=11][tid=11][id=9][SYS_MMAP][0m
[32m[     6.770][0m [34mINFO  [0m: [39m[0m[39m[pid=11][tid=11][id=9][SYS_MMAP][0m
[32m[     6.771][0m [34mINFO  [0m: [39m[0m[39m[pid=11][tid=11][id=9][SYS_MMAP][0m
[32m[     6.772][0m [34mINFO  [0m: [39m[0m[39m[pid=11][tid=11][id=9][SYS_MMAP][0m
[32m[     6.773][0m [34mINFO  [0m: [39m[0m[39m[pid=11][tid=11][id=9][SYS_MMAP][0m
[32m[     6.774][0m [34mINFO  [0m: [39m[0m[39m[pid=11][tid=11][id=3][SYS_CLOSE][0m
[32m[     6.775][0m [34mINFO  [0m: [39m[0m[39m[pid=11][tid=11][id=257][SYS_OPENAT][0m
[32m[     6.776][0m [34mINFO  [0m: [39m[0m[39m[pid=11][tid=11][id=0][SYS_READ][0m
[32m[     6.777][0m [34mINFO  [0m: [39m[0m[39m[pid=11][tid=11][id=17][SYS_PREAD64][0m
[32m[     6.778][0m [34mINFO  [0m: [39m[0m[39m[pid=11][tid=11][id=5][SYS_FSTAT][0m
[32m[     6.779][0m [34mINFO  [0m: [39m[0m[39m[pid=11][tid=11][id=17][SYS_PREAD64][0m
[32m[     6.780][0m [34mINFO  [0m: [39m[0m[39m[pid=11][tid=11][id=9][SYS_MMAP][0m
[32m[     6.781][0m [34mINFO  [0m: [39m[0m[39m[pid=11][tid=11][id=9][SYS_MMAP][0m
[32m[     6.782][0m [34mINFO  [0m: [39m[0m[39m[pid=11][tid=11][id=9][SYS_MMAP][0m
[32m[     6.783][0m [34mINFO  [0m: [39m[0m[39m[pid=11][tid=11][id=9][SYS_MMAP][0m
[32m[     6.784][0m [34mINFO  [0m: [39m[0m[39m[pid=11][tid=11][id=9][SYS_MMAP][0m
[32m[     6.785][0m [34mINFO  [0m: [39m[0m[39m[pid=11][tid=11][id=3][SYS_CLOSE][0m
[32m[     6.786][0m [34mINFO  [0m: [39m[0m[39m[pid=11][tid=11][id=9][SYS_MMAP][0m
[32m[     6.787][0m [34mINFO  [0m: [39m[0m[39m[pid=11][tid=11][id=158][SYS_ARCH_PRCTL][0m
[32m[     6.788][0m [34mINFO  [0m: [39m[0m[39m[pid=11][tid=11][id=218][SYS_SET_TID_ADDRESS][0m
[32m[     6.789][0m [34mINFO  [0m: [39m[0m[39m[pid=11][tid=11][id=273][SYS_SET_ROBUST_LIST][0m
[32m[     6.790][0m [93mWARN  [0m: [39m[0m[39mUnimplemented syscall number: 334[0m
[32m[     6.791][0m [34mINFO  [0m: [39m[0m[39m[pid=11][tid=11][id=10][SYS_MPROTECT][0m
[32m[     6.792][0m [34mINFO  [0m: [39m[0m[39m[pid=11][tid=11][id=10][SYS_MPROTECT][0m
[32m[     6.793][0m [34mINFO  [0m: [39m[0m[39m[pid=11][tid=11][id=10][SYS_MPROTECT][0m
[32m[     6.794][0m [34mINFO  [0m: [39m[0m[39m[pid=11][tid=11][id=10][SYS_MPROTECT][0m
[32m[     6.795][0m [34mINFO  [0m: [39m[0m[39m[pid=11][tid=11][id=10][SYS_MPROTECT][0m
[32m[     6.796][0m [34mINFO  [0m: [39m[0m[39m[pid=11][tid=11][id=302][SYS_PRLIMIT64][0m
[32m[     6.797][0m [34mINFO  [0m: [39m[0m[39m[pid=11][tid=11][id=318][SYS_GETRANDOM][0m
[32m[     6.798][0m [34mINFO  [0m: [39m[0m[39m[pid=11][tid=11][id=102][SYS_GETUID][0m
[32m[     6.799][0m [34mINFO  [0m: [39m[0m[39m[pid=11][tid=11][id=12][SYS_BRK][0m
[32m[     6.800][0m [34mINFO  [0m: [39m[0m[39m[pid=11][tid=11][id=12][SYS_BRK][0m
[32m[     6.801][0m [34mINFO  [0m: [39m[0m[39m[pid=11][tid=11][id=39][SYS_GETPID][0m
[32m[     6.802][0m [34mINFO  [0m: [39m[0m[39m[pid=11][tid=11][id=13][SYS_RT_SIGACTION][0m
[32m[     6.803][0m [34mINFO  [0m: [39m[0m[39m[pid=11][tid=11][id=110][SYS_GETPPID][0m
[32m[     6.804][0m [34mINFO  [0m: [39m[0m[39m[pid=11][tid=11][id=63][SYS_UNAME][0m
[32m[     6.805][0m [34mINFO  [0m: [39m[0m[39m[pid=11][tid=11][id=262][SYS_FSTATAT][0m
[32m[     6.806][0m [34mINFO  [0m: [39m[0m[39m[pid=11][tid=11][id=262][SYS_FSTATAT][0m
[32m[     6.807][0m [34mINFO  [0m: [39m[0m[39m[pid=11][tid=11][id=13][SYS_RT_SIGACTION][0m
[32m[     6.808][0m [34mINFO  [0m: [39m[0m[39m[pid=11][tid=11][id=13][SYS_RT_SIGACTION][0m
[32m[     6.809][0m [34mINFO  [0m: [39m[0m[39m[pid=11][tid=11][id=13][SYS_RT_SIGACTION][0m
[32m[     6.810][0m [34mINFO  [0m: [39m[0m[39m[pid=11][tid=11][id=13][SYS_RT_SIGACTION][0m
[32m[     6.811][0m [34mINFO  [0m: [39m[0m[39m[pid=11][tid=11][id=13][SYS_RT_SIGACTION][0m
[32m[     6.812][0m [34mINFO  [0m: [39m[0m[39m[pid=11][tid=11][id=262][SYS_FSTATAT][0m
[32m[     6.813][0m [34mINFO  [0m: [39m[0m[39m[pid=11][tid=11][id=59][SYS_EXECVE][0m
[32m[     6.816][0m [34mINFO  [0m: [39m[0m[39m[pid=11][tid=11][id=12][SYS_BRK][0m
[32m[     6.817][0m [34mINFO  [0m: [39m[0m[39m[pid=11][tid=11][id=9][SYS_MMAP][0m
[32m[     6.818][0m [34mINFO  [0m: [39m[0m[39m[pid=11][tid=11][id=21][SYS_ACCESS][0m
[32m[     6.819][0m [34mINFO  [0m: [39m[0m[39m[pid=11][tid=11][id=257][SYS_OPENAT][0m
[32m[     6.820][0m [34mINFO  [0m: [39m[0m[39m[pid=11][tid=11][id=262][SYS_FSTATAT][0m
[32m[     6.821][0m [34mINFO  [0m: [39m[0m[39m[pid=11][tid=11][id=257][SYS_OPENAT][0m
[32m[     6.822][0m [34mINFO  [0m: [39m[0m[39m[pid=11][tid=11][id=262][SYS_FSTATAT][0m
[32m[     6.823][0m [34mINFO  [0m: [39m[0m[39m[pid=11][tid=11][id=257][SYS_OPENAT][0m
[32m[     6.824][0m [34mINFO  [0m: [39m[0m[39m[pid=11][tid=11][id=0][SYS_READ][0m
[32m[     6.825][0m [34mINFO  [0m: [39m[0m[39m[pid=11][tid=11][id=5][SYS_FSTAT][0m
[32m[     6.826][0m [34mINFO  [0m: [39m[0m[39m[pid=11][tid=11][id=9][SYS_MMAP][0m
[32m[     6.827][0m [34mINFO  [0m: [39m[0m[39m[pid=11][tid=11][id=9][SYS_MMAP][0m
[32m[     6.828][0m [34mINFO  [0m: [39m[0m[39m[pid=11][tid=11][id=9][SYS_MMAP][0m
[32m[     6.829][0m [34mINFO  [0m: [39m[0m[39m[pid=11][tid=11][id=9][SYS_MMAP][0m
[32m[     6.830][0m [34mINFO  [0m: [39m[0m[39m[pid=11][tid=11][id=3][SYS_CLOSE][0m
[32m[     6.831][0m [34mINFO  [0m: [39m[0m[39m[pid=11][tid=11][id=257][SYS_OPENAT][0m
[32m[     6.832][0m [34mINFO  [0m: [39m[0m[39m[pid=11][tid=11][id=0][SYS_READ][0m
[32m[     6.833][0m [34mINFO  [0m: [39m[0m[39m[pid=11][tid=11][id=5][SYS_FSTAT][0m
[32m[     6.834][0m [34mINFO  [0m: [39m[0m[39m[pid=11][tid=11][id=9][SYS_MMAP][0m
[32m[     6.835][0m [34mINFO  [0m: [39m[0m[39m[pid=11][tid=11][id=9][SYS_MMAP][0m
[32m[     6.836][0m [34mINFO  [0m: [39m[0m[39m[pid=11][tid=11][id=9][SYS_MMAP][0m
[32m[     6.837][0m [34mINFO  [0m: [39m[0m[39m[pid=11][tid=11][id=9][SYS_MMAP][0m
[32m[     6.838][0m [34mINFO  [0m: [39m[0m[39m[pid=11][tid=11][id=9][SYS_MMAP][0m
[32m[     6.839][0m [34mINFO  [0m: [39m[0m[39m[pid=11][tid=11][id=3][SYS_CLOSE][0m
[32m[     6.840][0m [34mINFO  [0m: [39m[0m[39m[pid=11][tid=11][id=257][SYS_OPENAT][0m
[32m[     6.841][0m [34mINFO  [0m: [39m[0m[39m[pid=11][tid=11][id=0][SYS_READ][0m
[32m[     6.842][0m [34mINFO  [0m: [39m[0m[39m[pid=11][tid=11][id=17][SYS_PREAD64][0m
[32m[     6.843][0m [34mINFO  [0m: [39m[0m[39m[pid=11][tid=11][id=5][SYS_FSTAT][0m
[32m[     6.844][0m [34mINFO  [0m: [39m[0m[39m[pid=11][tid=11][id=17][SYS_PREAD64][0m
[32m[     6.845][0m [34mINFO  [0m: [39m[0m[39m[pid=11][tid=11][id=9][SYS_MMAP][0m
[32m[     6.846][0m [34mINFO  [0m: [39m[0m[39m[pid=11][tid=11][id=9][SYS_MMAP][0m
[32m[     6.847][0m [34mINFO  [0m: [39m[0m[39m[pid=11][tid=11][id=9][SYS_MMAP][0m
[32m[     6.848][0m [34mINFO  [0m: [39m[0m[39m[pid=11][tid=11][id=9][SYS_MMAP][0m
[32m[     6.849][0m [34mINFO  [0m: [39m[0m[39m[pid=11][tid=11][id=9][SYS_MMAP][0m
[32m[     6.850][0m [34mINFO  [0m: [39m[0m[39m[pid=11][tid=11][id=3][SYS_CLOSE][0m
[32m[     6.851][0m [34mINFO  [0m: [39m[0m[39m[pid=11][tid=11][id=9][SYS_MMAP][0m
[32m[     6.852][0m [34mINFO  [0m: [39m[0m[39m[pid=11][tid=11][id=158][SYS_ARCH_PRCTL][0m
[32m[     6.853][0m [34mINFO  [0m: [39m[0m[39m[pid=11][tid=11][id=218][SYS_SET_TID_ADDRESS][0m
[32m[     6.854][0m [34mINFO  [0m: [39m[0m[39m[pid=11][tid=11][id=273][SYS_SET_ROBUST_LIST][0m
[32m[     6.855][0m [93mWARN  [0m: [39m[0m[39mUnimplemented syscall number: 334[0m
[32m[     6.856][0m [34mINFO  [0m: [39m[0m[39m[pid=11][tid=11][id=10][SYS_MPROTECT][0m
[32m[     6.857][0m [34mINFO  [0m: [39m[0m[39m[pid=11][tid=11][id=10][SYS_MPROTECT][0m
[32m[     6.858][0m [34mINFO  [0m: [39m[0m[39m[pid=11][tid=11][id=10][SYS_MPROTECT][0m
[32m[     6.859][0m [34mINFO  [0m: [39m[0m[39m[pid=11][tid=11][id=10][SYS_MPROTECT][0m
[32m[     6.860][0m [34mINFO  [0m: [39m[0m[39m[pid=11][tid=11][id=10][SYS_MPROTECT][0m
[32m[     6.861][0m [34mINFO  [0m: [39m[0m[39m[pid=11][tid=11][id=302][SYS_PRLIMIT64][0m
[32m[     6.862][0m [34mINFO  [0m: [39m[0m[39m[pid=11][tid=11][id=318][SYS_GETRANDOM][0m
[32m[     6.863][0m [34mINFO  [0m: [39m[0m[39m[pid=11][tid=11][id=102][SYS_GETUID][0m
[32m[     6.864][0m [34mINFO  [0m: [39m[0m[39m[pid=11][tid=11][id=12][SYS_BRK][0m
[32m[     6.865][0m [34mINFO  [0m: [39m[0m[39m[pid=11][tid=11][id=12][SYS_BRK][0m
[32m[     6.866][0m [34mINFO  [0m: [39m[0m[39m[pid=11][tid=11][id=39][SYS_GETPID][0m
[32m[     6.867][0m [34mINFO  [0m: [39m[0m[39m[pid=11][tid=11][id=13][SYS_RT_SIGACTION][0m
[32m[     6.868][0m [34mINFO  [0m: [39m[0m[39m[pid=11][tid=11][id=110][SYS_GETPPID][0m
[32m[     6.869][0m [34mINFO  [0m: [39m[0m[39m[pid=11][tid=11][id=63][SYS_UNAME][0m
[32m[     6.870][0m [34mINFO  [0m: [39m[0m[39m[pid=11][tid=11][id=262][SYS_FSTATAT][0m
[32m[     6.871][0m [34mINFO  [0m: [39m[0m[39m[pid=11][tid=11][id=262][SYS_FSTATAT][0m
[32m[     6.872][0m [34mINFO  [0m: [39m[0m[39m[pid=11][tid=11][id=16][SYS_IOCTL][0m
[32m[     6.873][0m [34mINFO  [0m: [39m[0m[39m[pid=11][tid=11][id=16][SYS_IOCTL][0m
[32m[     6.874][0m [34mINFO  [0m: [39m[0m[39m[pid=11][tid=11][id=13][SYS_RT_SIGACTION][0m
[32m[     6.875][0m [34mINFO  [0m: [39m[0m[39m[pid=11][tid=11][id=13][SYS_RT_SIGACTION][0m
[32m[     6.876][0m [34mINFO  [0m: [39m[0m[39m[pid=11][tid=11][id=13][SYS_RT_SIGACTION][0m
[32m[     6.877][0m [34mINFO  [0m: [39m[0m[39m[pid=11][tid=11][id=13][SYS_RT_SIGACTION][0m
[32m[     6.878][0m [34mINFO  [0m: [39m[0m[39m[pid=11][tid=11][id=13][SYS_RT_SIGACTION][0m
[32m[     6.879][0m [34mINFO  [0m: [39m[0m[39m[pid=11][tid=11][id=13][SYS_RT_SIGACTION][0m
[32m[     6.880][0m [34mINFO  [0m: [39m[0m[39m[pid=11][tid=11][id=257][SYS_OPENAT][0m
[32m[     6.881][0m [34mINFO  [0m: [39m[0m[39m[pid=11][tid=11][id=72][SYS_FCNTL][0m
[32m[     6.882][0m [34mINFO  [0m: [39m[0m[39m[pid=11][tid=11][id=3][SYS_CLOSE][0m
[32m[     6.883][0m [34mINFO  [0m: [39m[0m[39m[pid=11][tid=11][id=16][SYS_IOCTL][0m
[32m[     6.884][0m [34mINFO  [0m: [39m[0m[39m[pid=11][tid=11][id=111][SYS_GETPGRP][0m
[32m[     6.885][0m [34mINFO  [0m: [39m[0m[39m[pid=11][tid=11][id=13][SYS_RT_SIGACTION][0m
[32m[     6.886][0m [34mINFO  [0m: [39m[0m[39m[pid=11][tid=11][id=13][SYS_RT_SIGACTION][0m
[32m[     6.887][0m [34mINFO  [0m: [39m[0m[39m[pid=11][tid=11][id=13][SYS_RT_SIGACTION][0m
[32m[     6.888][0m [34mINFO  [0m: [39m[0m[39m[pid=11][tid=11][id=13][SYS_RT_SIGACTION][0m
[32m[     6.889][0m [34mINFO  [0m: [39m[0m[39m[pid=11][tid=11][id=13][SYS_RT_SIGACTION][0m
[32m[     6.890][0m [34mINFO  [0m: [39m[0m[39m[pid=11][tid=11][id=109][SYS_SETPGID][0m
[32m[     6.891][0m [34mINFO  [0m: [39m[0m[39m[pid=11][tid=11][id=16][SYS_IOCTL][0m
[32m[     6.892][0m [34mINFO  [0m: [39m[0m[39m[pid=11][tid=11][id=257][SYS_OPENAT][0m
[32m[     6.893][0m [34mINFO  [0m: [39m[0m[39m[pid=11][tid=11][id=72][SYS_FCNTL][0m
[32m[     6.894][0m [34mINFO  [0m: [39m[0m[39m[pid=11][tid=11][id=3][SYS_CLOSE][0m
[32m[     6.895][0m [34mINFO  [0m: [39m[0m[39m[pid=11][tid=11][id=0][SYS_READ][0m
[32m[     6.896][0m [34mINFO  [0m: [39m[0m[39m[pid=11][tid=11][id=262][SYS_FSTATAT][0m
[32m[     6.897][0m [34mINFO  [0m: [39m[0m[39m[pid=11][tid=11][id=0][SYS_READ][0m
[32m[     6.898][0m [34mINFO  [0m: [39m[0m[39m[pid=11][tid=11][id=3][SYS_CLOSE][0m
[32m[     6.899][0m [34mINFO  [0m: [39m[0m[39m[pid=11][tid=11][id=257][SYS_OPENAT][0m
[32m[     6.900][0m [34mINFO  [0m: [39m[0m[39m[pid=11][tid=11][id=262][SYS_FSTATAT][0m
[32m[     6.901][0m [34mINFO  [0m: [39m[0m[39m[pid=11][tid=11][id=16][SYS_IOCTL][0m
[32m[     6.902][0m [34mINFO  [0m: [39m[0m[39m[pid=11][tid=11][id=257][SYS_OPENAT][0m
[32m[     6.903][0m [34mINFO  [0m: [39m[0m[39m[pid=11][tid=11][id=16][SYS_IOCTL][0m
[32m[     6.904][0m [34mINFO  [0m: [39m[0m[39m[pid=11][tid=11][id=16][SYS_IOCTL][0m
[32m[     6.905][0m [34mINFO  [0m: [39m[0m[39m[pid=11][tid=11][id=107][SYS_GETEUID][0m
[32m[     6.906][0m [34mINFO  [0m: [39m[0m[39m[pid=11][tid=11][id=5][SYS_FSTAT][0m
[32m[     6.907][0m [34mINFO  [0m: [39m[0m[39m[pid=11][tid=11][id=13][SYS_RT_SIGACTION][0m
[32m[     6.908][0m [34mINFO  [0m: [39m[0m[39m[pid=11][tid=11][id=1][SYS_WRITE][0m
[32m[     6.909][0m [34mINFO  [0m: [39m[0m[39m[pid=11][tid=11][id=7][SYS_POLL][0m
[32m[     6.910][0m [34mINFO  [0m: [39m[0m[39m[pid=10][tid=10][id=0][SYS_READ][0m
[32m[     6.911][0m [34mINFO  [0m: [39m[0m[39m[pid=10][tid=10][id=1][SYS_WRITE][0m
~ # [32m[     6.