[2J[01;01H[=3h[2J[01;01H[2J[01;01H[8;042;160t0[2J[01;01H[2J[01;01H[8;056;240t0[2J[01;01HBdsDxe: loading Boot0002 "UEFI QEMU DVD-ROM QM00005 " from PciRoot(0x0)/Pci(0x1F,0x2)/Sata(0x2,0xFFFF,0x0)
BdsDxe: starting Boot0002 "UEFI QEMU DVD-ROM QM00005 " from PciRoot(0x0)/Pci(0x1F,0x2)/Sata(0x2,0xFFFF,0x0)
WARNING: no console will be available to OS
error: no suitable video mode found.
INFO: Initializing frame metadata for physical memory up to 80000000
INFO: Adding free frames to the allocator: 0..3000
INFO: Adding free frames to the allocator: 4000..8000
INFO: Adding free frames to the allocator: 9000..a0000
INFO: Adding free frames to the allocator: 100000..800000
INFO: Adding free frames to the allocator: 808000..80b000
INFO: Adding free frames to the allocator: 80c000..811000
INFO: Adding free frames to the allocator: 900000..8000000
INFO: Adding free frames to the allocator: 91d2000..a244000
INFO: Adding free frames to the allocator: ce0c000..7f8ed000
INFO: Adding free frames to the allocator: 7fbff000..7fec0000
INFO: Adding free frames to the allocator: 7fec6000..7fef4000
INFO: Initializing the kernel page table
INFO: Creating new I/O memory allocator builder, ranges: [
    0x80000000..0x100000000,
    0x100000000..0x10000000000000,
]
INFO: x2APIC found!
INFO: irq: Initializing PIC as disabled
INFO: irq: IOAPIC found at 0xfec00000, ID 0, version 32, interrupt base 0, interrupt count 23
INFO: irq: IOAPIC override: ISA interrupt 0 for GSI 2
INFO: irq: IOAPIC override: ISA interrupt 5 for GSI 5
INFO: irq: IOAPIC override: ISA interrupt 9 for GSI 9
INFO: irq: IOAPIC override: ISA interrupt 10 for GSI 10
INFO: irq: IOAPIC override: ISA interrupt 11 for GSI 11
INFO: x2APIC ID: 0, Version: 14, Max LVT: 5
INFO: TSC frequency: 3530604830 Hz
INFO: timer: Enable APIC TSC deadline mode
WARN: IOMMU initialization error: NoIommu
INFO: acpi: Collected information AcpiInfo { century_register: Some(50), boot_flags: Some(IaPcBootArchFlags(2)), reset_port_and_val: Some((3321, 15)), pci_ecam_region: Some(PciEcamRegion { base_address: 3758096384, bus_start: 0, bus_end: 255 }) }
INFO: QEMU hypervisor detected, assuming that the isa-debug-exit device exists
OSTD initialized. Preparing components.
WARN: framebuffer: Framebuffer not found
INFO: pci: initializing the PCI bus with bus numbers `0..=255`
INFO: pci: presumably uninitialized BAR 0 (Memory Bits32, size=16) of PCI device PciDeviceLocation { bus: 0, device: 3, function: 0 }
INFO: i8042: ACPI says i8042 controller is present
INFO: i8042: PS/2 keyboard device ID: 0xAB
INFO: input: registered device i8042_keyboard
INFO: i8042: PS/2 mouse device ID: 0x00
INFO: i8042: PS/2 mouse upgraded device ID: 0x03
INFO: input: registered device i8042_mouse
[32m[     0.602][0m [34mINFO  [0m: [39m[0m[39mComponent initialize complete[0m
[32m[     0.603][0m [34mINFO  [0m: [39m[0m[39mComponent initializing: ComponentInfo { name: "aster-uart", path: "/tmp/dpf-platform-baseline-20261003/kernel/core/comps/uart", priority: 1 }[0m
[32m[     0.604][0m [34mINFO  [0m: [39muart: [0m[39mRegistered NS16550A as a console[0m
[32m[     0.605][0m [34mINFO  [0m: [39m[0m[39mComponent initialize complete[0m
[32m[     0.606][0m [34mINFO  [0m: [39m[0m[39mComponent initializing: ComponentInfo { name: "aster-virtio", path: "/tmp/dpf-platform-baseline-20261003/kernel/core/comps/virtio", priority: 2 }[0m
[32m[     0.608][0m [34mINFO  [0m: [39m[0m[39mComponent initialize complete[0m
[32m[     0.609][0m [34mINFO  [0m: [39m[0m[39mAll components initialization in Bootstrap stage completed[0m
[32m[     0.610][0m [34mINFO  [0m: [39m[0m[39muse randomness generated by hardware[0m
[32m[     0.611][0m [34mINFO  [0m: [39m[0m[39mFound an input device, name: i8042_keyboard[0m
[32m[     0.612][0m [34mINFO  [0m: [39m[0m[39mFound an input device, name: i8042_mouse[0m
[32m[     0.620][0m [34mINFO  [0m: [39m[0m[39m[kernel] LSM module enabled: capability[0m
[32m[     0.621][0m [34mINFO  [0m: [39m[0m[39m[kernel] LSM module enabled: yama[0m
[32m[     0.622][0m [34mINFO  [0m: [39m[0m[39mIdle thread for CPU #0 started[0m
Spawn the first kernel thread
[32m[     0.624][0m [34mINFO  [0m: [39m[0m[39mExists components that are not initialized[0m
[32m[     0.625][0m [34mINFO  [0m: [39m[0m[39mComponents initializing in Kthread stage...[0m
[32m[     0.626][0m [34mINFO  [0m: [39m[0m[39mAll components initialization in Kthread stage completed[0m
[32m[     0.627][0m [34mINFO  [0m: [39minput: [0m[39msuccessfully connected handler class evdev to device i8042_keyboard[0m
[32m[     0.628][0m [34mINFO  [0m: [39minput: [0m[39msuccessfully connected handler class evdev to device i8042_mouse[0m
[32m[     0.629][0m [34mINFO  [0m: [39minput: [0m[39mregistered handler class evdev[0m
[32m[     0.630][0m [34mINFO  [0m: [39m[0m[39mEvdev device support initialized[0m
[kernel] unpacking initramfs.cpio.gz to rootfs ...
[kernel] initramfs is ready

                                  [38;2;87;180;249m.[39m[38;2;89;185;249m.[39m[38;2;91;189;250m.[39m[38;2;93;193;250m.[39m[38;2;94;197;250m.[39m[38;2;96;201;250m.[39m
                                [38;2;83;172;249m.[39m[38;2;85;176;249m-[39m[38;2;87;180;249m+[39m[38;2;89;185;249m+[39m[38;2;91;189;250m+[39m[38;2;93;193;250m+[39m[38;2;94;197;250m=[39m[38;2;96;201;250m:[39m
                               [38;2;82;168;249m.[39m[38;2;83;172;249m=[39m[38;2;85;176;249m+[39m[38;2;87;180;249m+[39m[38;2;89;185;249m+[39m[38;2;91;189;250m+[39m[38;2;93;193;250m+[39m[38;2;94;197;250m=[39m[38;2;96;201;250m:[39m
                              [38;2;80;163;249m:[39m[38;2;82;168;249m+[39m[38;2;83;172;249m+[39m[38;2;85;176;249m+[39m[38;2;87;180;249m+[39m[38;2;89;185;249m+[39m[38;2;91;189;250m+[39m[38;2;93;193;250m+[39m[38;2;94;197;250m=[39m[38;2;96;201;250m:[39m
                            [38;2;76;155;248m.[39m[38;2;78;159;248m-[39m[38;2;80;163;249m+[39m[38;2;82;168;249m+[39m[38;2;83;172;249m+[39m[38;2;85;176;249m+[39m[38;2;87;180;249m+[39m[38;2;89;185;249m+[39m[38;2;91;189;250m+[39m[38;2;93;193;250m+[39m[38;2;94;197;250m=[39m[38;2;96;201;250m.[39m
                           [38;2;74;151;248m.[39m[38;2;76;155;248m=[39m[38;2;78;159;248m*[39m[38;2;80;163;249m*[39m[38;2;82;168;249m+[39m[38;2;83;172;249m+[39m[38;2;85;176;249m=[39m[38;2;87;180;249m=[39m[38;2;89;185;249m+[39m[38;2;91;189;250m+[39m[38;2;93;193;250m+[39m[38;2;94;197;250m=[39m[38;2;96;201;250m.[39m
                          [38;2;73;147;248m:[39m[38;2;74;151;248m*[39m[38;2;76;155;248m*[39m[38;2;78;159;248m*[39m[38;2;80;163;249m*[39m[38;2;82;168;249m+[39m[38;2;83;172;249m-[39m[38;2;85;176;249m.[39m[38;2;87;180;249m=[39m[38;2;89;185;249m+[39m[38;2;91;189;250m+[39m[38;2;93;193;250m+[39m[38;2;94;197;250m=[39m[38;2;96;201;250m.[39m
                        [38;2;69;138;248m.[39m[38;2;71;142;248m=[39m[38;2;73;147;248m*[39m[38;2;74;151;248m*[39m[38;2;76;155;248m*[39m[38;2;78;159;248m*[39m[38;2;80;163;249m+[39m[38;2;82;168;249m:[39m [38;2;85;176;249m.[39m[38;2;87;180;249m+[39m[38;2;89;185;249m+[39m[38;2;91;189;250m+[39m[38;2;93;193;250m+[39m[38;2;94;197;250m=[39m[38;2;96;201;250m.[39m
                       [38;2;67;134;248m.[39m[38;2;69;138;248m+[39m[38;2;71;142;248m*[39m[38;2;73;147;248m*[39m[38;2;74;151;248m*[39m[38;2;76;155;248m*[39m[38;2;78;159;248m=[39m[38;2;80;163;249m.[39m  [38;2;85;176;249m.[39m[38;2;87;180;249m+[39m[38;2;89;185;249m+[39m[38;2;91;189;250m+[39m[38;2;93;193;250m+[39m[38;2;94;197;250m-[39m
                     [38;2;63;125;247m.[39m[38;2;65;130;247m-[39m[38;2;67;134;248m*[39m[38;2;69;138;248m*[39m[38;2;71;142;248m*[39m[38;2;73;147;248m*[39m[38;2;74;151;248m*[39m[38;2;76;155;248m=[39m[38;2;78;159;248m.[39m   [38;2;85;176;249m:[39m[38;2;87;180;249m+[39m[38;2;89;185;249m+[39m[38;2;91;189;250m+[39m[38;2;93;193;250m+[39m[38;2;94;197;250m-[39m
    [38;2;33;54;245m.[39m[38;2;34;58;245m:[39m[38;2;36;62;245m:[39m[38;2;38;66;245m-[39m[38;2;40;70;245m=[39m[38;2;42;75;245m=[39m[38;2;43;79;245m=[39m[38;2;45;83;246m=[39m[38;2;47;87;246m=[39m[38;2;49;92;246m=[39m[38;2;51;96;246m=[39m[38;2;53;100;246m=[39m[38;2;54;104;246m=[39m[38;2;56;108;247m=[39m[38;2;58;113;247m=[39m[38;2;60;117;247m=[39m[38;2;62;121;247m=[39m[38;2;63;125;247m+[39m[38;2;65;130;247m*[39m[38;2;67;134;248m*[39m[38;2;69;138;248m*[39m[38;2;71;142;248m*[39m[38;2;73;147;248m*[39m[38;2;74;151;248m+[39m[38;2;76;155;248m-[39m[38;2;78;159;248m-[39m[38;2;80;163;249m-[39m[38;2;82;168;249m-[39m[38;2;83;172;249m-[39m[38;2;85;176;249m=[39m[38;2;87;180;249m+[39m[38;2;89;185;249m+[39m[38;2;91;189;250m+[39m[38;2;93;193;250m+[39m[38;2;94;197;250m=[39m[38;2;96;201;250m-[39m[38;2;98;206;250m:[39m[38;2;100;210;250m:[39m[38;2;102;214;251m:[39m[38;2;103;218;251m:[39m[38;2;105;223;251m:[39m[38;2;107;227;251m:[39m[38;2;109;231;251m:[39m[38;2;111;235;251m.[39m
        [38;2;40;70;245m.[39m[38;2;42;75;245m.[39m[38;2;43;79;245m:[39m[38;2;45;83;246m-[39m[38;2;47;87;246m*[39m[38;2;49;92;246m#[39m[38;2;51;96;246m#[39m[38;2;53;100;246m#[39m[38;2;54;104;246m#[39m[38;2;56;108;247m#[39m[38;2;58;113;247m#[39m[38;2;60;117;247m#[39m[38;2;62;121;247m#[39m[38;2;63;125;247m#[39m[38;2;65;130;247m*[39m[38;2;67;134;248m*[39m[38;2;69;138;248m*[39m[38;2;71;142;248m*[39m[38;2;73;147;248m*[39m[38;2;74;151;248m*[39m[38;2;76;155;248m*[39m[38;2;78;159;248m*[39m[38;2;80;163;249m*[39m[38;2;82;168;249m+[39m[38;2;83;172;249m+[39m[38;2;85;176;249m+[39m[38;2;87;180;249m+[39m[38;2;89;185;249m+[39m[38;2;91;189;250m+[39m[38;2;93;193;250m+[39m[38;2;94;197;250m=[39m[38;2;96;201;250m=[39m[38;2;98;206;250m=[39m[38;2;100;210;250m=[39m[38;2;102;214;251m=[39m[38;2;103;218;251m=[39m[38;2;105;223;251m=[39m[38;2;107;227;251m:[39m[38;2;109;231;251m.[39m
              [38;2;51;96;246m.[39m[38;2;53;100;246m:[39m[38;2;54;104;246m+[39m[38;2;56;108;247m*[39m[38;2;58;113;247m#[39m[38;2;60;117;247m#[39m[38;2;62;121;247m#[39m[38;2;63;125;247m#[39m[38;2;65;130;247m#[39m[38;2;67;134;248m*[39m[38;2;69;138;248m*[39m[38;2;71;142;248m*[39m[38;2;73;147;248m*[39m[38;2;74;151;248m+[39m[38;2;76;155;248m+[39m[38;2;78;159;248m+[39m[38;2;80;163;249m+[39m[38;2;82;168;249m+[39m[38;2;83;172;249m+[39m[38;2;85;176;249m+[39m[38;2;87;180;249m+[39m[38;2;89;185;249m+[39m[38;2;91;189;250m+[39m[38;2;93;193;250m+[39m[38;2;94;197;250m=[39m[38;2;96;201;250m=[39m[38;2;98;206;250m=[39m[38;2;100;210;250m=[39m[38;2;102;214;251m=[39m[38;2;103;218;251m-[39m[38;2;105;223;251m.[39m[38;2;107;227;251m.[39m
                 [38;2;56;108;247m.[39m[38;2;58;113;247m.[39m[38;2;60;117;247m-[39m[38;2;62;121;247m+[39m[38;2;63;125;247m#[39m[38;2;65;130;247m*[39m[38;2;67;134;248m*[39m[38;2;69;138;248m*[39m[38;2;71;142;248m*[39m[38;2;73;147;248m*[39m[38;2;74;151;248m*[39m[38;2;76;155;248m=[39m[38;2;78;159;248m.[39m[38;2;80;163;249m.[39m  [38;2;85;176;249m-[39m[38;2;87;180;249m+[39m[38;2;89;185;249m+[39m[38;2;91;189;250m+[39m[38;2;93;193;250m+[39m[38;2;94;197;250m.[39m
                [38;2;54;104;246m-[39m[38;2;56;108;247m+[39m[38;2;58;113;247m=[39m[38;2;60;117;247m.[39m[38;2;62;121;247m.[39m[38;2;63;125;247m.[39m[38;2;65;130;247m:[39m[38;2;67;134;248m*[39m[38;2;69;138;248m*[39m[38;2;71;142;248m*[39m[38;2;73;147;248m*[39m[38;2;74;151;248m*[39m[38;2;76;155;248m*[39m[38;2;78;159;248m*[39m[38;2;80;163;249m=[39m[38;2;82;168;249m.[39m[38;2;83;172;249m.[39m[38;2;85;176;249m=[39m[38;2;87;180;249m+[39m[38;2;89;185;249m+[39m[38;2;91;189;250m+[39m[38;2;93;193;250m+[39m[38;2;94;197;250m.[39m
              [38;2;51;96;246m.[39m[38;2;53;100;246m+[39m[38;2;54;104;246m*[39m[38;2;56;108;247m+[39m[38;2;58;113;247m+[39m[38;2;60;117;247m+[39m[38;2;62;121;247m=[39m[38;2;63;125;247m.[39m [38;2;67;134;248m.[39m[38;2;69;138;248m.[39m[38;2;71;142;248m=[39m[38;2;73;147;248m*[39m[38;2;74;151;248m*[39m[38;2;76;155;248m*[39m[38;2;78;159;248m*[39m[38;2;80;163;249m*[39m[38;2;82;168;249m+[39m[38;2;83;172;249m-[39m[38;2;85;176;249m=[39m[38;2;87;180;249m+[39m[38;2;89;185;249m+[39m[38;2;91;189;250m+[39m[38;2;93;193;250m+[39m[38;2;94;197;250m.[39m
            [38;2;47;87;246m.[39m[38;2;49;92;246m:[39m[38;2;51;96;246m*[39m[38;2;53;100;246m*[39m[38;2;54;104;246m*[39m[38;2;56;108;247m+[39m[38;2;58;113;247m=[39m[38;2;60;117;247m.[39m[38;2;62;121;247m.[39m     [38;2;73;147;248m.[39m[38;2;74;151;248m-[39m[38;2;76;155;248m+[39m[38;2;78;159;248m*[39m[38;2;80;163;249m*[39m[38;2;82;168;249m+[39m[38;2;83;172;249m+[39m[38;2;85;176;249m+[39m[38;2;87;180;249m+[39m[38;2;89;185;249m+[39m[38;2;91;189;250m+[39m[38;2;93;193;250m=[39m[38;2;94;197;250m.[39m
           [38;2;45;83;246m.[39m[38;2;47;87;246m-[39m[38;2;49;92;246m*[39m[38;2;51;96;246m*[39m[38;2;53;100;246m*[39m[38;2;54;104;246m+[39m[38;2;56;108;247m:[39m          [38;2;76;155;248m.[39m[38;2;78;159;248m-[39m[38;2;80;163;249m+[39m[38;2;82;168;249m+[39m[38;2;83;172;249m+[39m[38;2;85;176;249m+[39m[38;2;87;180;249m+[39m[38;2;89;185;249m+[39m[38;2;91;189;250m+[39m[38;2;93;193;250m=[39m
          [38;2;43;79;245m.[39m[38;2;45;83;246m*[39m[38;2;47;87;246m#[39m[38;2;49;92;246m*[39m[38;2;51;96;246m=[39m[38;2;53;100;246m.[39m              [38;2;80;163;249m.[39m[38;2;82;168;249m=[39m[38;2;83;172;249m+[39m[38;2;85;176;249m+[39m[38;2;87;180;249m+[39m[38;2;89;185;249m+[39m[38;2;91;189;250m+[39m[38;2;93;193;250m=[39m
        [38;2;40;70;245m.[39m[38;2;42;75;245m-[39m[38;2;43;79;245m*[39m[38;2;45;83;246m#[39m[38;2;47;87;246m+[39m[38;2;49;92;246m.[39m[38;2;51;96;246m.[39m                [38;2;82;168;249m.[39m[38;2;83;172;249m:[39m[38;2;85;176;249m=[39m[38;2;87;180;249m+[39m[38;2;89;185;249m+[39m[38;2;91;189;250m+[39m[38;2;93;193;250m-[39m
       [38;2;38;66;245m.[39m[38;2;40;70;245m=[39m[38;2;42;75;245m#[39m[38;2;43;79;245m=[39m[38;2;45;83;246m.[39m                     [38;2;85;176;249m.[39m[38;2;87;180;249m=[39m[38;2;89;185;249m+[39m[38;2;91;189;250m+[39m[38;2;93;193;250m-[39m
      [38;2;36;62;245m:[39m[38;2;38;66;245m*[39m[38;2;40;70;245m=[39m[38;2;42;75;245m.[39m                         [38;2;89;185;249m.[39m[38;2;91;189;250m.[39m[38;2;93;193;250m.[39m
    [38;2;33;54;245m.[39m[38;2;34;58;245m:[39m[38;2;36;62;245m-[39m[38;2;38;66;245m.[39m [38;2;42;75;245mP[39m[38;2;43;79;245mr[39m[38;2;45;83;246me[39m[38;2;47;87;246ms[39m[38;2;49;92;246me[39m[38;2;51;96;246mn[39m[38;2;53;100;246mt[39m[38;2;54;104;246me[39m[38;2;56;108;247md[39m [38;2;60;117;247mb[39m[38;2;62;121;247my[39m [38;2;65;130;247mt[39m[38;2;67;134;248mh[39m[38;2;69;138;248me[39m [38;2;73;147;248mA[39m[38;2;74;151;248ms[39m[38;2;76;155;248mt[39m[38;2;78;159;248me[39m[38;2;80;163;249mr[39m[38;2;82;168;249mi[39m[38;2;83;172;249mn[39m[38;2;85;176;249ma[39m[38;2;87;180;249ms[39m [38;2;91;189;250md[39m[38;2;93;193;250me[39m[38;2;94;197;250mv[39m[38;2;96;201;250me[39m[38;2;98;206;250ml[39m[38;2;100;210;250mo[39m[38;2;102;214;251mp[39m[38;2;103;218;251me[39m[38;2;105;223;251mr[39m[38;2;107;227;251ms[39m
    [38;2;33;54;245m.[39m[38;2;34;58;245m.[39m [38;2;38;66;245mR[39m[38;2;40;70;245me[39m[38;2;42;75;245ml[39m[38;2;43;79;245me[39m[38;2;45;83;246ma[39m[38;2;47;87;246ms[39m[38;2;49;92;246me[39m[38;2;51;96;246md[39m [38;2;54;104;246mu[39m[38;2;56;108;247mn[39m[38;2;58;113;247md[39m[38;2;60;117;247me[39m[38;2;62;121;247mr[39m [38;2;65;130;247mM[39m[38;2;67;134;248mo[39m[38;2;69;138;248mz[39m[38;2;71;142;248mi[39m[38;2;73;147;248ml[39m[38;2;74;151;248ml[39m[38;2;76;155;248ma[39m [38;2;80;163;249mP[39m[38;2;82;168;249mu[39m[38;2;83;172;249mb[39m[38;2;85;176;249ml[39m[38;2;87;180;249mi[39m[38;2;89;185;249mc[39m [38;2;93;193;250mL[39m[38;2;94;197;250mi[39m[38;2;96;201;250mc[39m[38;2;98;206;250me[39m[38;2;100;210;250mn[39m[38;2;102;214;251ms[39m[38;2;103;218;251me[39m [38;2;107;227;251mv[39m[38;2;109;231;251m2[39m[38;2;111;235;251m.[39m[38;2;113;240;252m0[39m

[kernel] running /init as the init process
[32m[     3.788][0m [34mINFO  [0m: [39m[0m[39mExists components that are not initialized[0m
[32m[     3.789][0m [34mINFO  [0m: [39m[0m[39mComponents initializing in Process stage...[0m
[32m[     3.790][0m [34mINFO  [0m: [39m[0m[39mAll components initialization in Process stage completed[0m
[32m[     3.794][0m [34mINFO  [0m: [39m[0m[39m[pid=1][tid=1][id=12][SYS_BRK][0m
[32m[     3.795][0m [34mINFO  [0m: [39m[0m[39m[pid=1][tid=1][id=9][SYS_MMAP][0m
[32m[     3.796][0m [34mINFO  [0m: [39m[0m[39m[pid=1][tid=1][id=21][SYS_ACCESS][0m
[32m[     3.797][0m [34mINFO  [0m: [39m[0m[39m[pid=1][tid=1][id=257][SYS_OPENAT][0m
[32m[     3.798][0m [34mINFO  [0m: [39m[0m[39m[pid=1][tid=1][id=262][SYS_FSTATAT][0m
[32m[     3.799][0m [34mINFO  [0m: [39m[0m[39m[pid=1][tid=1][id=257][SYS_OPENAT][0m
[32m[     3.800][0m [34mINFO  [0m: [39m[0m[39m[pid=1][tid=1][id=262][SYS_FSTATAT][0m
[32m[     3.801][0m [34mINFO  [0m: [39m[0m[39m[pid=1][tid=1][id=257][SYS_OPENAT][0m
[32m[     3.802][0m [34mINFO  [0m: [39m[0m[39m[pid=1][tid=1][id=0][SYS_READ][0m
[32m[     3.803][0m [34mINFO  [0m: [39m[0m[39m[pid=1][tid=1][id=5][SYS_FSTAT][0m
[32m[     3.804][0m [34mINFO  [0m: [39m[0m[39m[pid=1][tid=1][id=9][SYS_MMAP][0m
[32m[     3.805][0m [34mINFO  [0m: [39m[0m[39m[pid=1][tid=1][id=9][SYS_MMAP][0m
[32m[     3.806][0m [34mINFO  [0m: [39m[0m[39m[pid=1][tid=1][id=9][SYS_MMAP][0m
[32m[     3.807][0m [34mINFO  [0m: [39m[0m[39m[pid=1][tid=1][id=9][SYS_MMAP][0m
[32m[     3.808][0m [34mINFO  [0m: [39m[0m[39m[pid=1][tid=1][id=3][SYS_CLOSE][0m
[32m[     3.809][0m [34mINFO  [0m: [39m[0m[39m[pid=1][tid=1][id=257][SYS_OPENAT][0m
[32m[     3.810][0m [34mINFO  [0m: [39m[0m[39m[pid=1][tid=1][id=0][SYS_READ][0m
[32m[     3.811][0m [34mINFO  [0m: [39m[0m[39m[pid=1][tid=1][id=5][SYS_FSTAT][0m
[32m[     3.812][0m [34mINFO  [0m: [39m[0m[39m[pid=1][tid=1][id=9][SYS_MMAP][0m
[32m[     3.813][0m [34mINFO  [0m: [39m[0m[39m[pid=1][tid=1][id=9][SYS_MMAP][0m
[32m[     3.814][0m [34mINFO  [0m: [39m[0m[39m[pid=1][tid=1][id=9][SYS_MMAP][0m
[32m[     3.815][0m [34mINFO  [0m: [39m[0m[39m[pid=1][tid=1][id=9][SYS_MMAP][0m
[32m[     3.816][0m [34mINFO  [0m: [39m[0m[39m[pid=1][tid=1][id=9][SYS_MMAP][0m
[32m[     3.817][0m [34mINFO  [0m: [39m[0m[39m[pid=1][tid=1][id=3][SYS_CLOSE][0m
[32m[     3.818][0m [34mINFO  [0m: [39m[0m[39m[pid=1][tid=1][id=257][SYS_OPENAT][0m
[32m[     3.819][0m [34mINFO  [0m: [39m[0m[39m[pid=1][tid=1][id=0][SYS_READ][0m
[32m[     3.820][0m [34mINFO  [0m: [39m[0m[39m[pid=1][tid=1][id=17][SYS_PREAD64][0m
[32m[     3.821][0m [34mINFO  [0m: [39m[0m[39m[pid=1][tid=1][id=5][SYS_FSTAT][0m
[32m[     3.822][0m [34mINFO  [0m: [39m[0m[39m[pid=1][tid=1][id=17][SYS_PREAD64][0m
[32m[     3.823][0m [34mINFO  [0m: [39m[0m[39m[pid=1][tid=1][id=9][SYS_MMAP][0m
[32m[     3.824][0m [34mINFO  [0m: [39m[0m[39m[pid=1][tid=1][id=9][SYS_MMAP][0m
[32m[     3.825][0m [34mINFO  [0m: [39m[0m[39m[pid=1][tid=1][id=9][SYS_MMAP][0m
[32m[     3.826][0m [34mINFO  [0m: [39m[0m[39m[pid=1][tid=1][id=9][SYS_MMAP][0m
[32m[     3.827][0m [34mINFO  [0m: [39m[0m[39m[pid=1][tid=1][id=9][SYS_MMAP][0m
[32m[     3.828][0m [34mINFO  [0m: [39m[0m[39m[pid=1][tid=1][id=3][SYS_CLOSE][0m
[32m[     3.829][0m [34mINFO  [0m: [39m[0m[39m[pid=1][tid=1][id=9][SYS_MMAP][0m
[32m[     3.830][0m [34mINFO  [0m: [39m[0m[39m[pid=1][tid=1][id=158][SYS_ARCH_PRCTL][0m
[32m[     3.831][0m [34mINFO  [0m: [39m[0m[39m[pid=1][tid=1][id=218][SYS_SET_TID_ADDRESS][0m
[32m[     3.832][0m [34mINFO  [0m: [39m[0m[39m[pid=1][tid=1][id=273][SYS_SET_ROBUST_LIST][0m
[32m[     3.833][0m [93mWARN  [0m: [39m[0m[39mUnimplemented syscall number: 334[0m
[32m[     3.834][0m [34mINFO  [0m: [39m[0m[39m[pid=1][tid=1][id=10][SYS_MPROTECT][0m
[32m[     3.835][0m [34mINFO  [0m: [39m[0m[39m[pid=1][tid=1][id=10][SYS_MPROTECT][0m
[32m[     3.836][0m [34mINFO  [0m: [39m[0m[39m[pid=1][tid=1][id=10][SYS_MPROTECT][0m
[32m[     3.837][0m [34mINFO  [0m: [39m[0m[39m[pid=1][tid=1][id=10][SYS_MPROTECT][0m
[32m[     3.838][0m [34mINFO  [0m: [39m[0m[39m[pid=1][tid=1][id=10][SYS_MPROTECT][0m
[32m[     3.839][0m [34mINFO  [0m: [39m[0m[39m[pid=1][tid=1][id=302][SYS_PRLIMIT64][0m
[32m[     3.840][0m [34mINFO  [0m: [39m[0m[39m[pid=1][tid=1][id=318][SYS_GETRANDOM][0m
[32m[     3.841][0m [34mINFO  [0m: [39m[0m[39m[pid=1][tid=1][id=102][SYS_GETUID][0m
[32m[     3.842][0m [34mINFO  [0m: [39m[0m[39m[pid=1][tid=1][id=12][SYS_BRK][0m
[32m[     3.843][0m [34mINFO  [0m: [39m[0m[39m[pid=1][tid=1][id=12][SYS_BRK][0m
[32m[     3.844][0m [34mINFO  [0m: [39m[0m[39m[pid=1][tid=1][id=39][SYS_GETPID][0m
[32m[     3.845][0m [34mINFO  [0m: [39m[0m[39m[pid=1][tid=1][id=13][SYS_RT_SIGACTION][0m
[32m[     3.846][0m [34mINFO  [0m: [39m[0m[39m[pid=1][tid=1][id=110][SYS_GETPPID][0m
[32m[     3.847][0m [34mINFO  [0m: [39m[0m[39m[pid=1][tid=1][id=63][SYS_UNAME][0m
[32m[     3.848][0m [34mINFO  [0m: [39m[0m[39m[pid=1][tid=1][id=79][SYS_GETCWD][0m
[32m[     3.849][0m [34mINFO  [0m: [39m[0m[39m[pid=1][tid=1][id=257][SYS_OPENAT][0m
[32m[     3.850][0m [34mINFO  [0m: [39m[0m[39m[pid=1][tid=1][id=72][SYS_FCNTL][0m
[32m[     3.851][0m [34mINFO  [0m: [39m[0m[39m[pid=1][tid=1][id=3][SYS_CLOSE][0m
[32m[     3.852][0m [34mINFO  [0m: [39m[0m[39m[pid=1][tid=1][id=13][SYS_RT_SIGACTION][0m
[32m[     3.853][0m [34mINFO  [0m: [39m[0m[39m[pid=1][tid=1][id=13][SYS_RT_SIGACTION][0m
[32m[     3.854][0m [34mINFO  [0m: [39m[0m[39m[pid=1][tid=1][id=13][SYS_RT_SIGACTION][0m
[32m[     3.855][0m [34mINFO  [0m: [39m[0m[39m[pid=1][tid=1][id=13][SYS_RT_SIGACTION][0m
[32m[     3.856][0m [34mINFO  [0m: [39m[0m[39m[pid=1][tid=1][id=13][SYS_RT_SIGACTION][0m
[32m[     3.857][0m [34mINFO  [0m: [39m[0m[39m[pid=1][tid=1][id=0][SYS_READ][0m
[32m[     3.858][0m [34mINFO  [0m: [39m[0m[39m[pid=1][tid=1][id=262][SYS_FSTATAT][0m
[32m[     3.859][0m [34mINFO  [0m: [39m[0m[39m[pid=1][tid=1][id=56][SYS_CLONE][0m
[32m[     3.862][0m [34mINFO  [0m: [39m[0m[39m[pid=1][tid=1][id=61][SYS_WAIT4][0m
[32m[     3.863][0m [34mINFO  [0m: [39m[0m[39m[pid=2][tid=2][id=273][SYS_SET_ROBUST_LIST][0m
[32m[     3.864][0m [34mINFO  [0m: [39m[0m[39m[pid=2][tid=2][id=3][SYS_CLOSE][0m
[32m[     3.865][0m [34mINFO  [0m: [39m[0m[39m[pid=2][tid=2][id=13][SYS_RT_SIGACTION][0m
[32m[     3.866][0m [34mINFO  [0m: [39m[0m[39m[pid=2][tid=2][id=59][SYS_EXECVE][0m
[32m[     3.868][0m [34mINFO  [0m: [39m[0m[39m[pid=2][tid=2][id=12][SYS_BRK][0m
[32m[     3.869][0m [34mINFO  [0m: [39m[0m[39m[pid=2][tid=2][id=9][SYS_MMAP][0m
[32m[     3.870][0m [34mINFO  [0m: [39m[0m[39m[pid=2][tid=2][id=21][SYS_ACCESS][0m
[32m[     3.871][0m [34mINFO  [0m: [39m[0m[39m[pid=2][tid=2][id=257][SYS_OPENAT][0m
[32m[     3.872][0m [34mINFO  [0m: [39m[0m[39m[pid=2][tid=2][id=262][SYS_FSTATAT][0m
[32m[     3.873][0m [34mINFO  [0m: [39m[0m[39m[pid=2][tid=2][id=257][SYS_OPENAT][0m
[32m[     3.874][0m [34mINFO  [0m: [39m[0m[39m[pid=2][tid=2][id=262][SYS_FSTATAT][0m
[32m[     3.875][0m [34mINFO  [0m: [39m[0m[39m[pid=2][tid=2][id=257][SYS_OPENAT][0m
[32m[     3.876][0m [34mINFO  [0m: [39m[0m[39m[pid=2][tid=2][id=0][SYS_READ][0m
[32m[     3.877][0m [34mINFO  [0m: [39m[0m[39m[pid=2][tid=2][id=5][SYS_FSTAT][0m
[32m[     3.878][0m [34mINFO  [0m: [39m[0m[39m[pid=2][tid=2][id=9][SYS_MMAP][0m
[32m[     3.879][0m [34mINFO  [0m: [39m[0m[39m[pid=2][tid=2][id=9][SYS_MMAP][0m
[32m[     3.880][0m [34mINFO  [0m: [39m[0m[39m[pid=2][tid=2][id=9][SYS_MMAP][0m
[32m[     3.881][0m [34mINFO  [0m: [39m[0m[39m[pid=2][tid=2][id=9][SYS_MMAP][0m
[32m[     3.882][0m [34mINFO  [0m: [39m[0m[39m[pid=2][tid=2][id=3][SYS_CLOSE][0m
[32m[     3.883][0m [34mINFO  [0m: [39m[0m[39m[pid=2][tid=2][id=257][SYS_OPENAT][0m
[32m[     3.884][0m [34mINFO  [0m: [39m[0m[39m[pid=2][tid=2][id=0][SYS_READ][0m
[32m[     3.885][0m [34mINFO  [0m: [39m[0m[39m[pid=2][tid=2][id=5][SYS_FSTAT][0m
[32m[     3.886][0m [34mINFO  [0m: [39m[0m[39m[pid=2][tid=2][id=9][SYS_MMAP][0m
[32m[     3.887][0m [34mINFO  [0m: [39m[0m[39m[pid=2][tid=2][id=9][SYS_MMAP][0m
[32m[     3.888][0m [34mINFO  [0m: [39m[0m[39m[pid=2][tid=2][id=9][SYS_MMAP][0m
[32m[     3.889][0m [34mINFO  [0m: [39m[0m[39m[pid=2][tid=2][id=9][SYS_MMAP][0m
[32m[     3.890][0m [34mINFO  [0m: [39m[0m[39m[pid=2][tid=2][id=9][SYS_MMAP][0m
[32m[     3.891][0m [34mINFO  [0m: [39m[0m[39m[pid=2][tid=2][id=3][SYS_CLOSE][0m
[32m[     3.892][0m [34mINFO  [0m: [39m[0m[39m[pid=2][tid=2][id=257][SYS_OPENAT][0m
[32m[     3.893][0m [34mINFO  [0m: [39m[0m[39m[pid=2][tid=2][id=0][SYS_READ][0m
[32m[     3.894][0m [34mINFO  [0m: [39m[0m[39m[pid=2][tid=2][id=17][SYS_PREAD64][0m
[32m[     3.895][0m [34mINFO  [0m: [39m[0m[39m[pid=2][tid=2][id=5][SYS_FSTAT][0m
[32m[     3.896][0m [34mINFO  [0m: [39m[0m[39m[pid=2][tid=2][id=17][SYS_PREAD64][0m
[32m[     3.897][0m [34mINFO  [0m: [39m[0m[39m[pid=2][tid=2][id=9][SYS_MMAP][0m
[32m[     3.898][0m [34mINFO  [0m: [39m[0m[39m[pid=2][tid=2][id=9][SYS_MMAP][0m
[32m[     3.899][0m [34mINFO  [0m: [39m[0m[39m[pid=2][tid=2][id=9][SYS_MMAP][0m
[32m[     3.900][0m [34mINFO  [0m: [39m[0m[39m[pid=2][tid=2][id=9][SYS_MMAP][0m
[32m[     3.901][0m [34mINFO  [0m: [39m[0m[39m[pid=2][tid=2][id=9][SYS_MMAP][0m
[32m[     3.902][0m [34mINFO  [0m: [39m[0m[39m[pid=2][tid=2][id=3][SYS_CLOSE][0m
[32m[     3.903][0m [34mINFO  [0m: [39m[0m[39m[pid=2][tid=2][id=9][SYS_MMAP][0m
[32m[     3.904][0m [34mINFO  [0m: [39m[0m[39m[pid=2][tid=2][id=158][SYS_ARCH_PRCTL][0m
[32m[     3.905][0m [34mINFO  [0m: [39m[0m[39m[pid=2][tid=2][id=218][SYS_SET_TID_ADDRESS][0m
[32m[     3.906][0m [34mINFO  [0m: [39m[0m[39m[pid=2][tid=2][id=273][SYS_SET_ROBUST_LIST][0m
[32m[     3.907][0m [93mWARN  [0m: [39m[0m[39mUnimplemented syscall number: 334[0m
[32m[     3.908][0m [34mINFO  [0m: [39m[0m[39m[pid=2][tid=2][id=10][SYS_MPROTECT][0m
[32m[     3.909][0m [34mINFO  [0m: [39m[0m[39m[pid=2][tid=2][id=10][SYS_MPROTECT][0m
[32m[     3.910][0m [34mINFO  [0m: [39m[0m[39m[pid=2][tid=2][id=10][SYS_MPROTECT][0m
[32m[     3.911][0m [34mINFO  [0m: [39m[0m[39m[pid=2][tid=2][id=10][SYS_MPROTECT][0m
[32m[     3.912][0m [34mINFO  [0m: [39m[0m[39m[pid=2][tid=2][id=10][SYS_MPROTECT][0m
[32m[     3.913][0m [34mINFO  [0m: [39m[0m[39m[pid=2][tid=2][id=302][SYS_PRLIMIT64][0m
[32m[     3.914][0m [34mINFO  [0m: [39m[0m[39m[pid=2][tid=2][id=318][SYS_GETRANDOM][0m
[32m[     3.915][0m [34mINFO  [0m: [39m[0m[39m[pid=2][tid=2][id=102][SYS_GETUID][0m
[32m[     3.916][0m [34mINFO  [0m: [39m[0m[39m[pid=2][tid=2][id=12][SYS_BRK][0m
[32m[     3.917][0m [34mINFO  [0m: [39m[0m[39m[pid=2][tid=2][id=12][SYS_BRK][0m
[32m[     3.918][0m [34mINFO  [0m: [39m[0m[39m[pid=2][tid=2][id=102][SYS_GETUID][0m
[32m[     3.919][0m [34mINFO  [0m: [39m[0m[39m[pid=2][tid=2][id=107][SYS_GETEUID][0m
[32m[     3.920][0m [34mINFO  [0m: [39m[0m[39m[pid=2][tid=2][id=262][SYS_FSTATAT][0m
[32m[     3.921][0m [34mINFO  [0m: [39m[0m[39m[pid=2][tid=2][id=165][SYS_MOUNT][0m
[32m[     3.922][0m [34mINFO  [0m: [39m[0m[39m[pid=2][tid=2][id=231][SYS_EXIT_GROUP][0m
[32m[     3.924][0m [34mINFO  [0m: [39m[0m[39m[pid=1][tid=1][id=15][SYS_RT_SIGRETURN][0m
[32m[     3.925][0m [34mINFO  [0m: [39m[0m[39m[pid=1][tid=1][id=61][SYS_WAIT4][0m
[32m[     3.926][0m [34mINFO  [0m: [39m[0m[39m[pid=1][tid=1][id=56][SYS_CLONE][0m
[32m[     3.929][0m [34mINFO  [0m: [39m[0m[39m[pid=1][tid=1][id=61][SYS_WAIT4][0m
[32m[     3.930][0m [34mINFO  [0m: [39m[0m[39m[pid=3][tid=3][id=273][SYS_SET_ROBUST_LIST][0m
[32m[     3.931][0m [34mINFO  [0m: [39m[0m[39m[pid=3][tid=3][id=3][SYS_CLOSE][0m
[32m[     3.932][0m [34mINFO  [0m: [39m[0m[39m[pid=3][tid=3][id=13][SYS_RT_SIGACTION][0m
[32m[     3.933][0m [34mINFO  [0m: [39m[0m[39m[pid=3][tid=3][id=59][SYS_EXECVE][0m
[32m[     3.935][0m [34mINFO  [0m: [39m[0m[39m[pid=3][tid=3][id=12][SYS_BRK][0m
[32m[     3.936][0m [34mINFO  [0m: [39m[0m[39m[pid=3][tid=3][id=9][SYS_MMAP][0m
[32m[     3.937][0m [34mINFO  [0m: [39m[0m[39m[pid=3][tid=3][id=21][SYS_ACCESS][0m
[32m[     3.938][0m [34mINFO  [0m: [39m[0m[39m[pid=3][tid=3][id=257][SYS_OPENAT][0m
[32m[     3.939][0m [34mINFO  [0m: [39m[0m[39m[pid=3][tid=3][id=262][SYS_FSTATAT][0m
[32m[     3.940][0m [34mINFO  [0m: [39m[0m[39m[pid=3][tid=3][id=257][SYS_OPENAT][0m
[32m[     3.941][0m [34mINFO  [0m: [39m[0m[39m[pid=3][tid=3][id=262][SYS_FSTATAT][0m
[32m[     3.942][0m [34mINFO  [0m: [39m[0m[39m[pid=3][tid=3][id=257][SYS_OPENAT][0m
[32m[     3.943][0m [34mINFO  [0m: [39m[0m[39m[pid=3][tid=3][id=0][SYS_READ][0m
[32m[     3.944][0m [34mINFO  [0m: [39m[0m[39m[pid=3][tid=3][id=5][SYS_FSTAT][0m
[32m[     3.945][0m [34mINFO  [0m: [39m[0m[39m[pid=3][tid=3][id=9][SYS_MMAP][0m
[32m[     3.946][0m [34mINFO  [0m: [39m[0m[39m[pid=3][tid=3][id=9][SYS_MMAP][0m
[32m[     3.947][0m [34mINFO  [0m: [39m[0m[39m[pid=3][tid=3][id=9][SYS_MMAP][0m
[32m[     3.948][0m [34mINFO  [0m: [39m[0m[39m[pid=3][tid=3][id=9][SYS_MMAP][0m
[32m[     3.949][0m [34mINFO  [0m: [39m[0m[39m[pid=3][tid=3][id=3][SYS_CLOSE][0m
[32m[     3.950][0m [34mINFO  [0m: [39m[0m[39m[pid=3][tid=3][id=257][SYS_OPENAT][0m
[32m[     3.951][0m [34mINFO  [0m: [39m[0m[39m[pid=3][tid=3][id=0][SYS_READ][0m
[32m[     3.952][0m [34mINFO  [0m: [39m[0m[39m[pid=3][tid=3][id=5][SYS_FSTAT][0m
[32m[     3.953][0m [34mINFO  [0m: [39m[0m[39m[pid=3][tid=3][id=9][SYS_MMAP][0m
[32m[     3.954][0m [34mINFO  [0m: [39m[0m[39m[pid=3][tid=3][id=9][SYS_MMAP][0m
[32m[     3.955][0m [34mINFO  [0m: [39m[0m[39m[pid=3][tid=3][id=9][SYS_MMAP][0m
[32m[     3.956][0m [34mINFO  [0m: [39m[0m[39m[pid=3][tid=3][id=9][SYS_MMAP][0m
[32m[     3.957][0m [34mINFO  [0m: [39m[0m[39m[pid=3][tid=3][id=9][SYS_MMAP][0m
[32m[     3.958][0m [34mINFO  [0m: [39m[0m[39m[pid=3][tid=3][id=3][SYS_CLOSE][0m
[32m[     3.959][0m [34mINFO  [0m: [39m[0m[39m[pid=3][tid=3][id=257][SYS_OPENAT][0m
[32m[     3.960][0m [34mINFO  [0m: [39m[0m[39m[pid=3][tid=3][id=0][SYS_READ][0m
[32m[     3.961][0m [34mINFO  [0m: [39m[0m[39m[pid=3][tid=3][id=17][SYS_PREAD64][0m
[32m[     3.962][0m [34mINFO  [0m: [39m[0m[39m[pid=3][tid=3][id=5][SYS_FSTAT][0m
[32m[     3.963][0m [34mINFO  [0m: [39m[0m[39m[pid=3][tid=3][id=17][SYS_PREAD64][0m
[32m[     3.964][0m [34mINFO  [0m: [39m[0m[39m[pid=3][tid=3][id=9][SYS_MMAP][0m
[32m[     3.965][0m [34mINFO  [0m: [39m[0m[39m[pid=3][tid=3][id=9][SYS_MMAP][0m
[32m[     3.966][0m [34mINFO  [0m: [39m[0m[39m[pid=3][tid=3][id=9][SYS_MMAP][0m
[32m[     3.967][0m [34mINFO  [0m: [39m[0m[39m[pid=3][tid=3][id=9][SYS_MMAP][0m
[32m[     3.968][0m [34mINFO  [0m: [39m[0m[39m[pid=3][tid=3][id=9][SYS_MMAP][0m
[32m[     3.969][0m [34mINFO  [0m: [39m[0m[39m[pid=3][tid=3][id=3][SYS_CLOSE][0m
[32m[     3.970][0m [34mINFO  [0m: [39m[0m[39m[pid=3][tid=3][id=9][SYS_MMAP][0m
[32m[     3.971][0m [34mINFO  [0m: [39m[0m[39m[pid=3][tid=3][id=158][SYS_ARCH_PRCTL][0m
[32m[     3.972][0m [34mINFO  [0m: [39m[0m[39m[pid=3][tid=3][id=218][SYS_SET_TID_ADDRESS][0m
[32m[     3.973][0m [34mINFO  [0m: [39m[0m[39m[pid=3][tid=3][id=273][SYS_SET_ROBUST_LIST][0m
[32m[     3.974][0m [93mWARN  [0m: [39m[0m[39mUnimplemented syscall number: 334[0m
[32m[     3.975][0m [34mINFO  [0m: [39m[0m[39m[pid=3][tid=3][id=10][SYS_MPROTECT][0m
[32m[     3.976][0m [34mINFO  [0m: [39m[0m[39m[pid=3][tid=3][id=10][SYS_MPROTECT][0m
[32m[     3.977][0m [34mINFO  [0m: [39m[0m[39m[pid=3][tid=3][id=10][SYS_MPROTECT][0m
[32m[     3.978][0m [34mINFO  [0m: [39m[0m[39m[pid=3][tid=3][id=10][SYS_MPROTECT][0m
[32m[     3.979][0m [34mINFO  [0m: [39m[0m[39m[pid=3][tid=3][id=10][SYS_MPROTECT][0m
[32m[     3.980][0m [34mINFO  [0m: [39m[0m[39m[pid=3][tid=3][id=302][SYS_PRLIMIT64][0m
[32m[     3.981][0m [34mINFO  [0m: [39m[0m[39m[pid=3][tid=3][id=318][SYS_GETRANDOM][0m
[32m[     3.982][0m [34mINFO  [0m: [39m[0m[39m[pid=3][tid=3][id=102][SYS_GETUID][0m
[32m[     3.983][0m [34mINFO  [0m: [39m[0m[39m[pid=3][tid=3][id=12][SYS_BRK][0m
[32m[     3.984][0m [34mINFO  [0m: [39m[0m[39m[pid=3][tid=3][id=12][SYS_BRK][0m
[32m[     3.985][0m [34mINFO  [0m: [39m[0m[39m[pid=3][tid=3][id=102][SYS_GETUID][0m
[32m[     3.986][0m [34mINFO  [0m: [39m[0m[39m[pid=3][tid=3][id=107][SYS_GETEUID][0m
[32m[     3.987][0m [34mINFO  [0m: [39m[0m[39m[pid=3][tid=3][id=262][SYS_FSTATAT][0m
[32m[     3.988][0m [34mINFO  [0m: [39m[0m[39m[pid=3][tid=3][id=165][SYS_MOUNT][0m
[32m[     3.989][0m [34mINFO  [0m: [39m[0m[39m[pid=3][tid=3][id=231][SYS_EXIT_GROUP][0m
[32m[     3.991][0m [34mINFO  [0m: [39m[0m[39m[pid=1][tid=1][id=15][SYS_RT_SIGRETURN][0m
[32m[     3.992][0m [34mINFO  [0m: [39m[0m[39m[pid=1][tid=1][id=61][SYS_WAIT4][0m
[32m[     3.993][0m [34mINFO  [0m: [39m[0m[39m[pid=1][tid=1][id=56][SYS_CLONE][0m
[32m[     3.996][0m [34mINFO  [0m: [39m[0m[39m[pid=1][tid=1][id=61][SYS_WAIT4][0m
[32m[     3.997][0m [34mINFO  [0m: [39m[0m[39m[pid=4][tid=4][id=273][SYS_SET_ROBUST_LIST][0m
[32m[     3.998][0m [34mINFO  [0m: [39m[0m[39m[pid=4][tid=4][id=3][SYS_CLOSE][0m
[32m[     3.999][0m [34mINFO  [0m: [39m[0m[39m[pid=4][tid=4][id=13][SYS_RT_SIGACTION][0m
[32m[     4.000][0m [34mINFO  [0m: [39m[0m[39m[pid=4][tid=4][id=59][SYS_EXECVE][0m
[32m[     4.002][0m [34mINFO  [0m: [39m[0m[39m[pid=4][tid=4][id=12][SYS_BRK][0m
[32m[     4.003][0m [34mINFO  [0m: [39m[0m[39m[pid=4][tid=4][id=9][SYS_MMAP][0m
[32m[     4.004][0m [34mINFO  [0m: [39m[0m[39m[pid=4][tid=4][id=21][SYS_ACCESS][0m
[32m[     4.005][0m [34mINFO  [0m: [39m[0m[39m[pid=4][tid=4][id=257][SYS_OPENAT][0m
[32m[     4.006][0m [34mINFO  [0m: [39m[0m[39m[pid=4][tid=4][id=262][SYS_FSTATAT][0m
[32m[     4.007][0m [34mINFO  [0m: [39m[0m[39m[pid=4][tid=4][id=257][SYS_OPENAT][0m
[32m[     4.008][0m [34mINFO  [0m: [39m[0m[39m[pid=4][tid=4][id=262][SYS_FSTATAT][0m
[32m[     4.009][0m [34mINFO  [0m: [39m[0m[39m[pid=4][tid=4][id=257][SYS_OPENAT][0m
[32m[     4.010][0m [34mINFO  [0m: [39m[0m[39m[pid=4][tid=4][id=0][SYS_READ][0m
[32m[     4.011][0m [34mINFO  [0m: [39m[0m[39m[pid=4][tid=4][id=5][SYS_FSTAT][0m
[32m[     4.012][0m [34mINFO  [0m: [39m[0m[39m[pid=4][tid=4][id=9][SYS_MMAP][0m
[32m[     4.013][0m [34mINFO  [0m: [39m[0m[39m[pid=4][tid=4][id=9][SYS_MMAP][0m
[32m[     4.014][0m [34mINFO  [0m: [39m[0m[39m[pid=4][tid=4][id=9][SYS_MMAP][0m
[32m[     4.015][0m [34mINFO  [0m: [39m[0m[39m[pid=4][tid=4][id=9][SYS_MMAP][0m
[32m[     4.016][0m [34mINFO  [0m: [39m[0m[39m[pid=4][tid=4][id=3][SYS_CLOSE][0m
[32m[     4.017][0m [34mINFO  [0m: [39m[0m[39m[pid=4][tid=4][id=257][SYS_OPENAT][0m
[32m[     4.018][0m [34mINFO  [0m: [39m[0m[39m[pid=4][tid=4][id=0][SYS_READ][0m
[32m[     4.019][0m [34mINFO  [0m: [39m[0m[39m[pid=4][tid=4][id=5][SYS_FSTAT][0m
[32m[     4.020][0m [34mINFO  [0m: [39m[0m[39m[pid=4][tid=4][id=9][SYS_MMAP][0m
[32m[     4.021][0m [34mINFO  [0m: [39m[0m[39m[pid=4][tid=4][id=9][SYS_MMAP][0m
[32m[     4.022][0m [34mINFO  [0m: [39m[0m[39m[pid=4][tid=4][id=9][SYS_MMAP][0m
[32m[     4.023][0m [34mINFO  [0m: [39m[0m[39m[pid=4][tid=4][id=9][SYS_MMAP][0m
[32m[     4.024][0m [34mINFO  [0m: [39m[0m[39m[pid=4][tid=4][id=9][SYS_MMAP][0m
[32m[     4.025][0m [34mINFO  [0m: [39m[0m[39m[pid=4][tid=4][id=3][SYS_CLOSE][0m
[32m[     4.026][0m [34mINFO  [0m: [39m[0m[39m[pid=4][tid=4][id=257][SYS_OPENAT][0m
[32m[     4.027][0m [34mINFO  [0m: [39m[0m[39m[pid=4][tid=4][id=0][SYS_READ][0m
[32m[     4.028][0m [34mINFO  [0m: [39m[0m[39m[pid=4][tid=4][id=17][SYS_PREAD64][0m
[32m[     4.029][0m [34mINFO  [0m: [39m[0m[39m[pid=4][tid=4][id=5][SYS_FSTAT][0m
[32m[     4.030][0m [34mINFO  [0m: [39m[0m[39m[pid=4][tid=4][id=17][SYS_PREAD64][0m
[32m[     4.031][0m [34mINFO  [0m: [39m[0m[39m[pid=4][tid=4][id=9][SYS_MMAP][0m
[32m[     4.032][0m [34mINFO  [0m: [39m[0m[39m[pid=4][tid=4][id=9][SYS_MMAP][0m
[32m[     4.033][0m [34mINFO  [0m: [39m[0m[39m[pid=4][tid=4][id=9][SYS_MMAP][0m
[32m[     4.034][0m [34mINFO  [0m: [39m[0m[39m[pid=4][tid=4][id=9][SYS_MMAP][0m
[32m[     4.035][0m [34mINFO  [0m: [39m[0m[39m[pid=4][tid=4][id=9][SYS_MMAP][0m
[32m[     4.036][0m [34mINFO  [0m: [39m[0m[39m[pid=4][tid=4][id=3][SYS_CLOSE][0m
[32m[     4.037][0m [34mINFO  [0m: [39m[0m[39m[pid=4][tid=4][id=9][SYS_MMAP][0m
[32m[     4.038][0m [34mINFO  [0m: [39m[0m[39m[pid=4][tid=4][id=158][SYS_ARCH_PRCTL][0m
[32m[     4.039][0m [34mINFO  [0m: [39m[0m[39m[pid=4][tid=4][id=218][SYS_SET_TID_ADDRESS][0m
[32m[     4.040][0m [34mINFO  [0m: [39m[0m[39m[pid=4][tid=4][id=273][SYS_SET_ROBUST_LIST][0m
[32m[     4.041][0m [93mWARN  [0m: [39m[0m[39mUnimplemented syscall number: 334[0m
[32m[     4.042][0m [34mINFO  [0m: [39m[0m[39m[pid=4][tid=4][id=10][SYS_MPROTECT][0m
[32m[     4.043][0m [34mINFO  [0m: [39m[0m[39m[pid=4][tid=4][id=10][SYS_MPROTECT][0m
[32m[     4.044][0m [34mINFO  [0m: [39m[0m[39m[pid=4][tid=4][id=10][SYS_MPROTECT][0m
[32m[     4.045][0m [34mINFO  [0m: [39m[0m[39m[pid=4][tid=4][id=10][SYS_MPROTECT][0m
[32m[     4.046][0m [34mINFO  [0m: [39m[0m[39m[pid=4][tid=4][id=10][SYS_MPROTECT][0m
[32m[     4.047][0m [34mINFO  [0m: [39m[0m[39m[pid=4][tid=4][id=302][SYS_PRLIMIT64][0m
[32m[     4.048][0m [34mINFO  [0m: [39m[0m[39m[pid=4][tid=4][id=318][SYS_GETRANDOM][0m
[32m[     4.049][0m [34mINFO  [0m: [39m[0m[39m[pid=4][tid=4][id=102][SYS_GETUID][0m
[32m[     4.050][0m [34mINFO  [0m: [39m[0m[39m[pid=4][tid=4][id=12][SYS_BRK][0m
[32m[     4.051][0m [34mINFO  [0m: [39m[0m[39m[pid=4][tid=4][id=12][SYS_BRK][0m
[32m[     4.052][0m [34mINFO  [0m: [39m[0m[39m[pid=4][tid=4][id=102][SYS_GETUID][0m
[32m[     4.053][0m [34mINFO  [0m: [39m[0m[39m[pid=4][tid=4][id=107][SYS_GETEUID][0m
[32m[     4.054][0m [34mINFO  [0m: [39m[0m[39m[pid=4][tid=4][id=262][SYS_FSTATAT][0m
[32m[     4.055][0m [34mINFO  [0m: [39m[0m[39m[pid=4][tid=4][id=165][SYS_MOUNT][0m
[32m[     4.056][0m [34mINFO  [0m: [39m[0m[39m[pid=4][tid=4][id=231][SYS_EXIT_GROUP][0m
[32m[     4.058][0m [34mINFO  [0m: [39m[0m[39m[pid=1][tid=1][id=15][SYS_RT_SIGRETURN][0m
[32m[     4.059][0m [34mINFO  [0m: [39m[0m[39m[pid=1][tid=1][id=61][SYS_WAIT4][0m
[32m[     4.060][0m [34mINFO  [0m: [39m[0m[39m[pid=1][tid=1][id=56][SYS_CLONE][0m
[32m[     4.063][0m [34mINFO  [0m: [39m[0m[39m[pid=1][tid=1][id=61][SYS_WAIT4][0m
[32m[     4.064][0m [34mINFO  [0m: [39m[0m[39m[pid=5][tid=5][id=273][SYS_SET_ROBUST_LIST][0m
[32m[     4.065][0m [34mINFO  [0m: [39m[0m[39m[pid=5][tid=5][id=3][SYS_CLOSE][0m
[32m[     4.066][0m [34mINFO  [0m: [39m[0m[39m[pid=5][tid=5][id=13][SYS_RT_SIGACTION][0m
[32m[     4.067][0m [34mINFO  [0m: [39m[0m[39m[pid=5][tid=5][id=59][SYS_EXECVE][0m
[32m[     4.069][0m [34mINFO  [0m: [39m[0m[39m[pid=5][tid=5][id=12][SYS_BRK][0m
[32m[     4.070][0m [34mINFO  [0m: [39m[0m[39m[pid=5][tid=5][id=9][SYS_MMAP][0m
[32m[     4.071][0m [34mINFO  [0m: [39m[0m[39m[pid=5][tid=5][id=21][SYS_ACCESS][0m
[32m[     4.072][0m [34mINFO  [0m: [39m[0m[39m[pid=5][tid=5][id=257][SYS_OPENAT][0m
[32m[     4.073][0m [34mINFO  [0m: [39m[0m[39m[pid=5][tid=5][id=262][SYS_FSTATAT][0m
[32m[     4.074][0m [34mINFO  [0m: [39m[0m[39m[pid=5][tid=5][id=257][SYS_OPENAT][0m
[32m[     4.075][0m [34mINFO  [0m: [39m[0m[39m[pid=5][tid=5][id=262][SYS_FSTATAT][0m
[32m[     4.076][0m [34mINFO  [0m: [39m[0m[39m[pid=5][tid=5][id=257][SYS_OPENAT][0m
[32m[     4.077][0m [34mINFO  [0m: [39m[0m[39m[pid=5][tid=5][id=0][SYS_READ][0m
[32m[     4.078][0m [34mINFO  [0m: [39m[0m[39m[pid=5][tid=5][id=5][SYS_FSTAT][0m
[32m[     4.079][0m [34mINFO  [0m: [39m[0m[39m[pid=5][tid=5][id=9][SYS_MMAP][0m
[32m[     4.080][0m [34mINFO  [0m: [39m[0m[39m[pid=5][tid=5][id=9][SYS_MMAP][0m
[32m[     4.081][0m [34mINFO  [0m: [39m[0m[39m[pid=5][tid=5][id=9][SYS_MMAP][0m
[32m[     4.082][0m [34mINFO  [0m: [39m[0m[39m[pid=5][tid=5][id=9][SYS_MMAP][0m
[32m[     4.083][0m [34mINFO  [0m: [39m[0m[39m[pid=5][tid=5][id=3][SYS_CLOSE][0m
[32m[     4.084][0m [34mINFO  [0m: [39m[0m[39m[pid=5][tid=5][id=257][SYS_OPENAT][0m
[32m[     4.085][0m [34mINFO  [0m: [39m[0m[39m[pid=5][tid=5][id=0][SYS_READ][0m
[32m[     4.086][0m [34mINFO  [0m: [39m[0m[39m[pid=5][tid=5][id=5][SYS_FSTAT][0m
[32m[     4.087][0m [34mINFO  [0m: [39m[0m[39m[pid=5][tid=5][id=9][SYS_MMAP][0m
[32m[     4.088][0m [34mINFO  [0m: [39m[0m[39m[pid=5][tid=5][id=9][SYS_MMAP][0m
[32m[     4.089][0m [34mINFO  [0m: [39m[0m[39m[pid=5][tid=5][id=9][SYS_MMAP][0m
[32m[     4.090][0m [34mINFO  [0m: [39m[0m[39m[pid=5][tid=5][id=9][SYS_MMAP][0m
[32m[     4.091][0m [34mINFO  [0m: [39m[0m[39m[pid=5][tid=5][id=9][SYS_MMAP][0m
[32m[     4.092][0m [34mINFO  [0m: [39m[0m[39m[pid=5][tid=5][id=3][SYS_CLOSE][0m
[32m[     4.093][0m [34mINFO  [0m: [39m[0m[39m[pid=5][tid=5][id=257][SYS_OPENAT][0m
[32m[     4.094][0m [34mINFO  [0m: [39m[0m[39m[pid=5][tid=5][id=0][SYS_READ][0m
[32m[     4.095][0m [34mINFO  [0m: [39m[0m[39m[pid=5][tid=5][id=17][SYS_PREAD64][0m
[32m[     4.096][0m [34mINFO  [0m: [39m[0m[39m[pid=5][tid=5][id=5][SYS_FSTAT][0m
[32m[     4.097][0m [34mINFO  [0m: [39m[0m[39m[pid=5][tid=5][id=17][SYS_PREAD64][0m
[32m[     4.098][0m [34mINFO  [0m: [39m[0m[39m[pid=5][tid=5][id=9][SYS_MMAP][0m
[32m[     4.099][0m [34mINFO  [0m: [39m[0m[39m[pid=5][tid=5][id=9][SYS_MMAP][0m
[32m[     4.100][0m [34mINFO  [0m: [39m[0m[39m[pid=5][tid=5][id=9][SYS_MMAP][0m
[32m[     4.101][0m [34mINFO  [0m: [39m[0m[39m[pid=5][tid=5][id=9][SYS_MMAP][0m
[32m[     4.102][0m [34mINFO  [0m: [39m[0m[39m[pid=5][tid=5][id=9][SYS_MMAP][0m
[32m[     4.103][0m [34mINFO  [0m: [39m[0m[39m[pid=5][tid=5][id=3][SYS_CLOSE][0m
[32m[     4.104][0m [34mINFO  [0m: [39m[0m[39m[pid=5][tid=5][id=9][SYS_MMAP][0m
[32m[     4.105][0m [34mINFO  [0m: [39m[0m[39m[pid=5][tid=5][id=158][SYS_ARCH_PRCTL][0m
[32m[     4.106][0m [34mINFO  [0m: [39m[0m[39m[pid=5][tid=5][id=218][SYS_SET_TID_ADDRESS][0m
[32m[     4.107][0m [34mINFO  [0m: [39m[0m[39m[pid=5][tid=5][id=273][SYS_SET_ROBUST_LIST][0m
[32m[     4.108][0m [93mWARN  [0m: [39m[0m[39mUnimplemented syscall number: 334[0m
[32m[     4.109][0m [34mINFO  [0m: [39m[0m[39m[pid=5][tid=5][id=10][SYS_MPROTECT][0m
[32m[     4.110][0m [34mINFO  [0m: [39m[0m[39m[pid=5][tid=5][id=10][SYS_MPROTECT][0m
[32m[     4.111][0m [34mINFO  [0m: [39m[0m[39m[pid=5][tid=5][id=10][SYS_MPROTECT][0m
[32m[     4.112][0m [34mINFO  [0m: [39m[0m[39m[pid=5][tid=5][id=10][SYS_MPROTECT][0m
[32m[     4.113][0m [34mINFO  [0m: [39m[0m[39m[pid=5][tid=5][id=10][SYS_MPROTECT][0m
[32m[     4.114][0m [34mINFO  [0m: [39m[0m[39m[pid=5][tid=5][id=302][SYS_PRLIMIT64][0m
[32m[     4.115][0m [34mINFO  [0m: [39m[0m[39m[pid=5][tid=5][id=318][SYS_GETRANDOM][0m
[32m[     4.116][0m [34mINFO  [0m: [39m[0m[39m[pid=5][tid=5][id=102][SYS_GETUID][0m
[32m[     4.117][0m [34mINFO  [0m: [39m[0m[39m[pid=5][tid=5][id=12][SYS_BRK][0m
[32m[     4.118][0m [34mINFO  [0m: [39m[0m[39m[pid=5][tid=5][id=12][SYS_BRK][0m
[32m[     4.119][0m [34mINFO  [0m: [39m[0m[39m[pid=5][tid=5][id=102][SYS_GETUID][0m
[32m[     4.120][0m [34mINFO  [0m: [39m[0m[39m[pid=5][tid=5][id=107][SYS_GETEUID][0m
[32m[     4.121][0m [34mINFO  [0m: [39m[0m[39m[pid=5][tid=5][id=262][SYS_FSTATAT][0m
[32m[     4.122][0m [34mINFO  [0m: [39m[0m[39m[pid=5][tid=5][id=165][SYS_MOUNT][0m
[32m[     4.123][0m [34mINFO  [0m: [39m[0m[39m[pid=5][tid=5][id=231][SYS_EXIT_GROUP][0m
[32m[     4.125][0m [34mINFO  [0m: [39m[0m[39m[pid=1][tid=1][id=15][SYS_RT_SIGRETURN][0m
[32m[     4.126][0m [34mINFO  [0m: [39m[0m[39m[pid=1][tid=1][id=61][SYS_WAIT4][0m
[32m[     4.127][0m [34mINFO  [0m: [39m[0m[39m[pid=1][tid=1][id=56][SYS_CLONE][0m
[32m[     4.130][0m [34mINFO  [0m: [39m[0m[39m[pid=1][tid=1][id=61][SYS_WAIT4][0m
[32m[     4.131][0m [34mINFO  [0m: [39m[0m[39m[pid=6][tid=6][id=273][SYS_SET_ROBUST_LIST][0m
[32m[     4.132][0m [34mINFO  [0m: [39m[0m[39m[pid=6][tid=6][id=3][SYS_CLOSE][0m
[32m[     4.133][0m [34mINFO  [0m: [39m[0m[39m[pid=6][tid=6][id=13][SYS_RT_SIGACTION][0m
[32m[     4.134][0m [34mINFO  [0m: [39m[0m[39m[pid=6][tid=6][id=59][SYS_EXECVE][0m
[32m[     4.136][0m [34mINFO  [0m: [39m[0m[39m[pid=6][tid=6][id=12][SYS_BRK][0m
[32m[     4.137][0m [34mINFO  [0m: [39m[0m[39m[pid=6][tid=6][id=9][SYS_MMAP][0m
[32m[     4.138][0m [34mINFO  [0m: [39m[0m[39m[pid=6][tid=6][id=21][SYS_ACCESS][0m
[32m[     4.139][0m [34mINFO  [0m: [39m[0m[39m[pid=6][tid=6][id=257][SYS_OPENAT][0m
[32m[     4.140][0m [34mINFO  [0m: [39m[0m[39m[pid=6][tid=6][id=262][SYS_FSTATAT][0m
[32m[     4.141][0m [34mINFO  [0m: [39m[0m[39m[pid=6][tid=6][id=257][SYS_OPENAT][0m
[32m[     4.142][0m [34mINFO  [0m: [39m[0m[39m[pid=6][tid=6][id=262][SYS_FSTATAT][0m
[32m[     4.143][0m [34mINFO  [0m: [39m[0m[39m[pid=6][tid=6][id=257][SYS_OPENAT][0m
[32m[     4.144][0m [34mINFO  [0m: [39m[0m[39m[pid=6][tid=6][id=0][SYS_READ][0m
[32m[     4.145][0m [34mINFO  [0m: [39m[0m[39m[pid=6][tid=6][id=5][SYS_FSTAT][0m
[32m[     4.146][0m [34mINFO  [0m: [39m[0m[39m[pid=6][tid=6][id=9][SYS_MMAP][0m
[32m[     4.147][0m [34mINFO  [0m: [39m[0m[39m[pid=6][tid=6][id=9][SYS_MMAP][0m
[32m[     4.148][0m [34mINFO  [0m: [39m[0m[39m[pid=6][tid=6][id=9][SYS_MMAP][0m
[32m[     4.149][0m [34mINFO  [0m: [39m[0m[39m[pid=6][tid=6][id=9][SYS_MMAP][0m
[32m[     4.150][0m [34mINFO  [0m: [39m[0m[39m[pid=6][tid=6][id=3][SYS_CLOSE][0m
[32m[     4.151][0m [34mINFO  [0m: [39m[0m[39m[pid=6][tid=6][id=257][SYS_OPENAT][0m
[32m[     4.152][0m [34mINFO  [0m: [39m[0m[39m[pid=6][tid=6][id=0][SYS_READ][0m
[32m[     4.153][0m [34mINFO  [0m: [39m[0m[39m[pid=6][tid=6][id=5][SYS_FSTAT][0m
[32m[     4.154][0m [34mINFO  [0m: [39m[0m[39m[pid=6][tid=6][id=9][SYS_MMAP][0m
[32m[     4.155][0m [34mINFO  [0m: [39m[0m[39m[pid=6][tid=6][id=9][SYS_MMAP][0m
[32m[     4.156][0m [34mINFO  [0m: [39m[0m[39m[pid=6][tid=6][id=9][SYS_MMAP][0m
[32m[     4.157][0m [34mINFO  [0m: [39m[0m[39m[pid=6][tid=6][id=9][SYS_MMAP][0m
[32m[     4.158][0m [34mINFO  [0m: [39m[0m[39m[pid=6][tid=6][id=9][SYS_MMAP][0m
[32m[     4.159][0m [34mINFO  [0m: [39m[0m[39m[pid=6][tid=6][id=3][SYS_CLOSE][0m
[32m[     4.160][0m [34mINFO  [0m: [39m[0m[39m[pid=6][tid=6][id=257][SYS_OPENAT][0m
[32m[     4.161][0m [34mINFO  [0m: [39m[0m[39m[pid=6][tid=6][id=0][SYS_READ][0m
[32m[     4.162][0m [34mINFO  [0m: [39m[0m[39m[pid=6][tid=6][id=17][SYS_PREAD64][0m
[32m[     4.163][0m [34mINFO  [0m: [39m[0m[39m[pid=6][tid=6][id=5][SYS_FSTAT][0m
[32m[     4.164][0m [34mINFO  [0m: [39m[0m[39m[pid=6][tid=6][id=17][SYS_PREAD64][0m
[32m[     4.165][0m [34mINFO  [0m: [39m[0m[39m[pid=6][tid=6][id=9][SYS_MMAP][0m
[32m[     4.166][0m [34mINFO  [0m: [39m[0m[39m[pid=6][tid=6][id=9][SYS_MMAP][0m
[32m[     4.167][0m [34mINFO  [0m: [39m[0m[39m[pid=6][tid=6][id=9][SYS_MMAP][0m
[32m[     4.168][0m [34mINFO  [0m: [39m[0m[39m[pid=6][tid=6][id=9][SYS_MMAP][0m
[32m[     4.169][0m [34mINFO  [0m: [39m[0m[39m[pid=6][tid=6][id=9][SYS_MMAP][0m
[32m[     4.170][0m [34mINFO  [0m: [39m[0m[39m[pid=6][tid=6][id=3][SYS_CLOSE][0m
[32m[     4.171][0m [34mINFO  [0m: [39m[0m[39m[pid=6][tid=6][id=9][SYS_MMAP][0m
[32m[     4.172][0m [34mINFO  [0m: [39m[0m[39m[pid=6][tid=6][id=158][SYS_ARCH_PRCTL][0m
[32m[     4.173][0m [34mINFO  [0m: [39m[0m[39m[pid=6][tid=6][id=218][SYS_SET_TID_ADDRESS][0m
[32m[     4.174][0m [34mINFO  [0m: [39m[0m[39m[pid=6][tid=6][id=273][SYS_SET_ROBUST_LIST][0m
[32m[     4.175][0m [93mWARN  [0m: [39m[0m[39mUnimplemented syscall number: 334[0m
[32m[     4.176][0m [34mINFO  [0m: [39m[0m[39m[pid=6][tid=6][id=10][SYS_MPROTECT][0m
[32m[     4.177][0m [34mINFO  [0m: [39m[0m[39m[pid=6][tid=6][id=10][SYS_MPROTECT][0m
[32m[     4.178][0m [34mINFO  [0m: [39m[0m[39m[pid=6][tid=6][id=10][SYS_MPROTECT][0m
[32m[     4.179][0m [34mINFO  [0m: [39m[0m[39m[pid=6][tid=6][id=10][SYS_MPROTECT][0m
[32m[     4.180][0m [34mINFO  [0m: [39m[0m[39m[pid=6][tid=6][id=10][SYS_MPROTECT][0m
[32m[     4.181][0m [34mINFO  [0m: [39m[0m[39m[pid=6][tid=6][id=302][SYS_PRLIMIT64][0m
[32m[     4.182][0m [34mINFO  [0m: [39m[0m[39m[pid=6][tid=6][id=318][SYS_GETRANDOM][0m
[32m[     4.183][0m [34mINFO  [0m: [39m[0m[39m[pid=6][tid=6][id=102][SYS_GETUID][0m
[32m[     4.184][0m [34mINFO  [0m: [39m[0m[39m[pid=6][tid=6][id=12][SYS_BRK][0m
[32m[     4.185][0m [34mINFO  [0m: [39m[0m[39m[pid=6][tid=6][id=12][SYS_BRK][0m
[32m[     4.186][0m [34mINFO  [0m: [39m[0m[39m[pid=6][tid=6][id=102][SYS_GETUID][0m
[32m[     4.187][0m [34mINFO  [0m: [39m[0m[39m[pid=6][tid=6][id=107][SYS_GETEUID][0m
[32m[     4.188][0m [34mINFO  [0m: [39m[0m[39m[pid=6][tid=6][id=262][SYS_FSTATAT][0m
[32m[     4.189][0m [34mINFO  [0m: [39m[0m[39m[pid=6][tid=6][id=165][SYS_MOUNT][0m
[32m[     4.190][0m [34mINFO  [0m: [39m[0m[39m[pid=6][tid=6][id=58][SYS_VFORK][0m
[32m[     4.191][0m [34mINFO  [0m: [39m[0m[39m[pid=7][tid=7][id=59][SYS_EXECVE][0m
[32m[     4.192][0m [34mINFO  [0m: [39m[0m[39m[pid=7][tid=7][id=59][SYS_EXECVE][0m
[32m[     4.193][0m [34mINFO  [0m: [39m[0m[39m[pid=7][tid=7][id=231][SYS_EXIT_GROUP][0m
[32m[     4.194][0m [34mINFO  [0m: [39m[0m[39m[pid=6][tid=6][id=61][SYS_WAIT4][0m
[32m[     4.195][0m [34mINFO  [0m: [39m[0m[39m[pid=6][tid=6][id=1][SYS_WRITE][0m
mount: mounting /dev/vda on /ext2 failed: No such file or directory
[32m[     4.197][0m [34mINFO  [0m: [39m[0m[39m[pid=6][tid=6][id=231][SYS_EXIT_GROUP][0m
[32m[     4.199][0m [34mINFO  [0m: [39m[0m[39m[pid=1][tid=1][id=15][SYS_RT_SIGRETURN][0m
[32m[     4.200][0m [34mINFO  [0m: [39m[0m[39m[pid=1][tid=1][id=61][SYS_WAIT4][0m
[32m[     4.201][0m [34mINFO  [0m: [39m[0m[39m[pid=1][tid=1][id=56][SYS_CLONE][0m
[32m[     4.204][0m [34mINFO  [0m: [39m[0m[39m[pid=1][tid=1][id=61][SYS_WAIT4][0m
[32m[     4.206][0m [34mINFO  [0m: [39m[0m[39m[pid=8][tid=8][id=273][SYS_SET_ROBUST_LIST][0m
[32m[     4.207][0m [34mINFO  [0m: [39m[0m[39m[pid=8][tid=8][id=3][SYS_CLOSE][0m
[32m[     4.208][0m [34mINFO  [0m: [39m[0m[39m[pid=8][tid=8][id=13][SYS_RT_SIGACTION][0m
[32m[     4.209][0m [34mINFO  [0m: [39m[0m[39m[pid=8][tid=8][id=59][SYS_EXECVE][0m
[32m[     4.211][0m [34mINFO  [0m: [39m[0m[39m[pid=8][tid=8][id=12][SYS_BRK][0m
[32m[     4.212][0m [34mINFO  [0m: [39m[0m[39m[pid=8][tid=8][id=9][SYS_MMAP][0m
[32m[     4.213][0m [34mINFO  [0m: [39m[0m[39m[pid=8][tid=8][id=21][SYS_ACCESS][0m
[32m[     4.214][0m [34mINFO  [0m: [39m[0m[39m[pid=8][tid=8][id=257][SYS_OPENAT][0m
[32m[     4.215][0m [34mINFO  [0m: [39m[0m[39m[pid=8][tid=8][id=262][SYS_FSTATAT][0m
[32m[     4.216][0m [34mINFO  [0m: [39m[0m[39m[pid=8][tid=8][id=257][SYS_OPENAT][0m
[32m[     4.217][0m [34mINFO  [0m: [39m[0m[39m[pid=8][tid=8][id=262][SYS_FSTATAT][0m
[32m[     4.218][0m [34mINFO  [0m: [39m[0m[39m[pid=8][tid=8][id=257][SYS_OPENAT][0m
[32m[     4.219][0m [34mINFO  [0m: [39m[0m[39m[pid=8][tid=8][id=0][SYS_READ][0m
[32m[     4.220][0m [34mINFO  [0m: [39m[0m[39m[pid=8][tid=8][id=5][SYS_FSTAT][0m
[32m[     4.221][0m [34mINFO  [0m: [39m[0m[39m[pid=8][tid=8][id=9][SYS_MMAP][0m
[32m[     4.222][0m [34mINFO  [0m: [39m[0m[39m[pid=8][tid=8][id=9][SYS_MMAP][0m
[32m[     4.223][0m [34mINFO  [0m: [39m[0m[39m[pid=8][tid=8][id=9][SYS_MMAP][0m
[32m[     4.224][0m [34mINFO  [0m: [39m[0m[39m[pid=8][tid=8][id=9][SYS_MMAP][0m
[32m[     4.225][0m [34mINFO  [0m: [39m[0m[39m[pid=8][tid=8][id=3][SYS_CLOSE][0m
[32m[     4.226][0m [34mINFO  [0m: [39m[0m[39m[pid=8][tid=8][id=257][SYS_OPENAT][0m
[32m[     4.227][0m [34mINFO  [0m: [39m[0m[39m[pid=8][tid=8][id=0][SYS_READ][0m
[32m[     4.228][0m [34mINFO  [0m: [39m[0m[39m[pid=8][tid=8][id=5][SYS_FSTAT][0m
[32m[     4.229][0m [34mINFO  [0m: [39m[0m[39m[pid=8][tid=8][id=9][SYS_MMAP][0m
[32m[     4.230][0m [34mINFO  [0m: [39m[0m[39m[pid=8][tid=8][id=9][SYS_MMAP][0m
[32m[     4.231][0m [34mINFO  [0m: [39m[0m[39m[pid=8][tid=8][id=9][SYS_MMAP][0m
[32m[     4.232][0m [34mINFO  [0m: [39m[0m[39m[pid=8][tid=8][id=9][SYS_MMAP][0m
[32m[     4.233][0m [34mINFO  [0m: [39m[0m[39m[pid=8][tid=8][id=9][SYS_MMAP][0m
[32m[     4.234][0m [34mINFO  [0m: [39m[0m[39m[pid=8][tid=8][id=3][SYS_CLOSE][0m
[32m[     4.235][0m [34mINFO  [0m: [39m[0m[39m[pid=8][tid=8][id=257][SYS_OPENAT][0m
[32m[     4.236][0m [34mINFO  [0m: [39m[0m[39m[pid=8][tid=8][id=0][SYS_READ][0m
[32m[     4.237][0m [34mINFO  [0m: [39m[0m[39m[pid=8][tid=8][id=17][SYS_PREAD64][0m
[32m[     4.238][0m [34mINFO  [0m: [39m[0m[39m[pid=8][tid=8][id=5][SYS_FSTAT][0m
[32m[     4.239][0m [34mINFO  [0m: [39m[0m[39m[pid=8][tid=8][id=17][SYS_PREAD64][0m
[32m[     4.240][0m [34mINFO  [0m: [39m[0m[39m[pid=8][tid=8][id=9][SYS_MMAP][0m
[32m[     4.241][0m [34mINFO  [0m: [39m[0m[39m[pid=8][tid=8][id=9][SYS_MMAP][0m
[32m[     4.242][0m [34mINFO  [0m: [39m[0m[39m[pid=8][tid=8][id=9][SYS_MMAP][0m
[32m[     4.243][0m [34mINFO  [0m: [39m[0m[39m[pid=8][tid=8][id=9][SYS_MMAP][0m
[32m[     4.244][0m [34mINFO  [0m: [39m[0m[39m[pid=8][tid=8][id=9][SYS_MMAP][0m
[32m[     4.245][0m [34mINFO  [0m: [39m[0m[39m[pid=8][tid=8][id=3][SYS_CLOSE][0m
[32m[     4.246][0m [34mINFO  [0m: [39m[0m[39m[pid=8][tid=8][id=9][SYS_MMAP][0m
[32m[     4.247][0m [34mINFO  [0m: [39m[0m[39m[pid=8][tid=8][id=158][SYS_ARCH_PRCTL][0m
[32m[     4.248][0m [34mINFO  [0m: [39m[0m[39m[pid=8][tid=8][id=218][SYS_SET_TID_ADDRESS][0m
[32m[     4.249][0m [34mINFO  [0m: [39m[0m[39m[pid=8][tid=8][id=273][SYS_SET_ROBUST_LIST][0m
[32m[     4.250][0m [93mWARN  [0m: [39m[0m[39mUnimplemented syscall number: 334[0m
[32m[     4.251][0m [34mINFO  [0m: [39m[0m[39m[pid=8][tid=8][id=10][SYS_MPROTECT][0m
[32m[     4.252][0m [34mINFO  [0m: [39m[0m[39m[pid=8][tid=8][id=10][SYS_MPROTECT][0m
[32m[     4.253][0m [34mINFO  [0m: [39m[0m[39m[pid=8][tid=8][id=10][SYS_MPROTECT][0m
[32m[     4.254][0m [34mINFO  [0m: [39m[0m[39m[pid=8][tid=8][id=10][SYS_MPROTECT][0m
[32m[     4.255][0m [34mINFO  [0m: [39m[0m[39m[pid=8][tid=8][id=10][SYS_MPROTECT][0m
[32m[     4.256][0m [34mINFO  [0m: [39m[0m[39m[pid=8][tid=8][id=302][SYS_PRLIMIT64][0m
[32m[     4.257][0m [34mINFO  [0m: [39m[0m[39m[pid=8][tid=8][id=318][SYS_GETRANDOM][0m
[32m[     4.258][0m [34mINFO  [0m: [39m[0m[39m[pid=8][tid=8][id=102][SYS_GETUID][0m
[32m[     4.259][0m [34mINFO  [0m: [39m[0m[39m[pid=8][tid=8][id=12][SYS_BRK][0m
[32m[     4.260][0m [34mINFO  [0m: [39m[0m[39m[pid=8][tid=8][id=12][SYS_BRK][0m
[32m[     4.261][0m [34mINFO  [0m: [39m[0m[39m[pid=8][tid=8][id=102][SYS_GETUID][0m
[32m[     4.262][0m [34mINFO  [0m: [39m[0m[39m[pid=8][tid=8][id=107][SYS_GETEUID][0m
[32m[     4.263][0m [34mINFO  [0m: [39m[0m[39m[pid=8][tid=8][id=262][SYS_FSTATAT][0m
[32m[     4.264][0m [34mINFO  [0m: [39m[0m[39m[pid=8][tid=8][id=165][SYS_MOUNT][0m
[32m[     4.265][0m [34mINFO  [0m: [39m[0m[39m[pid=8][tid=8][id=58][SYS_VFORK][0m
[32m[     4.266][0m [34mINFO  [0m: [39m[0m[39m[pid=9][tid=9][id=59][SYS_EXECVE][0m
[32m[     4.267][0m [34mINFO  [0m: [39m[0m[39m[pid=9][tid=9][id=59][SYS_EXECVE][0m
[32m[     4.268][0m [34mINFO  [0m: [39m[0m[39m[pid=9][tid=9][id=231][SYS_EXIT_GROUP][0m
[32m[     4.269][0m [34mINFO  [0m: [39m[0m[39m[pid=8][tid=8][id=61][SYS_WAIT4][0m
[32m[     4.270][0m [34mINFO  [0m: [39m[0m[39m[pid=8][tid=8][id=1][SYS_WRITE][0m
mount: mounting /dev/vdb on /exfat failed: No such file or directory
[32m[     4.272][0m [34mINFO  [0m: [39m[0m[39m[pid=8][tid=8][id=231][SYS_EXIT_GROUP][0m
[32m[     4.274][0m [34mINFO  [0m: [39m[0m[39m[pid=1][tid=1][id=15][SYS_RT_SIGRETURN][0m
[32m[     4.275][0m [34mINFO  [0m: [39m[0m[39m[pid=1][tid=1][id=61][SYS_WAIT4][0m
[32m[     4.276][0m [34mINFO  [0m: [39m[0m[39m[pid=1][tid=1][id=0][SYS_READ][0m
[32m[     4.277][0m [34mINFO  [0m: [39m[0m[39m[pid=1][tid=1][id=262][SYS_FSTATAT][0m
[32m[     4.278][0m [34mINFO  [0m: [39m[0m[39m[pid=1][tid=1][id=56][SYS_CLONE][0m
[32m[     4.281][0m [34mINFO  [0m: [39m[0m[39m[pid=1][tid=1][id=61][SYS_WAIT4][0m
[32m[     4.282][0m [34mINFO  [0m: [39m[0m[39m[pid=10][tid=10][id=273][SYS_SET_ROBUST_LIST][0m
[32m[     4.283][0m [34mINFO  [0m: [39m[0m[39m[pid=10][tid=10][id=3][SYS_CLOSE][0m
[32m[     4.284][0m [34mINFO  [0m: [39m[0m[39m[pid=10][tid=10][id=13][SYS_RT_SIGACTION][0m
[32m[     4.285][0m [34mINFO  [0m: [39m[0m[39m[pid=10][tid=10][id=59][SYS_EXECVE][0m
[32m[     4.287][0m [34mINFO  [0m: [39m[0m[39m[pid=10][tid=10][id=12][SYS_BRK][0m
[32m[     4.288][0m [34mINFO  [0m: [39m[0m[39m[pid=10][tid=10][id=9][SYS_MMAP][0m
[32m[     4.289][0m [34mINFO  [0m: [39m[0m[39m[pid=10][tid=10][id=21][SYS_ACCESS][0m
[32m[     4.290][0m [34mINFO  [0m: [39m[0m[39m[pid=10][tid=10][id=257][SYS_OPENAT][0m
[32m[     4.291][0m [34mINFO  [0m: [39m[0m[39m[pid=10][tid=10][id=262][SYS_FSTATAT][0m
[32m[     4.292][0m [34mINFO  [0m: [39m[0m[39m[pid=10][tid=10][id=257][SYS_OPENAT][0m
[32m[     4.293][0m [34mINFO  [0m: [39m[0m[39m[pid=10][tid=10][id=262][SYS_FSTATAT][0m
[32m[     4.294][0m [34mINFO  [0m: [39m[0m[39m[pid=10][tid=10][id=257][SYS_OPENAT][0m
[32m[     4.295][0m [34mINFO  [0m: [39m[0m[39m[pid=10][tid=10][id=0][SYS_READ][0m
[32m[     4.296][0m [34mINFO  [0m: [39m[0m[39m[pid=10][tid=10][id=5][SYS_FSTAT][0m
[32m[     4.297][0m [34mINFO  [0m: [39m[0m[39m[pid=10][tid=10][id=9][SYS_MMAP][0m
[32m[     4.298][0m [34mINFO  [0m: [39m[0m[39m[pid=10][tid=10][id=9][SYS_MMAP][0m
[32m[     4.299][0m [34mINFO  [0m: [39m[0m[39m[pid=10][tid=10][id=9][SYS_MMAP][0m
[32m[     4.300][0m [34mINFO  [0m: [39m[0m[39m[pid=10][tid=10][id=9][SYS_MMAP][0m
[32m[     4.301][0m [34mINFO  [0m: [39m[0m[39m[pid=10][tid=10][id=3][SYS_CLOSE][0m
[32m[     4.302][0m [34mINFO  [0m: [39m[0m[39m[pid=10][tid=10][id=257][SYS_OPENAT][0m
[32m[     4.303][0m [34mINFO  [0m: [39m[0m[39m[pid=10][tid=10][id=0][SYS_READ][0m
[32m[     4.304][0m [34mINFO  [0m: [39m[0m[39m[pid=10][tid=10][id=5][SYS_FSTAT][0m
[32m[     4.305][0m [34mINFO  [0m: [39m[0m[39m[pid=10][tid=10][id=9][SYS_MMAP][0m
[32m[     4.306][0m [34mINFO  [0m: [39m[0m[39m[pid=10][tid=10][id=9][SYS_MMAP][0m
[32m[     4.307][0m [34mINFO  [0m: [39m[0m[39m[pid=10][tid=10][id=9][SYS_MMAP][0m
[32m[     4.308][0m [34mINFO  [0m: [39m[0m[39m[pid=10][tid=10][id=9][SYS_MMAP][0m
[32m[     4.309][0m [34mINFO  [0m: [39m[0m[39m[pid=10][tid=10][id=9][SYS_MMAP][0m
[32m[     4.310][0m [34mINFO  [0m: [39m[0m[39m[pid=10][tid=10][id=3][SYS_CLOSE][0m
[32m[     4.311][0m [34mINFO  [0m: [39m[0m[39m[pid=10][tid=10][id=257][SYS_OPENAT][0m
[32m[     4.312][0m [34mINFO  [0m: [39m[0m[39m[pid=10][tid=10][id=0][SYS_READ][0m
[32m[     4.313][0m [34mINFO  [0m: [39m[0m[39m[pid=10][tid=10][id=17][SYS_PREAD64][0m
[32m[     4.314][0m [34mINFO  [0m: [39m[0m[39m[pid=10][tid=10][id=5][SYS_FSTAT][0m
[32m[     4.315][0m [34mINFO  [0m: [39m[0m[39m[pid=10][tid=10][id=17][SYS_PREAD64][0m
[32m[     4.316][0m [34mINFO  [0m: [39m[0m[39m[pid=10][tid=10][id=9][SYS_MMAP][0m
[32m[     4.317][0m [34mINFO  [0m: [39m[0m[39m[pid=10][tid=10][id=9][SYS_MMAP][0m
[32m[     4.318][0m [34mINFO  [0m: [39m[0m[39m[pid=10][tid=10][id=9][SYS_MMAP][0m
[32m[     4.319][0m [34mINFO  [0m: [39m[0m[39m[pid=10][tid=10][id=9][SYS_MMAP][0m
[32m[     4.320][0m [34mINFO  [0m: [39m[0m[39m[pid=10][tid=10][id=9][SYS_MMAP][0m
[32m[     4.321][0m [34mINFO  [0m: [39m[0m[39m[pid=10][tid=10][id=3][SYS_CLOSE][0m
[32m[     4.322][0m [34mINFO  [0m: [39m[0m[39m[pid=10][tid=10][id=9][SYS_MMAP][0m
[32m[     4.323][0m [34mINFO  [0m: [39m[0m[39m[pid=10][tid=10][id=158][SYS_ARCH_PRCTL][0m
[32m[     4.324][0m [34mINFO  [0m: [39m[0m[39m[pid=10][tid=10][id=218][SYS_SET_TID_ADDRESS][0m
[32m[     4.325][0m [34mINFO  [0m: [39m[0m[39m[pid=10][tid=10][id=273][SYS_SET_ROBUST_LIST][0m
[32m[     4.326][0m [93mWARN  [0m: [39m[0m[39mUnimplemented syscall number: 334[0m
[32m[     4.327][0m [34mINFO  [0m: [39m[0m[39m[pid=10][tid=10][id=10][SYS_MPROTECT][0m
[32m[     4.328][0m [34mINFO  [0m: [39m[0m[39m[pid=10][tid=10][id=10][SYS_MPROTECT][0m
[32m[     4.329][0m [34mINFO  [0m: [39m[0m[39m[pid=10][tid=10][id=10][SYS_MPROTECT][0m
[32m[     4.330][0m [34mINFO  [0m: [39m[0m[39m[pid=10][tid=10][id=10][SYS_MPROTECT][0m
[32m[     4.331][0m [34mINFO  [0m: [39m[0m[39m[pid=10][tid=10][id=10][SYS_MPROTECT][0m
[32m[     4.332][0m [34mINFO  [0m: [39m[0m[39m[pid=10][tid=10][id=302][SYS_PRLIMIT64][0m
[32m[     4.333][0m [34mINFO  [0m: [39m[0m[39m[pid=10][tid=10][id=318][SYS_GETRANDOM][0m
[32m[     4.334][0m [34mINFO  [0m: [39m[0m[39m[pid=10][tid=10][id=102][SYS_GETUID][0m
[32m[     4.335][0m [34mINFO  [0m: [39m[0m[39m[pid=10][tid=10][id=257][SYS_OPENAT][0m
[32m[     4.336][0m [34mINFO  [0m: [39m[0m[39m[pid=10][tid=10][id=3][SYS_CLOSE][0m
[32m[     4.337][0m [34mINFO  [0m: [39m[0m[39m[pid=10][tid=10][id=257][SYS_OPENAT][0m
[32m[     4.338][0m [34mINFO  [0m: [39m[0m[39m[pid=10][tid=10][id=16][SYS_IOCTL][0m
[32m[     4.339][0m [34mINFO  [0m: [39m[0m[39m[pid=10][tid=10][id=16][SYS_IOCTL][0m
[32m[     4.340][0m [34mINFO  [0m: [39m[0m[39m[pid=10][tid=10][id=16][SYS_IOCTL][0m
[32m[     4.341][0m [34mINFO  [0m: [39m[0m[39m[pid=10][tid=10][id=16][SYS_IOCTL][0m
[32m[     4.342][0m [34mINFO  [0m: [39m[0m[39m[pid=10][tid=10][id=16][SYS_IOCTL][0m
[32m[     4.343][0m [34mINFO  [0m: [39m[0m[39m[pid=10][tid=10][id=16][SYS_IOCTL][0m
[32m[     4.344][0m [34mINFO  [0m: [39m[0m[39m[pid=10][tid=10][id=13][SYS_RT_SIGACTION][0m
[32m[     4.345][0m [34mINFO  [0m: [39m[0m[39m[pid=10][tid=10][id=58][SYS_VFORK][0m
[32m[     4.346][0m [34mINFO  [0m: [39m[0m[39m[pid=11][tid=11][id=3][SYS_CLOSE][0m
[32m[     4.347][0m [34mINFO  [0m: [39m[0m[39m[pid=11][tid=11][id=3][SYS_CLOSE][0m
[32m[     4.348][0m [34mINFO  [0m: [39m[0m[39m[pid=11][tid=11][id=257][SYS_OPENAT][0m
[32m[     4.349][0m [34mINFO  [0m: [39m[0m[39m[pid=11][tid=11][id=33][SYS_DUP2][0m
[32m[     4.350][0m [34mINFO  [0m: [39m[0m[39m[pid=11][tid=11][id=33][SYS_DUP2][0m
[32m[     4.351][0m [34mINFO  [0m: [39m[0m[39m[pid=11][tid=11][id=16][SYS_IOCTL][0m
[32m[     4.352][0m [34mINFO  [0m: [39m[0m[39m[pid=11][tid=11][id=16][SYS_IOCTL][0m
[32m[     4.353][0m [34mINFO  [0m: [39m[0m[39m[pid=11][tid=11][id=112][SYS_SETSID][0m
[32m[     4.354][0m [34mINFO  [0m: [39m[0m[39m[pid=11][tid=11][id=16][SYS_IOCTL][0m
[32m[     4.355][0m [34mINFO  [0m: [39m[0m[39m[pid=11][tid=11][id=59][SYS_EXECVE][0m
[32m[     4.357][0m [34mINFO  [0m: [39m[0m[39m[pid=10][tid=10][id=257][SYS_OPENAT][0m
[32m[     4.358][0m [34mINFO  [0m: [39m[0m[39m[pid=10][tid=10][id=72][SYS_FCNTL][0m
[32m[     4.359][0m [34mINFO  [0m: [39m[0m[39m[pid=11][tid=11][id=12][SYS_BRK][0m
[32m[     4.360][0m [34mINFO  [0m: [39m[0m[39m[pid=11][tid=11][id=9][SYS_MMAP][0m
[32m[     4.361][0m [34mINFO  [0m: [39m[0m[39m[pid=10][tid=10][id=72][SYS_FCNTL][0m
[32m[     4.362][0m [34mINFO  [0m: [39m[0m[39m[pid=10][tid=10][id=7][SYS_POLL][0m
[32m[     4.363][0m [34mINFO  [0m: [39m[0m[39m[pid=11][tid=11][id=21][SYS_ACCESS][0m
[32m[     4.364][0m [34mINFO  [0m: [39m[0m[39m[pid=11][tid=11][id=257][SYS_OPENAT][0m
[32m[     4.365][0m [34mINFO  [0m: [39m[0m[39m[pid=11][tid=11][id=262][SYS_FSTATAT][0m
[32m[     4.366][0m [34mINFO  [0m: [39m[0m[39m[pid=11][tid=11][id=257][SYS_OPENAT][0m
[32m[     4.367][0m [34mINFO  [0m: [39m[0m[39m[pid=11][tid=11][id=262][SYS_FSTATAT][0m
[32m[     4.368][0m [34mINFO  [0m: [39m[0m[39m[pid=11][tid=11][id=257][SYS_OPENAT][0m
[32m[     4.369][0m [34mINFO  [0m: [39m[0m[39m[pid=11][tid=11][id=0][SYS_READ][0m
[32m[     4.370][0m [34mINFO  [0m: [39m[0m[39m[pid=11][tid=11][id=5][SYS_FSTAT][0m
[32m[     4.371][0m [34mINFO  [0m: [39m[0m[39m[pid=11][tid=11][id=9][SYS_MMAP][0m
[32m[     4.372][0m [34mINFO  [0m: [39m[0m[39m[pid=11][tid=11][id=9][SYS_MMAP][0m
[32m[     4.373][0m [34mINFO  [0m: [39m[0m[39m[pid=11][tid=11][id=9][SYS_MMAP][0m
[32m[     4.374][0m [34mINFO  [0m: [39m[0m[39m[pid=11][tid=11][id=9][SYS_MMAP][0m
[32m[     4.375][0m [34mINFO  [0m: [39m[0m[39m[pid=11][tid=11][id=3][SYS_CLOSE][0m
[32m[     4.376][0m [34mINFO  [0m: [39m[0m[39m[pid=11][tid=11][id=257][SYS_OPENAT][0m
[32m[     4.377][0m [34mINFO  [0m: [39m[0m[39m[pid=11][tid=11][id=0][SYS_READ][0m
[32m[     4.378][0m [34mINFO  [0m: [39m[0m[39m[pid=11][tid=11][id=5][SYS_FSTAT][0m
[32m[     4.379][0m [34mINFO  [0m: [39m[0m[39m[pid=11][tid=11][id=9][SYS_MMAP][0m
[32m[     4.380][0m [34mINFO  [0m: [39m[0m[39m[pid=11][tid=11][id=9][SYS_MMAP][0m
[32m[     4.381][0m [34mINFO  [0m: [39m[0m[39m[pid=11][tid=11][id=9][SYS_MMAP][0m
[32m[     4.382][0m [34mINFO  [0m: [39m[0m[39m[pid=11][tid=11][id=9][SYS_MMAP][0m
[32m[     4.383][0m [34mINFO  [0m: [39m[0m[39m[pid=11][tid=11][id=9][SYS_MMAP][0m
[32m[     4.384][0m [34mINFO  [0m: [39m[0m[39m[pid=11][tid=11][id=3][SYS_CLOSE][0m
[32m[     4.385][0m [34mINFO  [0m: [39m[0m[39m[pid=11][tid=11][id=257][SYS_OPENAT][0m
[32m[     4.386][0m [34mINFO  [0m: [39m[0m[39m[pid=11][tid=11][id=0][SYS_READ][0m
[32m[     4.387][0m [34mINFO  [0m: [39m[0m[39m[pid=11][tid=11][id=17][SYS_PREAD64][0m
[32m[     4.388][0m [34mINFO  [0m: [39m[0m[39m[pid=11][tid=11][id=5][SYS_FSTAT][0m
[32m[     4.389][0m [34mINFO  [0m: [39m[0m[39m[pid=11][tid=11][id=17][SYS_PREAD64][0m
[32m[     4.390][0m [34mINFO  [0m: [39m[0m[39m[pid=11][tid=11][id=9][SYS_MMAP][0m
[32m[     4.391][0m [34mINFO  [0m: [39m[0m[39m[pid=11][tid=11][id=9][SYS_MMAP][0m
[32m[     4.392][0m [34mINFO  [0m: [39m[0m[39m[pid=11][tid=11][id=9][SYS_MMAP][0m
[32m[     4.393][0m [34mINFO  [0m: [39m[0m[39m[pid=11][tid=11][id=9][SYS_MMAP][0m
[32m[     4.394][0m [34mINFO  [0m: [39m[0m[39m[pid=11][tid=11][id=9][SYS_MMAP][0m
[32m[     4.395][0m [34mINFO  [0m: [39m[0m[39m[pid=11][tid=11][id=3][SYS_CLOSE][0m
[32m[     4.396][0m [34mINFO  [0m: [39m[0m[39m[pid=11][tid=11][id=9][SYS_MMAP][0m
[32m[     4.397][0m [34mINFO  [0m: [39m[0m[39m[pid=11][tid=11][id=158][SYS_ARCH_PRCTL][0m
[32m[     4.398][0m [34mINFO  [0m: [39m[0m[39m[pid=11][tid=11][id=218][SYS_SET_TID_ADDRESS][0m
[32m[     4.399][0m [34mINFO  [0m: [39m[0m[39m[pid=11][tid=11][id=273][SYS_SET_ROBUST_LIST][0m
[32m[     4.400][0m [93mWARN  [0m: [39m[0m[39mUnimplemented syscall number: 334[0m
[32m[     4.401][0m [34mINFO  [0m: [39m[0m[39m[pid=11][tid=11][id=10][SYS_MPROTECT][0m
[32m[     4.402][0m [34mINFO  [0m: [39m[0m[39m[pid=11][tid=11][id=10][SYS_MPROTECT][0m
[32m[     4.403][0m [34mINFO  [0m: [39m[0m[39m[pid=11][tid=11][id=10][SYS_MPROTECT][0m
[32m[     4.404][0m [34mINFO  [0m: [39m[0m[39m[pid=11][tid=11][id=10][SYS_MPROTECT][0m
[32m[     4.405][0m [34mINFO  [0m: [39m[0m[39m[pid=11][tid=11][id=10][SYS_MPROTECT][0m
[32m[     4.406][0m [34mINFO  [0m: [39m[0m[39m[pid=11][tid=11][id=302][SYS_PRLIMIT64][0m
[32m[     4.407][0m [34mINFO  [0m: [39m[0m[39m[pid=11][tid=11][id=318][SYS_GETRANDOM][0m
[32m[     4.408][0m [34mINFO  [0m: [39m[0m[39m[pid=11][tid=11][id=102][SYS_GETUID][0m
[32m[     4.409][0m [34mINFO  [0m: [39m[0m[39m[pid=11][tid=11][id=12][SYS_BRK][0m
[32m[     4.410][0m [34mINFO  [0m: [39m[0m[39m[pid=11][tid=11][id=12][SYS_BRK][0m
[32m[     4.411][0m [34mINFO  [0m: [39m[0m[39m[pid=11][tid=11][id=39][SYS_GETPID][0m
[32m[     4.412][0m [34mINFO  [0m: [39m[0m[39m[pid=11][tid=11][id=13][SYS_RT_SIGACTION][0m
[32m[     4.413][0m [34mINFO  [0m: [39m[0m[39m[pid=11][tid=11][id=110][SYS_GETPPID][0m
[32m[     4.414][0m [34mINFO  [0m: [39m[0m[39m[pid=11][tid=11][id=63][SYS_UNAME][0m
[32m[     4.415][0m [34mINFO  [0m: [39m[0m[39m[pid=11][tid=11][id=262][SYS_FSTATAT][0m
[32m[     4.416][0m [34mINFO  [0m: [39m[0m[39m[pid=11][tid=11][id=262][SYS_FSTATAT][0m
[32m[     4.417][0m [34mINFO  [0m: [39m[0m[39m[pid=11][tid=11][id=13][SYS_RT_SIGACTION][0m
[32m[     4.418][0m [34mINFO  [0m: [39m[0m[39m[pid=11][tid=11][id=13][SYS_RT_SIGACTION][0m
[32m[     4.419][0m [34mINFO  [0m: [39m[0m[39m[pid=11][tid=11][id=13][SYS_RT_SIGACTION][0m
[32m[     4.420][0m [34mINFO  [0m: [39m[0m[39m[pid=11][tid=11][id=13][SYS_RT_SIGACTION][0m
[32m[     4.421][0m [34mINFO  [0m: [39m[0m[39m[pid=11][tid=11][id=13][SYS_RT_SIGACTION][0m
[32m[     4.422][0m [34mINFO  [0m: [39m[0m[39m[pid=11][tid=11][id=262][SYS_FSTATAT][0m
[32m[     4.423][0m [34mINFO  [0m: [39m[0m[39m[pid=11][tid=11][id=59][SYS_EXECVE][0m
[32m[     4.425][0m [34mINFO  [0m: [39m[0m[39m[pid=11][tid=11][id=12][SYS_BRK][0m
[32m[     4.426][0m [34mINFO  [0m: [39m[0m[39m[pid=11][tid=11][id=9][SYS_MMAP][0m
[32m[     4.427][0m [34mINFO  [0m: [39m[0m[39m[pid=11][tid=11][id=21][SYS_ACCESS][0m
[32m[     4.428][0m [34mINFO  [0m: [39m[0m[39m[pid=11][tid=11][id=257][SYS_OPENAT][0m
[32m[     4.429][0m [34mINFO  [0m: [39m[0m[39m[pid=11][tid=11][id=262][SYS_FSTATAT][0m
[32m[     4.430][0m [34mINFO  [0m: [39m[0m[39m[pid=11][tid=11][id=257][SYS_OPENAT][0m
[32m[     4.431][0m [34mINFO  [0m: [39m[0m[39m[pid=11][tid=11][id=262][SYS_FSTATAT][0m
[32m[     4.432][0m [34mINFO  [0m: [39m[0m[39m[pid=11][tid=11][id=257][SYS_OPENAT][0m
[32m[     4.433][0m [34mINFO  [0m: [39m[0m[39m[pid=11][tid=11][id=0][SYS_READ][0m
[32m[     4.434][0m [34mINFO  [0m: [39m[0m[39m[pid=11][tid=11][id=5][SYS_FSTAT][0m
[32m[     4.435][0m [34mINFO  [0m: [39m[0m[39m[pid=11][tid=11][id=9][SYS_MMAP][0m
[32m[     4.436][0m [34mINFO  [0m: [39m[0m[39m[pid=11][tid=11][id=9][SYS_MMAP][0m
[32m[     4.437][0m [34mINFO  [0m: [39m[0m[39m[pid=11][tid=11][id=9][SYS_MMAP][0m
[32m[     4.438][0m [34mINFO  [0m: [39m[0m[39m[pid=11][tid=11][id=9][SYS_MMAP][0m
[32m[     4.439][0m [34mINFO  [0m: [39m[0m[39m[pid=11][tid=11][id=3][SYS_CLOSE][0m
[32m[     4.440][0m [34mINFO  [0m: [39m[0m[39m[pid=11][tid=11][id=257][SYS_OPENAT][0m
[32m[     4.441][0m [34mINFO  [0m: [39m[0m[39m[pid=11][tid=11][id=0][SYS_READ][0m
[32m[     4.442][0m [34mINFO  [0m: [39m[0m[39m[pid=11][tid=11][id=5][SYS_FSTAT][0m
[32m[     4.443][0m [34mINFO  [0m: [39m[0m[39m[pid=11][tid=11][id=9][SYS_MMAP][0m
[32m[     4.444][0m [34mINFO  [0m: [39m[0m[39m[pid=11][tid=11][id=9][SYS_MMAP][0m
[32m[     4.445][0m [34mINFO  [0m: [39m[0m[39m[pid=11][tid=11][id=9][SYS_MMAP][0m
[32m[     4.446][0m [34mINFO  [0m: [39m[0m[39m[pid=11][tid=11][id=9][SYS_MMAP][0m
[32m[     4.447][0m [34mINFO  [0m: [39m[0m[39m[pid=11][tid=11][id=9][SYS_MMAP][0m
[32m[     4.448][0m [34mINFO  [0m: [39m[0m[39m[pid=11][tid=11][id=3][SYS_CLOSE][0m
[32m[     4.449][0m [34mINFO  [0m: [39m[0m[39m[pid=11][tid=11][id=257][SYS_OPENAT][0m
[32m[     4.450][0m [34mINFO  [0m: [39m[0m[39m[pid=11][tid=11][id=0][SYS_READ][0m
[32m[     4.451][0m [34mINFO  [0m: [39m[0m[39m[pid=11][tid=11][id=17][SYS_PREAD64][0m
[32m[     4.452][0m [34mINFO  [0m: [39m[0m[39m[pid=11][tid=11][id=5][SYS_FSTAT][0m
[32m[     4.453][0m [34mINFO  [0m: [39m[0m[39m[pid=11][tid=11][id=17][SYS_PREAD64][0m
[32m[     4.454][0m [34mINFO  [0m: [39m[0m[39m[pid=11][tid=11][id=9][SYS_MMAP][0m
[32m[     4.455][0m [34mINFO  [0m: [39m[0m[39m[pid=11][tid=11][id=9][SYS_MMAP][0m
[32m[     4.456][0m [34mINFO  [0m: [39m[0m[39m[pid=11][tid=11][id=9][SYS_MMAP][0m
[32m[     4.457][0m [34mINFO  [0m: [39m[0m[39m[pid=11][tid=11][id=9][SYS_MMAP][0m
[32m[     4.458][0m [34mINFO  [0m: [39m[0m[39m[pid=11][tid=11][id=9][SYS_MMAP][0m
[32m[     4.459][0m [34mINFO  [0m: [39m[0m[39m[pid=11][tid=11][id=3][SYS_CLOSE][0m
[32m[     4.460][0m [34mINFO  [0m: [39m[0m[39m[pid=11][tid=11][id=9][SYS_MMAP][0m
[32m[     4.461][0m [34mINFO  [0m: [39m[0m[39m[pid=11][tid=11][id=158][SYS_ARCH_PRCTL][0m
[32m[     4.462][0m [34mINFO  [0m: [39m[0m[39m[pid=11][tid=11][id=218][SYS_SET_TID_ADDRESS][0m
[32m[     4.463][0m [34mINFO  [0m: [39m[0m[39m[pid=11][tid=11][id=273][SYS_SET_ROBUST_LIST][0m
[32m[     4.464][0m [93mWARN  [0m: [39m[0m[39mUnimplemented syscall number: 334[0m
[32m[     4.465][0m [34mINFO  [0m: [39m[0m[39m[pid=11][tid=11][id=10][SYS_MPROTECT][0m
[32m[     4.466][0m [34mINFO  [0m: [39m[0m[39m[pid=11][tid=11][id=10][SYS_MPROTECT][0m
[32m[     4.467][0m [34mINFO  [0m: [39m[0m[39m[pid=11][tid=11][id=10][SYS_MPROTECT][0m
[32m[     4.468][0m [34mINFO  [0m: [39m[0m[39m[pid=11][tid=11][id=10][SYS_MPROTECT][0m
[32m[     4.469][0m [34mINFO  [0m: [39m[0m[39m[pid=11][tid=11][id=10][SYS_MPROTECT][0m
[32m[     4.470][0m [34mINFO  [0m: [39m[0m[39m[pid=11][tid=11][id=302][SYS_PRLIMIT64][0m
[32m[     4.471][0m [34mINFO  [0m: [39m[0m[39m[pid=11][tid=11][id=318][SYS_GETRANDOM][0m
[32m[     4.472][0m [34mINFO  [0m: [39m[0m[39m[pid=11][tid=11][id=102][SYS_GETUID][0m
[32m[     4.473][0m [34mINFO  [0m: [39m[0m[39m[pid=11][tid=11][id=12][SYS_BRK][0m
[32m[     4.474][0m [34mINFO  [0m: [39m[0m[39m[pid=11][tid=11][id=12][SYS_BRK][0m
[32m[     4.475][0m [34mINFO  [0m: [39m[0m[39m[pid=11][tid=11][id=39][SYS_GETPID][0m
[32m[     4.476][0m [34mINFO  [0m: [39m[0m[39m[pid=11][tid=11][id=13][SYS_RT_SIGACTION][0m
[32m[     4.477][0m [34mINFO  [0m: [39m[0m[39m[pid=11][tid=11][id=110][SYS_GETPPID][0m
[32m[     4.478][0m [34mINFO  [0m: [39m[0m[39m[pid=11][tid=11][id=63][SYS_UNAME][0m
[32m[     4.479][0m [34mINFO  [0m: [39m[0m[39m[pid=11][tid=11][id=262][SYS_FSTATAT][0m
[32m[     4.480][0m [34mINFO  [0m: [39m[0m[39m[pid=11][tid=11][id=262][SYS_FSTATAT][0m
[32m[     4.481][0m [34mINFO  [0m: [39m[0m[39m[pid=11][tid=11][id=16][SYS_IOCTL][0m
[32m[     4.482][0m [34mINFO  [0m: [39m[0m[39m[pid=11][tid=11][id=16][SYS_IOCTL][0m
[32m[     4.483][0m [34mINFO  [0m: [39m[0m[39m[pid=11][tid=11][id=13][SYS_RT_SIGACTION][0m
[32m[     4.484][0m [34mINFO  [0m: [39m[0m[39m[pid=11][tid=11][id=13][SYS_RT_SIGACTION][0m
[32m[     4.485][0m [34mINFO  [0m: [39m[0m[39m[pid=11][tid=11][id=13][SYS_RT_SIGACTION][0m
[32m[     4.486][0m [34mINFO  [0m: [39m[0m[39m[pid=11][tid=11][id=13][SYS_RT_SIGACTION][0m
[32m[     4.487][0m [34mINFO  [0m: [39m[0m[39m[pid=11][tid=11][id=13][SYS_RT_SIGACTION][0m
[32m[     4.488][0m [34mINFO  [0m: [39m[0m[39m[pid=11][tid=11][id=13][SYS_RT_SIGACTION][0m
[32m[     4.489][0m [34mINFO  [0m: [39m[0m[39m[pid=11][tid=11][id=257][SYS_OPENAT][0m
[32m[     4.490][0m [34mINFO  [0m: [39m[0m[39m[pid=11][tid=11][id=72][SYS_FCNTL][0m
[32m[     4.491][0m [34mINFO  [0m: [39m[0m[39m[pid=11][tid=11][id=3][SYS_CLOSE][0m
[32m[     4.492][0m [34mINFO  [0m: [39m[0m[39m[pid=11][tid=11][id=16][SYS_IOCTL][0m
[32m[     4.493][0m [34mINFO  [0m: [39m[0m[39m[pid=11][tid=11][id=111][SYS_GETPGRP][0m
[32m[     4.494][0m [34mINFO  [0m: [39m[0m[39m[pid=11][tid=11][id=13][SYS_RT_SIGACTION][0m
[32m[     4.495][0m [34mINFO  [0m: [39m[0m[39m[pid=11][tid=11][id=13][SYS_RT_SIGACTION][0m
[32m[     4.496][0m [34mINFO  [0m: [39m[0m[39m[pid=11][tid=11][id=13][SYS_RT_SIGACTION][0m
[32m[     4.497][0m [34mINFO  [0m: [39m[0m[39m[pid=11][tid=11][id=13][SYS_RT_SIGACTION][0m
[32m[     4.498][0m [34mINFO  [0m: [39m[0m[39m[pid=11][tid=11][id=13][SYS_RT_SIGACTION][0m
[32m[     4.499][0m [34mINFO  [0m: [39m[0m[39m[pid=11][tid=11][id=109][SYS_SETPGID][0m
[32m[     4.500][0m [34mINFO  [0m: [39m[0m[39m[pid=11][tid=11][id=16][SYS_IOCTL][0m
[32m[     4.501][0m [34mINFO  [0m: [39m[0m[39m[pid=11][tid=11][id=257][SYS_OPENAT][0m
[32m[     4.502][0m [34mINFO  [0m: [39m[0m[39m[pid=11][tid=11][id=72][SYS_FCNTL][0m
[32m[     4.503][0m [34mINFO  [0m: [39m[0m[39m[pid=11][tid=11][id=3][SYS_CLOSE][0m
[32m[     4.504][0m [34mINFO  [0m: [39m[0m[39m[pid=11][tid=11][id=0][SYS_READ][0m
[32m[     4.505][0m [34mINFO  [0m: [39m[0m[39m[pid=11][tid=11][id=262][SYS_FSTATAT][0m
[32m[     4.506][0m [34mINFO  [0m: [39m[0m[39m[pid=11][tid=11][id=0][SYS_READ][0m
[32m[     4.507][0m [34mINFO  [0m: [39m[0m[39m[pid=11][tid=11][id=3][SYS_CLOSE][0m
[32m[     4.508][0m [34mINFO  [0m: [39m[0m[39m[pid=11][tid=11][id=257][SYS_OPENAT][0m
[32m[     4.509][0m [34mINFO  [0m: [39m[0m[39m[pid=11][tid=11][id=262][SYS_FSTATAT][0m
[32m[     4.510][0m [34mINFO  [0m: [39m[0m[39m[pid=11][tid=11][id=16][SYS_IOCTL][0m
[32m[     4.511][0m [34mINFO  [0m: [39m[0m[39m[pid=11][tid=11][id=257][SYS_OPENAT][0m
[32m[     4.512][0m [34mINFO  [0m: [39m[0m[39m[pid=11][tid=11][id=16][SYS_IOCTL][0m
[32m[     4.513][0m [34mINFO  [0m: [39m[0m[39m[pid=11][tid=11][id=16][SYS_IOCTL][0m
[32m[     4.514][0m [34mINFO  [0m: [39m[0m[39m[pid=11][tid=11][id=107][SYS_GETEUID][0m
[32m[     4.515][0m [34mINFO  [0m: [39m[0m[39m[pid=11][tid=11][id=5][SYS_FSTAT][0m
[32m[     4.516][0m [34mINFO  [0m: [39m[0m[39m[pid=11][tid=11][id=13][SYS_RT_SIGACTION][0m
[32m[     4.517][0m [34mINFO  [0m: [39m[0m[39m[pid=11][tid=11][id=1][SYS_WRITE][0m
[32m[     4.518][0m [34mINFO  [0m: [39m[0m[39m[pid=11][tid=11][id=7][SYS_POLL][0m
[32m[     4.519][0m [34mINFO  [0m: [39m[0m[39m[pid=10][tid=10][id=0][SYS_READ][0m
[32m[     4.520][0m [34mINFO  [0m: [39m[0m[39m[pid=10][tid=10][id=1][SYS_WRITE][0m
~ # [32m[     4.521][